Component: ARM Compiler 5.06 update 5 (build 528) Tool: armlink [4d35e2]

==============================================================================

Section Cross References

    system_stm32f4xx.o(i.SystemCoreClockUpdate) refers to system_stm32f4xx.o(.data) for SystemCoreClock
    system_stm32f4xx.o(i.SystemInit) refers to system_stm32f4xx.o(i.SetSysClock) for SetSysClock
    main.o(i.TIM2_IRQHandler) refers to stm32f4xx_tim.o(i.TIM_GetITStatus) for TIM_GetITStatus
    main.o(i.TIM2_IRQHandler) refers to key.o(i.Key_Tick) for Key_Tick
    main.o(i.TIM2_IRQHandler) refers to stm32f4xx_tim.o(i.TIM_ClearITPendingBit) for TIM_ClearITPendingBit
    main.o(i.TIM2_IRQHandler) refers to timer.o(.data) for sys_millis
    main.o(i.main) refers to board.o(i.board_init) for board_init
    main.o(i.main) refers to led.o(i.LED_init) for LED_init
    main.o(i.main) refers to key.o(i.Key_Init) for Key_Init
    main.o(i.main) refers to timer.o(i.Timer2_Init) for Timer2_Init
    main.o(i.main) refers to serial.o(i.Serial1_Init) for Serial1_Init
    main.o(i.main) refers to adc.o(i.TemAndVol_ADC_Config) for TemAndVol_ADC_Config
    main.o(i.main) refers to motor.o(i.Motor_Init) for Motor_Init
    main.o(i.main) refers to adc.o(i.ADC_DMA_Init) for ADC_DMA_Init
    main.o(i.main) refers to w25qxx.o(i.W25QXX_Init) for W25QXX_Init
    main.o(i.main) refers to asr.o(i.ASR_Init) for ASR_Init
    main.o(i.main) refers to motor.o(i.Motor_ModeSwitch) for Motor_ModeSwitch
    main.o(i.main) refers to motor.o(i.Motor_Control) for Motor_Control
    main.o(i.main) refers to buletooth_show.o(i.Bluetooth_SendParameters) for Bluetooth_SendParameters
    main.o(i.main) refers to board.o(i.delay_ms) for delay_ms
    startup_stm32f40xx.o(RESET) refers to startup_stm32f40xx.o(STACK) for __initial_sp
    startup_stm32f40xx.o(RESET) refers to startup_stm32f40xx.o(.text) for Reset_Handler
    startup_stm32f40xx.o(RESET) refers to main.o(i.TIM2_IRQHandler) for TIM2_IRQHandler
    startup_stm32f40xx.o(RESET) refers to serial.o(i.USART1_IRQHandler) for USART1_IRQHandler
    startup_stm32f40xx.o(RESET) refers to adc.o(i.DMA2_Stream0_IRQHandler) for DMA2_Stream0_IRQHandler
    startup_stm32f40xx.o(.text) refers to system_stm32f4xx.o(i.SystemInit) for SystemInit
    startup_stm32f40xx.o(.text) refers to entry.o(.ARM.Collect$$$$00000000) for __main
    led.o(i.LED1_OFF) refers to stm32f4xx_gpio.o(i.GPIO_SetBits) for GPIO_SetBits
    led.o(i.LED1_ON) refers to stm32f4xx_gpio.o(i.GPIO_ResetBits) for GPIO_ResetBits
    led.o(i.LED1_Turn) refers to stm32f4xx_gpio.o(i.GPIO_ReadInputDataBit) for GPIO_ReadInputDataBit
    led.o(i.LED1_Turn) refers to stm32f4xx_gpio.o(i.GPIO_ResetBits) for GPIO_ResetBits
    led.o(i.LED1_Turn) refers to stm32f4xx_gpio.o(i.GPIO_SetBits) for GPIO_SetBits
    led.o(i.LED2_OFF) refers to stm32f4xx_gpio.o(i.GPIO_SetBits) for GPIO_SetBits
    led.o(i.LED2_ON) refers to stm32f4xx_gpio.o(i.GPIO_ResetBits) for GPIO_ResetBits
    led.o(i.LED2_Turn) refers to stm32f4xx_gpio.o(i.GPIO_ReadInputDataBit) for GPIO_ReadInputDataBit
    led.o(i.LED2_Turn) refers to stm32f4xx_gpio.o(i.GPIO_ResetBits) for GPIO_ResetBits
    led.o(i.LED2_Turn) refers to stm32f4xx_gpio.o(i.GPIO_SetBits) for GPIO_SetBits
    led.o(i.LED_init) refers to stm32f4xx_rcc.o(i.RCC_AHB1PeriphClockCmd) for RCC_AHB1PeriphClockCmd
    led.o(i.LED_init) refers to stm32f4xx_gpio.o(i.GPIO_Init) for GPIO_Init
    led.o(i.LED_init) refers to stm32f4xx_gpio.o(i.GPIO_SetBits) for GPIO_SetBits
    serial.o(i.Serial1_Init) refers to stm32f4xx_rcc.o(i.RCC_AHB1PeriphClockCmd) for RCC_AHB1PeriphClockCmd
    serial.o(i.Serial1_Init) refers to stm32f4xx_gpio.o(i.GPIO_PinAFConfig) for GPIO_PinAFConfig
    serial.o(i.Serial1_Init) refers to stm32f4xx_gpio.o(i.GPIO_StructInit) for GPIO_StructInit
    serial.o(i.Serial1_Init) refers to stm32f4xx_gpio.o(i.GPIO_Init) for GPIO_Init
    serial.o(i.Serial1_Init) refers to stm32f4xx_rcc.o(i.RCC_APB2PeriphClockCmd) for RCC_APB2PeriphClockCmd
    serial.o(i.Serial1_Init) refers to stm32f4xx_usart.o(i.USART_DeInit) for USART_DeInit
    serial.o(i.Serial1_Init) refers to stm32f4xx_usart.o(i.USART_StructInit) for USART_StructInit
    serial.o(i.Serial1_Init) refers to stm32f4xx_usart.o(i.USART_Init) for USART_Init
    serial.o(i.Serial1_Init) refers to stm32f4xx_usart.o(i.USART_ClearFlag) for USART_ClearFlag
    serial.o(i.Serial1_Init) refers to stm32f4xx_usart.o(i.USART_Cmd) for USART_Cmd
    serial.o(i.Serial1_Init) refers to stm32f4xx_usart.o(i.USART_ITConfig) for USART_ITConfig
    serial.o(i.Serial1_Init) refers to misc.o(i.NVIC_PriorityGroupConfig) for NVIC_PriorityGroupConfig
    serial.o(i.Serial1_Init) refers to misc.o(i.NVIC_Init) for NVIC_Init
    serial.o(i.Serial_Printf) refers to printfa.o(i.__0vsprintf) for vsprintf
    serial.o(i.Serial_Printf) refers to serial.o(i.Serial_SendString) for Serial_SendString
    serial.o(i.Serial_SendArray) refers to serial.o(i.Serial_SendByte) for Serial_SendByte
[...]
    i.Motor_KeyControl                       0x08003a84   Section        0  motor.o(i.Motor_KeyControl)
    i.Motor_ModeSwitch                       0x08003ae0   Section        0  motor.o(i.Motor_ModeSwitch)
    i.Motor_SetSpeed                         0x08003b50   Section        0  motor.o(i.Motor_SetSpeed)
    i.Motor_TempControl                      0x08003b5c   Section        0  motor.o(i.Motor_TempControl)
    i.Motor_VoiceControl                     0x08003b8c   Section        0  motor.o(i.Motor_VoiceControl)
    i.NTC_GetResistance                      0x08003c0c   Section        0  buletooth_show.o(i.NTC_GetResistance)
    i.NTC_GetTemperature                     0x08003c50   Section        0  buletooth_show.o(i.NTC_GetTemperature)
    i.NVIC_Init                              0x08003cc0   Section        0  misc.o(i.NVIC_Init)
    i.NVIC_PriorityGroupConfig               0x08003d38   Section        0  misc.o(i.NVIC_PriorityGroupConfig)
    i.PWM_TIM3_Init                          0x08003d4c   Section        0  pwm.o(i.PWM_TIM3_Init)
    i.PWM_TIM3_SetDuty                       0x08003df0   Section        0  pwm.o(i.PWM_TIM3_SetDuty)
    i.RCC_AHB1PeriphClockCmd                 0x08003e18   Section        0  stm32f4xx_rcc.o(i.RCC_AHB1PeriphClockCmd)
    i.RCC_APB1PeriphClockCmd                 0x08003e38   Section        0  stm32f4xx_rcc.o(i.RCC_APB1PeriphClockCmd)
    i.RCC_APB1PeriphResetCmd                 0x08003e58   Section        0  stm32f4xx_rcc.o(i.RCC_APB1PeriphResetCmd)
    i.RCC_APB2PeriphClockCmd                 0x08003e78   Section        0  stm32f4xx_rcc.o(i.RCC_APB2PeriphClockCmd)
    i.RCC_APB2PeriphResetCmd                 0x08003e98   Section        0  stm32f4xx_rcc.o(i.RCC_APB2PeriphResetCmd)
    i.RCC_GetClocksFreq                      0x08003eb8   Section        0  stm32f4xx_rcc.o(i.RCC_GetClocksFreq)
    i.Recognition                            0x08003fa0   Section        0  asr.o(i.Recognition)
    i.SPI1_Init                              0x08004020   Section        0  spi.o(i.SPI1_Init)
    i.SPI1_ReadWriteByte                     0x080040cc   Section        0  spi.o(i.SPI1_ReadWriteByte)
    i.SPI1_SetSpeed                          0x08004120   Section        0  spi.o(i.SPI1_SetSpeed)
    i.SPI_Cmd                                0x08004148   Section        0  stm32f4xx_spi.o(i.SPI_Cmd)
    i.SPI_I2S_GetFlagStatus                  0x08004160   Section        0  stm32f4xx_spi.o(i.SPI_I2S_GetFlagStatus)
    i.SPI_I2S_ReceiveData                    0x08004172   Section        0  stm32f4xx_spi.o(i.SPI_I2S_ReceiveData)
    i.SPI_I2S_SendData                       0x08004178   Section        0  stm32f4xx_spi.o(i.SPI_I2S_SendData)
    i.SPI_Init                               0x0800417c   Section        0  stm32f4xx_spi.o(i.SPI_Init)
    i.Serial1_Init                           0x080041b8   Section        0  serial.o(i.Serial1_Init)
    i.SetSysClock                            0x080042c0   Section        0  system_stm32f4xx.o(i.SetSysClock)
    SetSysClock                              0x080042c1   Thumb Code   220  system_stm32f4xx.o(i.SetSysClock)
    i.SysTick_CLKSourceConfig                0x080043ac   Section        0  misc.o(i.SysTick_CLKSourceConfig)
    i.SystemInit                             0x080043d4   Section        0  system_stm32f4xx.o(i.SystemInit)
    i.TIM2_IRQHandler                        0x0800443c   Section        0  main.o(i.TIM2_IRQHandler)
    i.TIM_ARRPreloadConfig                   0x08004468   Section        0  stm32f4xx_tim.o(i.TIM_ARRPreloadConfig)
    i.TIM_ClearFlag                          0x08004480   Section        0  stm32f4xx_tim.o(i.TIM_ClearFlag)
    i.TIM_ClearITPendingBit                  0x08004486   Section        0  stm32f4xx_tim.o(i.TIM_ClearITPendingBit)
    i.TIM_Cmd                                0x0800448c   Section        0  stm32f4xx_tim.o(i.TIM_Cmd)
    i.TIM_GetITStatus                        0x080044a4   Section        0  stm32f4xx_tim.o(i.TIM_GetITStatus)
    i.TIM_ITConfig                           0x080044c6   Section        0  stm32f4xx_tim.o(i.TIM_ITConfig)
    i.TIM_InternalClockConfig                0x080044d8   Section        0  stm32f4xx_tim.o(i.TIM_InternalClockConfig)
    i.TIM_OC3Init                            0x080044e4   Section        0  stm32f4xx_tim.o(i.TIM_OC3Init)
    i.TIM_OC3PreloadConfig                   0x08004584   Section        0  stm32f4xx_tim.o(i.TIM_OC3PreloadConfig)
    i.TIM_OC4Init                            0x08004598   Section        0  stm32f4xx_tim.o(i.TIM_OC4Init)
    i.TIM_OC4PreloadConfig                   0x08004610   Section        0  stm32f4xx_tim.o(i.TIM_OC4PreloadConfig)
    i.TIM_SelectOutputTrigger                0x0800462a   Section        0  stm32f4xx_tim.o(i.TIM_SelectOutputTrigger)
    i.TIM_SetCompare3                        0x0800463c   Section        0  stm32f4xx_tim.o(i.TIM_SetCompare3)
    i.TIM_SetCounter                         0x08004640   Section        0  stm32f4xx_tim.o(i.TIM_SetCounter)
    i.TIM_TimeBaseInit                       0x08004644   Section        0  stm32f4xx_tim.o(i.TIM_TimeBaseInit)
    i.TemAndVol_ADC_Config                   0x080046c8   Section        0  adc.o(i.TemAndVol_ADC_Config)
    i.Timer2_Init                            0x08004748   Section        0  timer.o(i.Timer2_Init)
    i.USART1_IRQHandler                      0x080047c0   Section        0  serial.o(i.USART1_IRQHandler)
    i.USART_ClearFlag                        0x080047ec   Section        0  stm32f4xx_usart.o(i.USART_ClearFlag)
    i.USART_ClearITPendingBit                0x080047fe   Section        0  stm32f4xx_usart.o(i.USART_ClearITPendingBit)
    i.USART_Cmd                              0x0800481c   Section        0  stm32f4xx_usart.o(i.USART_Cmd)
    i.USART_DeInit                           0x08004834   Section        0  stm32f4xx_usart.o(i.USART_DeInit)
    i.USART_GetFlagStatus                    0x08004924   Section        0  stm32f4xx_usart.o(i.USART_GetFlagStatus)
    i.USART_GetITStatus                      0x0800493e   Section        0  stm32f4xx_usart.o(i.USART_GetITStatus)
    i.USART_ITConfig                         0x08004992   Section        0  stm32f4xx_usart.o(i.USART_ITConfig)
    i.USART_Init                             0x080049dc   Section        0  stm32f4xx_usart.o(i.USART_Init)
    i.USART_ReceiveData                      0x08004ab0   Section        0  stm32f4xx_usart.o(i.USART_ReceiveData)
    i.USART_SendData                         0x08004aba   Section        0  stm32f4xx_usart.o(i.USART_SendData)
    i.USART_StructInit                       0x08004ac2   Section        0  stm32f4xx_usart.o(i.USART_StructInit)
    i.W25QXX_Init                            0x08004adc   Section        0  w25qxx.o(i.W25QXX_Init)
    i.W25QXX_ReadID                          0x08004bac   Section        0  w25qxx.o(i.W25QXX_ReadID)
    i.__0printf                              0x08004bf8   Section        0  printfa.o(i.__0printf)
    i.__ARM_fpclassifyf                      0x08004c18   Section        0  fpclassifyf.o(i.__ARM_fpclassifyf)
    i.__hardfp_expf                          0x08004c40   Section        0  expf.o(i.__hardfp_expf)
    i.__hardfp_log10f                        0x08004e28   Section        0  log10f.o(i.__hardfp_log10f)
    i.__hardfp_logf                          0x08004fa8   Section        0  logf.o(i.__hardfp_logf)
    i.__hardfp_sqrtf                         0x08005114   Section        0  sqrtf_full.o(i.__hardfp_sqrtf)
    i.__mathlib_flt_divzero                  0x08005150   Section        0  funder.o(i.__mathlib_flt_divzero)
    i.__mathlib_flt_infnan                   0x08005164   Section        0  funder.o(i.__mathlib_flt_infnan)
    i.__mathlib_flt_invalid                  0x0800516c   Section        0  funder.o(i.__mathlib_flt_invalid)
    i.__mathlib_flt_overflow                 0x0800517c   Section        0  funder.o(i.__mathlib_flt_overflow)
    i.__mathlib_flt_underflow                0x0800518c   Section        0  funder.o(i.__mathlib_flt_underflow)
    i.__scatterload_copy                     0x0800519c   Section       14  handlers.o(i.__scatterload_copy)
    i.__scatterload_null                     0x080051aa   Section        2  handlers.o(i.__scatterload_null)
    i.__scatterload_zeroinit                 0x080051ac   Section       14  handlers.o(i.__scatterload_zeroinit)
    i.__set_errno                            0x080051bc   Section        0  errno.o(i.__set_errno)
    i._fp_digits                             0x080051c8   Section        0  printfa.o(i._fp_digits)
    _fp_digits                               0x080051c9   Thumb Code   366  printfa.o(i._fp_digits)
    i._printf_core                           0x0800534c   Section        0  printfa.o(i._printf_core)
    _printf_core                             0x0800534d   Thumb Code  1744  printfa.o(i._printf_core)
    i._printf_post_padding                   0x08005a28   Section        0  printfa.o(i._printf_post_padding)
    _printf_post_padding                     0x08005a29   Thumb Code    36  printfa.o(i._printf_post_padding)
    i._printf_pre_padding                    0x08005a4c   Section        0  printfa.o(i._printf_pre_padding)
    _printf_pre_padding                      0x08005a4d   Thumb Code    46  printfa.o(i._printf_pre_padding)
    i.apply_relu                             0x08005a7c   Section        0  asr_cnn.o(i.apply_relu)
    apply_relu                               0x08005a7d   Thumb Code    44  asr_cnn.o(i.apply_relu)
    i.batch_normalization                    0x08005aac   Section        0  asr_cnn.o(i.batch_normalization)
    batch_normalization                      0x08005aad   Thumb Code   132  asr_cnn.o(i.batch_normalization)
    i.board_init                             0x08005b30   Section        0  board.o(i.board_init)
    i.delay_ms                               0x08005b5c   Section        0  board.o(i.delay_ms)
    i.delay_us                               0x08005b70   Section        0  board.o(i.delay_us)
    i.dense_layer                            0x08005bc4   Section        0  asr_cnn.o(i.dense_layer)
    dense_layer                              0x08005bc5   Thumb Code   126  asr_cnn.o(i.dense_layer)
    i.fputc                                  0x08005c44   Section        0  serial.o(i.fputc)
    i.main                                   0x08005c68   Section        0  main.o(i.main)
    i.softmax                                0x08005cac   Section        0  asr_cnn.o(i.softmax)
    softmax                                  0x08005cad   Thumb Code   132  asr_cnn.o(i.softmax)
    .constdata                               0x08005d34   Section     6142  asr.o(.constdata)
    .constdata                               0x08007534   Section    152972  speech_model.o(.constdata)
    .constdata                               0x0802cac0   Section      128  arm_common_tables.o(.constdata)
    .constdata                               0x0802cb40   Section      256  arm_common_tables.o(.constdata)
    .constdata                               0x0802cc40   Section      512  arm_common_tables.o(.constdata)
    .constdata                               0x0802ce40   Section     1024  arm_common_tables.o(.constdata)
    .constdata                               0x0802d240   Section     2048  arm_common_tables.o(.constdata)
    .constdata                               0x0802da40   Section     4096  arm_common_tables.o(.constdata)
    .constdata                               0x0802ea40   Section     8192  arm_common_tables.o(.constdata)
    .constdata                               0x08030a40   Section    16384  arm_common_tables.o(.constdata)
    .constdata                               0x08034a40   Section       40  arm_common_tables.o(.constdata)
    .constdata                               0x08034a68   Section       96  arm_common_tables.o(.constdata)
    .constdata                               0x08034ac8   Section      112  arm_common_tables.o(.constdata)
    .constdata                               0x08034b38   Section      416  arm_common_tables.o(.constdata)
    .constdata                               0x08034cd8   Section      880  arm_common_tables.o(.constdata)
    .constdata                               0x08035048   Section      896  arm_common_tables.o(.constdata)
    .constdata                               0x080353c8   Section     3600  arm_common_tables.o(.constdata)
    .constdata                               0x080361d8   Section     7616  arm_common_tables.o(.constdata)
    .constdata                               0x08037f98   Section      128  arm_common_tables.o(.constdata)
    .constdata                               0x08038018   Section      256  arm_common_tables.o(.constdata)
    .constdata                               0x08038118   Section      512  arm_common_tables.o(.constdata)
    .constdata                               0x08038318   Section     1024  arm_common_tables.o(.constdata)
    .constdata                               0x08038718   Section     2048  arm_common_tables.o(.constdata)
    .constdata                               0x08038f18   Section     4096  arm_common_tables.o(.constdata)
    .constdata                               0x08039f18   Section     8192  arm_common_tables.o(.constdata)
    .constdata                               0x0803bf18   Section    16384  arm_common_tables.o(.constdata)
    .constdata                               0x0803ff18   Section     2052  arm_common_tables.o(.constdata)
    .constdata                               0x0804071c   Section       48  expf.o(.constdata)
    twotokover4top                           0x0804071c   Data          16  expf.o(.constdata)
    twotokover4bot                           0x0804072c   Data          16  expf.o(.constdata)
    twotokover4all                           0x0804073c   Data          16  expf.o(.constdata)
    .constdata                               0x0804074c   Section       64  log10f.o(.constdata)
    logahi                                   0x0804074c   Data          32  log10f.o(.constdata)
    logalo                                   0x0804076c   Data          32  log10f.o(.constdata)
    .constdata                               0x0804078c   Section       64  logf.o(.constdata)
    logahi                                   0x0804078c   Data          32  logf.o(.constdata)
    logalo                                   0x080407ac   Data          32  logf.o(.constdata)
    .conststring                             0x080407cc   Section       13  speech_model.o(.conststring)
    .data                                    0x20000000   Section       20  system_stm32f4xx.o(.data)
    .data                                    0x20000014   Section        4  adc.o(.data)
    print_index                              0x20000016   Data           2  adc.o(.data)
    .data                                    0x20000018   Section        6  key.o(.data)
    Key1_State                               0x20000019   Data           1  key.o(.data)
    Key2_State                               0x2000001a   Data           1  key.o(.data)
    Count                                    0x2000001b   Data           1  key.o(.data)
    CurrState                                0x2000001c   Data           1  key.o(.data)
    PrevState                                0x2000001d   Data           1  key.o(.data)
    .data                                    0x20000020   Section        4  timer.o(.data)
    .data                                    0x20000024   Section        5  asr.o(.data)
    .data                                    0x2000002a   Section        2  w25qxx.o(.data)
    .data                                    0x2000002c   Section       12  speech_model.o(.data)
    .data                                    0x20000038   Section        2  motor.o(.data)
    current_speed_level                      0x20000038   Data           1  motor.o(.data)
    current_mode                             0x20000039   Data           1  motor.o(.data)
    .data                                    0x2000003a   Section       16  stm32f4xx_rcc.o(.data)
    APBAHBPrescTable                         0x2000003a   Data          16  stm32f4xx_rcc.o(.data)
    .data                                    0x2000004c   Section        4  stdout.o(.data)
    .data                                    0x20000050   Section        4  errno.o(.data)
    _errno                                   0x20000050   Data           4  errno.o(.data)
    .bss                                     0x20000054   Section    16000  adc.o(.bss)
    .bss                                     0x20003ed4   Section    63564  asr.o(.bss)
    features                                 0x200124d8   Data        4680  asr.o(.bss)
    .bss                                     0x20013720   Section     4884  asr_cnn.o(.bss)
    flattened_input                          0x20013720   Data        4680  asr_cnn.o(.bss)
    fc0_output                               0x20014968   Data         128  asr_cnn.o(.bss)
    fc1_output                               0x200149e8   Data          64  asr_cnn.o(.bss)
    output                                   0x20014a28   Data          12  asr_cnn.o(.bss)
    STACK                                    0x20014a38   Section     1024  startup_stm32f40xx.o(STACK)

    Global Symbols

    Symbol Name                              Value     Ov Type        Size  Object(Section)

    BuildAttributes$$THM_ISAv4$E$P$D$K$B$S$7EM$VFPi3$EXTD16$VFPS$VFMA$PE$A:L22UL41UL21$X:L11$S22US41US21$IEEE1$IW$USESV6$~STKCKD$USESV7$~SHL$OTIME$ROPI$IEEEX$EBA8$MICROLIB$REQ8$PRES8$EABIv2 0x00000000   Number         0  anon$$obj.o ABSOLUTE
    __ARM_use_no_argv                        0x00000000   Number         0  main.o ABSOLUTE
    _printf_a                                0x00000000   Number         0  stubs.o ABSOLUTE
    _printf_c                                0x00000000   Number         0  stubs.o ABSOLUTE
    _printf_charcount                        0x00000000   Number         0  stubs.o ABSOLUTE
    _printf_d                                0x00000000   Number         0  stubs.o ABSOLUTE
    _printf_e                                0x00000000   Number         0  stubs.o ABSOLUTE
    _printf_f                                0x00000000   Number         0  stubs.o ABSOLUTE
    _printf_flags                            0x00000000   Number         0  stubs.o ABSOLUTE
    _printf_fp_dec                           0x00000000   Number         0  stubs.o ABSOLUTE
    _printf_fp_hex                           0x00000000   Number         0  stubs.o ABSOLUTE
    _printf_g                                0x00000000   Number         0  stubs.o ABSOLUTE
    _printf_i                                0x00000000   Number         0  stubs.o ABSOLUTE
    _printf_int_dec                          0x00000000   Number         0  stubs.o ABSOLUTE
    _printf_l                                0x00000000   Number         0  stubs.o ABSOLUTE
    _printf_lc                               0x00000000   Number         0  stubs.o ABSOLUTE
    _printf_ll                               0x00000000   Number         0  stubs.o ABSOLUTE
    _printf_lld                              0x00000000   Number         0  stubs.o ABSOLUTE
    _printf_lli                              0x00000000   Number         0  stubs.o ABSOLUTE
    _printf_llo                              0x00000000   Number         0  stubs.o ABSOLUTE
    _printf_llu                              0x00000000   Number         0  stubs.o ABSOLUTE
    _printf_llx                              0x00000000   Number         0  stubs.o ABSOLUTE
    _printf_longlong_dec                     0x00000000   Number         0  stubs.o ABSOLUTE
    _printf_longlong_hex                     0x00000000   Number         0  stubs.o ABSOLUTE
    _printf_longlong_oct                     0x00000000   Number         0  stubs.o ABSOLUTE
    _printf_ls                               0x00000000   Number         0  stubs.o ABSOLUTE
    _printf_mbtowc                           0x00000000   Number         0  stubs.o ABSOLUTE
    _printf_n                                0x00000000   Number         0  stubs.o ABSOLUTE
    _printf_o                                0x00000000   Number         0  stubs.o ABSOLUTE
    _printf_p                                0x00000000   Number         0  stubs.o ABSOLUTE
    _printf_percent                          0x00000000   Number         0  stubs.o ABSOLUTE
    _printf_pre_padding                      0x00000000   Number         0  stubs.o ABSOLUTE
    _printf_return_value                     0x00000000   Number         0  stubs.o ABSOLUTE
    _printf_s                                0x00000000   Number         0  stubs.o ABSOLUTE
    _printf_sizespec                         0x00000000   Number         0  stubs.o ABSOLUTE
    _printf_str                              0x00000000   Number         0  stubs.o ABSOLUTE
    _printf_truncate_signed                  0x00000000   Number         0  stubs.o ABSOLUTE
    _printf_truncate_unsigned                0x00000000   Number         0  stubs.o ABSOLUTE
    _printf_u                                0x00000000   Number         0  stubs.o ABSOLUTE
    _printf_wc                               0x00000000   Number         0  stubs.o ABSOLUTE
    _printf_wctomb                           0x00000000   Number         0  stubs.o ABSOLUTE
    _printf_widthprec                        0x00000000   Number         0  stubs.o ABSOLUTE
    _printf_x                                0x00000000   Number         0  stubs.o ABSOLUTE
    __cpp_initialize__aeabi_                  - Undefined Weak Reference
    __cxa_finalize                            - Undefined Weak Reference
    __decompress                              - Undefined Weak Reference
    _clock_init                               - Undefined Weak Reference
    _microlib_exit                            - Undefined Weak Reference
    __Vectors_Size                           0x00000188   Number         0  startup_stm32f40xx.o ABSOLUTE
    __Vectors                                0x08000000   Data           4  startup_stm32f40xx.o(RESET)
    __Vectors_End                            0x08000188   Data           0  startup_stm32f40xx.o(RESET)
    arm_bitreversal_32                       0x08000189   Thumb Code   106  arm_bitreversal2.o(. text)
    arm_bitreversal_16                       0x080001f3   Thumb Code    86  arm_bitreversal2.o(. text)
    __main                                   0x08000249   Thumb Code     0  entry.o(.ARM.Collect$$$$00000000)
    _main_stk                                0x08000249   Thumb Code     0  entry2.o(.ARM.Collect$$$$00000001)
    _main_scatterload                        0x0800024d   Thumb Code     0  entry5.o(.ARM.Collect$$$$00000004)
    __main_after_scatterload                 0x08000251   Thumb Code     0  entry5.o(.ARM.Collect$$$$00000004)
    _main_clock                              0x08000251   Thumb Code     0  entry7b.o(.ARM.Collect$$$$00000008)
    _main_cpp_init                           0x08000251   Thumb Code     0  entry8b.o(.ARM.Collect$$$$0000000A)
    _main_init                               0x08000251   Thumb Code     0  entry9a.o(.ARM.Collect$$$$0000000B)
    __rt_final_cpp                           0x08000259   Thumb Code     0  entry10a.o(.ARM.Collect$$$$0000000D)
    __rt_final_exit                          0x08000259   Thumb Code     0  entry11a.o(.ARM.Collect$$$$0000000F)
    Reset_Handler                            0x0800025d   Thumb Code     8  startup_stm32f40xx.o(.text)
    NMI_Handler                              0x08000265   Thumb Code     2  startup_stm32f40xx.o(.text)
    HardFault_Handler                        0x08000267   Thumb Code     2  startup_stm32f40xx.o(.text)
    MemManage_Handler                        0x08000269   Thumb Code     2  startup_stm32f40xx.o(.text)
    BusFault_Handler                         0x0800026b   Thumb Code     2  startup_stm32f40xx.o(.text)
    UsageFault_Handler                       0x0800026d   Thumb Code     2  startup_stm32f40xx.o(.text)
    SVC_Handler                              0x0800026f   Thumb Code     2  startup_stm32f40xx.o(.text)
    DebugMon_Handler                         0x08000271   Thumb Code     2  startup_stm32f40xx.o(.text)
    PendSV_Handler                           0x08000273   Thumb Code     2  startup_stm32f40xx.o(.text)
    SysTick_Handler                          0x08000275   Thumb Code     2  startup_stm32f40xx.o(.text)
    ADC_IRQHandler                           0x08000277   Thumb Code     0  startup_stm32f40xx.o(.text)
    CAN1_RX0_IRQHandler                      0x08000277   Thumb Code     0  startup_stm32f40xx.o(.text)
    CAN1_RX1_IRQHandler                      0x08000277   Thumb Code     0  startup_stm32f40xx.o(.text)
    CAN1_SCE_IRQHandler                      0x08000277   Thumb Code     0  startup_stm32f40xx.o(.text)
    CAN1_TX_IRQHandler                       0x08000277   Thumb Code     0  startup_stm32f40xx.o(.text)
    CAN2_RX0_IRQHandler                      0x08000277   Thumb Code     0  startup_stm32f40xx.o(.text)
    CAN2_RX1_IRQHandler                      0x08000277   Thumb Code     0  startup_stm32f40xx.o(.text)
    CAN2_SCE_IRQHandler                      0x08000277   Thumb Code     0  startup_stm32f40xx.o(.text)
    CAN2_TX_IRQHandler                       0x08000277   Thumb Code     0  startup_stm32f40xx.o(.text)
    CRYP_IRQHandler                          0x08000277   Thumb Code     0  startup_stm32f40xx.o(.text)
    DCMI_IRQHandler                          0x08000277   Thumb Code     0  startup_stm32f40xx.o(.text)
    DMA1_Stream0_IRQHandler                  0x08000277   Thumb Code     0  startup_stm32f40xx.o(.text)
    DMA1_Stream1_IRQHandler                  0x08000277   Thumb Code     0  startup_stm32f40xx.o(.text)
    DMA1_Stream2_IRQHandler                  0x08000277   Thumb Code     0  startup_stm32f40xx.o(.text)
    DMA1_Stream3_IRQHandler                  0x08000277   Thumb Code     0  startup_stm32f40xx.o(.text)
    DMA1_Stream4_IRQHandler                  0x08000277   Thumb Code     0  startup_stm32f40xx.o(.text)
    DMA1_Stream5_IRQHandler                  0x08000277   Thumb Code     0  startup_stm32f40xx.o(.text)
    DMA1_Stream6_IRQHandler                  0x08000277   Thumb Code     0  startup_stm32f40xx.o(.text)
    DMA1_Stream7_IRQHandler                  0x08000277   Thumb Code     0  startup_stm32f40xx.o(.text)
    DMA2_Stream1_IRQHandler                  0x08000277   Thumb Code     0  startup_stm32f40xx.o(.text)
    DMA2_Stream2_IRQHandler                  0x08000277   Thumb Code     0  startup_stm32f40xx.o(.text)
    DMA2_Stream3_IRQHandler                  0x08000277   Thumb Code     0  startup_stm32f40xx.o(.text)
    DMA2_Stream4_IRQHandler                  0x08000277   Thumb Code     0  startup_stm32f40xx.o(.text)
    DMA2_Stream5_IRQHandler                  0x08000277   Thumb Code     0  startup_stm32f40xx.o(.text)
    DMA2_Stream6_IRQHandler                  0x08000277   Thumb Code     0  startup_stm32f40xx.o(.text)
    DMA2_Stream7_IRQHandler                  0x08000277   Thumb Code     0  startup_stm32f40xx.o(.text)
    ETH_IRQHandler                           0x08000277   Thumb Code     0  startup_stm32f40xx.o(.text)
    ETH_WKUP_IRQHandler                      0x08000277   Thumb Code     0  startup_stm32f40xx.o(.text)
    EXTI0_IRQHandler                         0x08000277   Thumb Code     0  startup_stm32f40xx.o(.text)
    EXTI15_10_IRQHandler                     0x08000277   Thumb Code     0  startup_stm32f40xx.o(.text)
    EXTI1_IRQHandler                         0x08000277   Thumb Code     0  startup_stm32f40xx.o(.text)
    EXTI2_IRQHandler                         0x08000277   Thumb Code     0  startup_stm32f40xx.o(.text)
    EXTI3_IRQHandler                         0x08000277   Thumb Code     0  startup_stm32f40xx.o(.text)
    EXTI4_IRQHandler                         0x08000277   Thumb Code     0  startup_stm32f40xx.o(.text)
    EXTI9_5_IRQHandler                       0x08000277   Thumb Code     0  startup_stm32f40xx.o(.text)
    FLASH_IRQHandler                         0x08000277   Thumb Code     0  startup_stm32f40xx.o(.text)
    FPU_IRQHandler                           0x08000277   Thumb Code     0  startup_stm32f40xx.o(.text)
    FSMC_IRQHandler                          0x08000277   Thumb Code     0  startup_stm32f40xx.o(.text)
    HASH_RNG_IRQHandler                      0x08000277   Thumb Code     0  startup_stm32f40xx.o(.text)
    I2C1_ER_IRQHandler                       0x08000277   Thumb Code     0  startup_stm32f40xx.o(.text)
    I2C1_EV_IRQHandler                       0x08000277   Thumb Code     0  startup_stm32f40xx.o(.text)
    I2C2_ER_IRQHandler                       0x08000277   Thumb Code     0  startup_stm32f40xx.o(.text)
    I2C2_EV_IRQHandler                       0x08000277   Thumb Code     0  startup_stm32f40xx.o(.text)
    I2C3_ER_IRQHandler                       0x08000277   Thumb Code     0  startup_stm32f40xx.o(.text)
    I2C3_EV_IRQHandler                       0x08000277   Thumb Code     0  startup_stm32f40xx.o(.text)
    OTG_FS_IRQHandler                        0x08000277   Thumb Code     0  startup_stm32f40xx.o(.text)
    OTG_FS_WKUP_IRQHandler                   0x08000277   Thumb Code     0  startup_stm32f40xx.o(.text)
    OTG_HS_EP1_IN_IRQHandler                 0x08000277   Thumb Code     0  startup_stm32f40xx.o(.text)
    OTG_HS_EP1_OUT_IRQHandler                0x08000277   Thumb Code     0  startup_stm32f40xx.o(.text)
    OTG_HS_IRQHandler                        0x08000277   Thumb Code     0  startup_stm32f40xx.o(.text)
    OTG_HS_WKUP_IRQHandler                   0x08000277   Thumb Code     0  startup_stm32f40xx.o(.text)
    PVD_IRQHandler                           0x08000277   Thumb Code     0  startup_stm32f40xx.o(.text)
    RCC_IRQHandler                           0x08000277   Thumb Code     0  startup_stm32f40xx.o(.text)
    RTC_Alarm_IRQHandler                     0x08000277   Thumb Code     0  startup_stm32f40xx.o(.text)
    RTC_WKUP_IRQHandler                      0x08000277   Thumb Code     0  startup_stm32f40xx.o(.text)
    SDIO_IRQHandler                          0x08000277   Thumb Code     0  startup_stm32f40xx.o(.text)
    SPI1_IRQHandler                          0x08000277   Thumb Code     0  startup_stm32f40xx.o(.text)
    SPI2_IRQHandler                          0x08000277   Thumb Code     0  startup_stm32f40xx.o(.text)
    SPI3_IRQHandler                          0x08000277   Thumb Code     0  startup_stm32f40xx.o(.text)
    TAMP_STAMP_IRQHandler                    0x08000277   Thumb Code     0  startup_stm32f40xx.o(.text)
    TIM1_BRK_TIM9_IRQHandler                 0x08000277   Thumb Code     0  startup_stm32f40xx.o(.text)
    TIM1_CC_IRQHandler                       0x08000277   Thumb Code     0  startup_stm32f40xx.o(.text)
    TIM1_TRG_COM_TIM11_IRQHandler            0x08000277   Thumb Code     0  startup_stm32f40xx.o(.text)
    TIM1_UP_TIM10_IRQHandler                 0x08000277   Thumb Code     0  startup_stm32f40xx.o(.text)
    TIM3_IRQHandler                          0x08000277   Thumb Code     0  startup_stm32f40xx.o(.text)
    TIM4_IRQHandler                          0x08000277   Thumb Code     0  startup_stm32f40xx.o(.text)
    TIM5_IRQHandler                          0x08000277   Thumb Code     0  startup_stm32f40xx.o(.text)
    TIM6_DAC_IRQHandler                      0x08000277   Thumb Code     0  startup_stm32f40xx.o(.text)
    TIM7_IRQHandler                          0x08000277   Thumb Code     0  startup_stm32f40xx.o(.text)
    TIM8_BRK_TIM12_IRQHandler                0x08000277   Thumb Code     0  startup_stm32f40xx.o(.text)
    TIM8_CC_IRQHandler                       0x08000277   Thumb Code     0  startup_stm32f40xx.o(.text)
    TIM8_TRG_COM_TIM14_IRQHandler            0x08000277   Thumb Code     0  startup_stm32f40xx.o(.text)
    TIM8_UP_TIM13_IRQHandler                 0x08000277   Thumb Code     0  startup_stm32f40xx.o(.text)
    UART4_IRQHandler                         0x08000277   Thumb Code     0  startup_stm32f40xx.o(.text)
    UART5_IRQHandler                         0x08000277   Thumb Code     0  startup_stm32f40xx.o(.text)
    USART2_IRQHandler                        0x08000277   Thumb Code     0  startup_stm32f40xx.o(.text)
    USART3_IRQHandler                        0x08000277   Thumb Code     0  startup_stm32f40xx.o(.text)
    USART6_IRQHandler                        0x08000277   Thumb Code     0  startup_stm32f40xx.o(.text)
    WWDG_IRQHandler                          0x08000277   Thumb Code     0  startup_stm32f40xx.o(.text)
    arm_mult_f32                             0x08000281   Thumb Code   210  arm_mult_f32.o(.text)
    arm_scale_f32                            0x08000355   Thumb Code   152  arm_scale_f32.o(.text)
    arm_cos_f32                              0x080003ed   Thumb Code   108  arm_cos_f32.o(.text)
    arm_mat_init_f32                         0x08000465   Thumb Code     8  arm_mat_init_f32.o(.text)
    arm_mat_mult_f32                         0x0800046d   Thumb Code   312  arm_mat_mult_f32.o(.text)
    stage_rfft_f32                           0x080005a9   Thumb Code   168  arm_rfft_fast_f32.o(.text)
    merge_rfft_f32                           0x08000651   Thumb Code   168  arm_rfft_fast_f32.o(.text)
    arm_rfft_fast_f32                        0x080006f9   Thumb Code    66  arm_rfft_fast_f32.o(.text)
    arm_rfft_fast_init_f32                   0x0800073d   Thumb Code   198  arm_rfft_fast_init_f32.o(.text)
    arm_max_f32                              0x08000865   Thumb Code   216  arm_max_f32.o(.text)
    arm_mean_f32                             0x0800093d   Thumb Code   138  arm_mean_f32.o(.text)
    arm_copy_f32                             0x080009cd   Thumb Code   132  arm_copy_f32.o(.text)
    arm_cfft_radix8by2_f32                   0x08000a51   Thumb Code   398  arm_cfft_f32.o(.text)
    arm_cfft_radix8by4_f32                   0x08000bdf   Thumb Code  1098  arm_cfft_f32.o(.text)
    arm_cfft_f32                             0x08001029   Thumb Code   330  arm_cfft_f32.o(.text)
    arm_radix8_butterfly_f32                 0x08001175   Thumb Code  1244  arm_cfft_radix8_f32.o(.text)
    __aeabi_memset                           0x08001651   Thumb Code    14  memseta.o(.text)
    __aeabi_memset4                          0x08001651   Thumb Code     0  memseta.o(.text)
    __aeabi_memset8                          0x08001651   Thumb Code     0  memseta.o(.text)
    __aeabi_memclr                           0x0800165f   Thumb Code     4  memseta.o(.text)
    __aeabi_memclr4                          0x0800165f   Thumb Code     0  memseta.o(.text)
    __aeabi_memclr8                          0x0800165f   Thumb Code     0  memseta.o(.text)
    _memset$wrapper                          0x08001663   Thumb Code    18  memseta.o(.text)
    strcmp                                   0x08001675   Thumb Code    28  strcmp.o(.text)
    __aeabi_f2d                              0x08001691   Thumb Code    38  f2d.o(.text)
    __aeabi_uidiv                            0x080016b7   Thumb Code     0  uidiv.o(.text)
    __aeabi_uidivmod                         0x080016b7   Thumb Code    44  uidiv.o(.text)
    __aeabi_uldivmod                         0x080016e3   Thumb Code    98  uldiv.o(.text)
    __I$use$fp                               0x08001745   Thumb Code     0  iusefp.o(.text)
    __aeabi_dadd                             0x08001745   Thumb Code   322  dadd.o(.text)
    __aeabi_dsub                             0x08001887   Thumb Code     6  dadd.o(.text)
    __aeabi_drsub                            0x0800188d   Thumb Code     6  dadd.o(.text)
    __aeabi_dmul                             0x08001893   Thumb Code   228  dmul.o(.text)
    __aeabi_ddiv                             0x08001977   Thumb Code   222  ddiv.o(.text)
    __aeabi_d2ulz                            0x08001a55   Thumb Code    48  dfixul.o(.text)
    __aeabi_cdrcmple                         0x08001a85   Thumb Code    48  cdrcmple.o(.text)
    __scatterload                            0x08001ab5   Thumb Code    28  init.o(.text)
    __scatterload_rt2                        0x08001ab5   Thumb Code     0  init.o(.text)
    __aeabi_llsl                             0x08001ad9   Thumb Code    30  llshl.o(.text)
    _ll_shift_l                              0x08001ad9   Thumb Code     0  llshl.o(.text)
    __aeabi_llsr                             0x08001af7   Thumb Code    32  llushr.o(.text)
    _ll_ushift_r                             0x08001af7   Thumb Code     0  llushr.o(.text)
    __aeabi_lasr                             0x08001b17   Thumb Code    36  llsshr.o(.text)
    _ll_sshift_r                             0x08001b17   Thumb Code     0  llsshr.o(.text)
    _double_round                            0x08001b3b   Thumb Code    30  depilogue.o(.text)
    _double_epilogue                         0x08001b59   Thumb Code   156  depilogue.o(.text)
    ADC_Cmd                                  0x08001bf5   Thumb Code    22  stm32f4xx_adc.o(i.ADC_Cmd)
    ADC_CommonInit                           0x08001c0d   Thumb Code    34  stm32f4xx_adc.o(i.ADC_CommonInit)
    ADC_DMACmd                               0x08001c3d   Thumb Code    22  stm32f4xx_adc.o(i.ADC_DMACmd)
    ADC_DMA_Init                             0x08001c55   Thumb Code   380  adc.o(i.ADC_DMA_Init)
    ADC_GetConversionValue                   0x08001de9   Thumb Code     8  stm32f4xx_adc.o(i.ADC_GetConversionValue)
    ADC_GetFlagStatus                        0x08001df1   Thumb Code    18  stm32f4xx_adc.o(i.ADC_GetFlagStatus)
    ADC_GetTemperature                       0x08001e05   Thumb Code    42  adc.o(i.ADC_GetTemperature)
    ADC_GetVoltage                           0x08001e35   Thumb Code    42  adc.o(i.ADC_GetVoltage)
    ADC_Init                                 0x08001e65   Thumb Code    74  stm32f4xx_adc.o(i.ADC_Init)
    ADC_RegularChannelConfig                 0x08001eb9   Thumb Code   184  stm32f4xx_adc.o(i.ADC_RegularChannelConfig)
    ADC_SoftwareStartConv                    0x08001f71   Thumb Code    10  stm32f4xx_adc.o(i.ADC_SoftwareStartConv)
    ADC_Start                                0x08001f7d   Thumb Code   232  adc.o(i.ADC_Start)
    ASR_CNN_GetLabel                         0x0800207d   Thumb Code    18  asr_cnn.o(i.ASR_CNN_GetLabel)
    ASR_CNN_Init                             0x0800209d   Thumb Code    32  asr_cnn.o(i.ASR_CNN_Init)
    ASR_CNN_Recognize                        0x080020c9   Thumb Code   254  asr_cnn.o(i.ASR_CNN_Recognize)
    ASR_CombineFeatures                      0x08002219   Thumb Code   240  asr.o(i.ASR_CombineFeatures)
    ASR_ComputeDeltaFeatures                 0x08002319   Thumb Code   166  asr.o(i.ASR_ComputeDeltaFeatures)
    ASR_DetectEndpoints                      0x080023c5   Thumb Code   374  asr.o(i.ASR_DetectEndpoints)
    ASR_ExtractFeaturesOnly                  0x080025ad   Thumb Code    28  asr.o(i.ASR_ExtractFeaturesOnly)
    ASR_ExtractMFCCWithDeltas                0x080025c9   Thumb Code   704  asr.o(i.ASR_ExtractMFCCWithDeltas)
    ASR_HandleRecognitionResult              0x0800296d   Thumb Code   120  asr.o(i.ASR_HandleRecognitionResult)
    ASR_Init                                 0x08002a35   Thumb Code   102  asr.o(i.ASR_Init)
    ASR_NormalizeMFCC                        0x08002ad1   Thumb Code   198  asr.o(i.ASR_NormalizeMFCC)
    ASR_Preprocess                           0x08002b99   Thumb Code   434  asr.o(i.ASR_Preprocess)
    ASR_RecognizeSpeech                      0x08002e6d   Thumb Code   166  asr.o(i.ASR_RecognizeSpeech)
    ASR_SendCNNTrainingData                  0x08002f75   Thumb Code   348  asr.o(i.ASR_SendCNNTrainingData)
    Battery_GetPercentage                    0x08003235   Thumb Code    96  buletooth_show.o(i.Battery_GetPercentage)
    Battery_GetVoltage                       0x080032a1   Thumb Code    42  buletooth_show.o(i.Battery_GetVoltage)
    Bluetooth_SendParameters                 0x080032d5   Thumb Code   168  buletooth_show.o(i.Bluetooth_SendParameters)
    DMA2_Stream0_IRQHandler                  0x08003429   Thumb Code    36  adc.o(i.DMA2_Stream0_IRQHandler)
    DMA_ClearFlag                            0x0800345d   Thumb Code    38  stm32f4xx_dma.o(i.DMA_ClearFlag)
    DMA_ClearITPendingBit                    0x08003491   Thumb Code    38  stm32f4xx_dma.o(i.DMA_ClearITPendingBit)
    DMA_Cmd                                  0x080034c5   Thumb Code    22  stm32f4xx_dma.o(i.DMA_Cmd)
    DMA_DeInit                               0x080034dd   Thumb Code   324  stm32f4xx_dma.o(i.DMA_DeInit)
    DMA_GetCmdStatus                         0x08003635   Thumb Code    20  stm32f4xx_dma.o(i.DMA_GetCmdStatus)
    DMA_GetITStatus                          0x08003649   Thumb Code    82  stm32f4xx_dma.o(i.DMA_GetITStatus)
    DMA_ITConfig                             0x080036ad   Thumb Code    58  stm32f4xx_dma.o(i.DMA_ITConfig)
    DMA_Init                                 0x080036e9   Thumb Code    82  stm32f4xx_dma.o(i.DMA_Init)
    GPIO_Init                                0x08003741   Thumb Code   144  stm32f4xx_gpio.o(i.GPIO_Init)
    GPIO_PinAFConfig                         0x080037d1   Thumb Code    70  stm32f4xx_gpio.o(i.GPIO_PinAFConfig)
    GPIO_ReadInputDataBit                    0x08003817   Thumb Code    18  stm32f4xx_gpio.o(i.GPIO_ReadInputDataBit)
    GPIO_ResetBits                           0x08003829   Thumb Code     6  stm32f4xx_gpio.o(i.GPIO_ResetBits)
    GPIO_SetBits                             0x0800382f   Thumb Code     4  stm32f4xx_gpio.o(i.GPIO_SetBits)
    GPIO_StructInit                          0x08003833   Thumb Code    18  stm32f4xx_gpio.o(i.GPIO_StructInit)
    GetKey1                                  0x08003845   Thumb Code    38  key.o(i.GetKey1)
    GetKey2                                  0x08003875   Thumb Code    38  key.o(i.GetKey2)
    Key_GetState                             0x080038a5   Thumb Code    36  key.o(i.Key_GetState)
    Key_Init                                 0x080038cd   Thumb Code    56  key.o(i.Key_Init)
    Key_Tick                                 0x08003909   Thumb Code    62  key.o(i.Key_Tick)
    LED1_Turn                                0x08003959   Thumb Code    38  led.o(i.LED1_Turn)
    LED2_Turn                                0x08003985   Thumb Code    38  led.o(i.LED2_Turn)
    LED_init                                 0x080039b1   Thumb Code    70  led.o(i.LED_init)
    Motor_Control                            0x080039fd   Thumb Code    42  motor.o(i.Motor_Control)
    Motor_GetControlMode                     0x08003a2d   Thumb Code    34  motor.o(i.Motor_GetControlMode)
    Motor_GetSpeedLevel                      0x08003a55   Thumb Code     6  motor.o(i.Motor_GetSpeedLevel)
    Motor_Init                               0x08003a61   Thumb Code    30  motor.o(i.Motor_Init)
    Motor_KeyControl                         0x08003a85   Thumb Code    88  motor.o(i.Motor_KeyControl)
    Motor_ModeSwitch                         0x08003ae1   Thumb Code   104  motor.o(i.Motor_ModeSwitch)
    Motor_SetSpeed                           0x08003b51   Thumb Code    12  motor.o(i.Motor_SetSpeed)
    Motor_TempControl                        0x08003b5d   Thumb Code    44  motor.o(i.Motor_TempControl)
    Motor_VoiceControl                       0x08003b8d   Thumb Code   124  motor.o(i.Motor_VoiceControl)
    NTC_GetResistance                        0x08003c0d   Thumb Code    54  buletooth_show.o(i.NTC_GetResistance)
    NTC_GetTemperature                       0x08003c51   Thumb Code    96  buletooth_show.o(i.NTC_GetTemperature)
    NVIC_Init                                0x08003cc1   Thumb Code   106  misc.o(i.NVIC_Init)
    NVIC_PriorityGroupConfig                 0x08003d39   Thumb Code    10  misc.o(i.NVIC_PriorityGroupConfig)
    PWM_TIM3_Init                            0x08003d4d   Thumb Code   154  pwm.o(i.PWM_TIM3_Init)
    PWM_TIM3_SetDuty                         0x08003df1   Thumb Code    34  pwm.o(i.PWM_TIM3_SetDuty)
    RCC_AHB1PeriphClockCmd                   0x08003e19   Thumb Code    26  stm32f4xx_rcc.o(i.RCC_AHB1PeriphClockCmd)
    RCC_APB1PeriphClockCmd                   0x08003e39   Thumb Code    26  stm32f4xx_rcc.o(i.RCC_APB1PeriphClockCmd)
    RCC_APB1PeriphResetCmd                   0x08003e59   Thumb Code    26  stm32f4xx_rcc.o(i.RCC_APB1PeriphResetCmd)
    RCC_APB2PeriphClockCmd                   0x08003e79   Thumb Code    26  stm32f4xx_rcc.o(i.RCC_APB2PeriphClockCmd)
    RCC_APB2PeriphResetCmd                   0x08003e99   Thumb Code    26  stm32f4xx_rcc.o(i.RCC_APB2PeriphResetCmd)
    RCC_GetClocksFreq                        0x08003eb9   Thumb Code   214  stm32f4xx_rcc.o(i.RCC_GetClocksFreq)
    Recognition                              0x08003fa1   Thumb Code   110  asr.o(i.Recognition)
    SPI1_Init                                0x08004021   Thumb Code   162  spi.o(i.SPI1_Init)
    SPI1_ReadWriteByte                       0x080040cd   Thumb Code    78  spi.o(i.SPI1_ReadWriteByte)
    SPI1_SetSpeed                            0x08004121   Thumb Code    36  spi.o(i.SPI1_SetSpeed)
    SPI_Cmd                                  0x08004149   Thumb Code    24  stm32f4xx_spi.o(i.SPI_Cmd)
    SPI_I2S_GetFlagStatus                    0x08004161   Thumb Code    18  stm32f4xx_spi.o(i.SPI_I2S_GetFlagStatus)
    SPI_I2S_ReceiveData                      0x08004173   Thumb Code     6  stm32f4xx_spi.o(i.SPI_I2S_ReceiveData)
    SPI_I2S_SendData                         0x08004179   Thumb Code     4  stm32f4xx_spi.o(i.SPI_I2S_SendData)
    SPI_Init                                 0x0800417d   Thumb Code    60  stm32f4xx_spi.o(i.SPI_Init)
    Serial1_Init                             0x080041b9   Thumb Code   252  serial.o(i.Serial1_Init)
    SysTick_CLKSourceConfig                  0x080043ad   Thumb Code    40  misc.o(i.SysTick_CLKSourceConfig)
    SystemInit                               0x080043d5   Thumb Code    88  system_stm32f4xx.o(i.SystemInit)
    TIM2_IRQHandler                          0x0800443d   Thumb Code    38  main.o(i.TIM2_IRQHandler)
    TIM_ARRPreloadConfig                     0x08004469   Thumb Code    24  stm32f4xx_tim.o(i.TIM_ARRPreloadConfig)
    TIM_ClearFlag                            0x08004481   Thumb Code     6  stm32f4xx_tim.o(i.TIM_ClearFlag)
    TIM_ClearITPendingBit                    0x08004487   Thumb Code     6  stm32f4xx_tim.o(i.TIM_ClearITPendingBit)
    TIM_Cmd                                  0x0800448d   Thumb Code    24  stm32f4xx_tim.o(i.TIM_Cmd)
    TIM_GetITStatus                          0x080044a5   Thumb Code    34  stm32f4xx_tim.o(i.TIM_GetITStatus)
    TIM_ITConfig                             0x080044c7   Thumb Code    18  stm32f4xx_tim.o(i.TIM_ITConfig)
    TIM_InternalClockConfig                  0x080044d9   Thumb Code    12  stm32f4xx_tim.o(i.TIM_InternalClockConfig)
    TIM_OC3Init                              0x080044e5   Thumb Code   150  stm32f4xx_tim.o(i.TIM_OC3Init)
    TIM_OC3PreloadConfig                     0x08004585   Thumb Code    18  stm32f4xx_tim.o(i.TIM_OC3PreloadConfig)
    TIM_OC4Init                              0x08004599   Thumb Code   112  stm32f4xx_tim.o(i.TIM_OC4Init)
    TIM_OC4PreloadConfig                     0x08004611   Thumb Code    26  stm32f4xx_tim.o(i.TIM_OC4PreloadConfig)
    TIM_SelectOutputTrigger                  0x0800462b   Thumb Code    18  stm32f4xx_tim.o(i.TIM_SelectOutputTrigger)
    TIM_SetCompare3                          0x0800463d   Thumb Code     4  stm32f4xx_tim.o(i.TIM_SetCompare3)
    TIM_SetCounter                           0x08004641   Thumb Code     4  stm32f4xx_tim.o(i.TIM_SetCounter)
    TIM_TimeBaseInit                         0x08004645   Thumb Code   104  stm32f4xx_tim.o(i.TIM_TimeBaseInit)
    TemAndVol_ADC_Config                     0x080046c9   Thumb Code   120  adc.o(i.TemAndVol_ADC_Config)
    Timer2_Init                              0x08004749   Thumb Code   120  timer.o(i.Timer2_Init)
    USART1_IRQHandler                        0x080047c1   Thumb Code    38  serial.o(i.USART1_IRQHandler)
    USART_ClearFlag                          0x080047ed   Thumb Code    18  stm32f4xx_usart.o(i.USART_ClearFlag)
    USART_ClearITPendingBit                  0x080047ff   Thumb Code    30  stm32f4xx_usart.o(i.USART_ClearITPendingBit)
    USART_Cmd                                0x0800481d   Thumb Code    24  stm32f4xx_usart.o(i.USART_Cmd)
    USART_DeInit                             0x08004835   Thumb Code   206  stm32f4xx_usart.o(i.USART_DeInit)
    USART_GetFlagStatus                      0x08004925   Thumb Code    26  stm32f4xx_usart.o(i.USART_GetFlagStatus)
    USART_GetITStatus                        0x0800493f   Thumb Code    84  stm32f4xx_usart.o(i.USART_GetITStatus)
    USART_ITConfig                           0x08004993   Thumb Code    74  stm32f4xx_usart.o(i.USART_ITConfig)
    USART_Init                               0x080049dd   Thumb Code   204  stm32f4xx_usart.o(i.USART_Init)
    USART_ReceiveData                        0x08004ab1   Thumb Code    10  stm32f4xx_usart.o(i.USART_ReceiveData)
    USART_SendData                           0x08004abb   Thumb Code     8  stm32f4xx_usart.o(i.USART_SendData)
    USART_StructInit                         0x08004ac3   Thumb Code    24  stm32f4xx_usart.o(i.USART_StructInit)
    W25QXX_Init                              0x08004add   Thumb Code   114  w25qxx.o(i.W25QXX_Init)
    W25QXX_ReadID                            0x08004bad   Thumb Code    70  w25qxx.o(i.W25QXX_ReadID)
    __0printf                                0x08004bf9   Thumb Code    22  printfa.o(i.__0printf)
    __1printf                                0x08004bf9   Thumb Code     0  printfa.o(i.__0printf)
    __2printf                                0x08004bf9   Thumb Code     0  printfa.o(i.__0printf)
    __c89printf                              0x08004bf9   Thumb Code     0  printfa.o(i.__0printf)
    printf                                   0x08004bf9   Thumb Code     0  printfa.o(i.__0printf)
    __ARM_fpclassifyf                        0x08004c19   Thumb Code    38  fpclassifyf.o(i.__ARM_fpclassifyf)
    __hardfp_expf                            0x08004c41   Thumb Code   426  expf.o(i.__hardfp_expf)
    __mathlib_expf                           0x08004c41   Thumb Code     0  expf.o(i.__hardfp_expf)
    __hardfp_log10f                          0x08004e29   Thumb Code   332  log10f.o(i.__hardfp_log10f)
    __hardfp_logf                            0x08004fa9   Thumb Code   320  logf.o(i.__hardfp_logf)
    __mathlib_logf                           0x08004fa9   Thumb Code     0  logf.o(i.__hardfp_logf)
    __hardfp_sqrtf                           0x08005115   Thumb Code    58  sqrtf_full.o(i.__hardfp_sqrtf)
    __mathlib_flt_divzero                    0x08005151   Thumb Code    14  funder.o(i.__mathlib_flt_divzero)
    __mathlib_flt_infnan                     0x08005165   Thumb Code     6  funder.o(i.__mathlib_flt_infnan)
    __mathlib_flt_invalid                    0x0800516d   Thumb Code    10  funder.o(i.__mathlib_flt_invalid)
    __mathlib_flt_overflow                   0x0800517d   Thumb Code    10  funder.o(i.__mathlib_flt_overflow)
    __mathlib_flt_underflow                  0x0800518d   Thumb Code    10  funder.o(i.__mathlib_flt_underflow)
    __scatterload_copy                       0x0800519d   Thumb Code    14  handlers.o(i.__scatterload_copy)
    __scatterload_null                       0x080051ab   Thumb Code     2  handlers.o(i.__scatterload_null)
    __scatterload_zeroinit                   0x080051ad   Thumb Code    14  handlers.o(i.__scatterload_zeroinit)
    __set_errno                              0x080051bd   Thumb Code     6  errno.o(i.__set_errno)
    board_init                               0x08005b31   Thumb Code    38  board.o(i.board_init)
    delay_ms                                 0x08005b5d   Thumb Code    18  board.o(i.delay_ms)
    delay_us                                 0x08005b71   Thumb Code    74  board.o(i.delay_us)
    fputc                                    0x08005c45   Thumb Code    32  serial.o(i.fputc)
    main                                     0x08005c69   Thumb Code    66  main.o(i.main)
    mel_indices                              0x08005d34   Data        2028  asr.o(.constdata)
    mel_values                               0x08006520   Data        4056  asr.o(.constdata)
    mel_nonzero_count                        0x080074f8   Data          52  asr.o(.constdata)
    fc0_weights                              0x08007534   Data       149760  speech_model.o(.constdata)
    fc0_bias                                 0x0802be34   Data         128  speech_model.o(.constdata)
    bn0_gamma                                0x0802beb4   Data         128  speech_model.o(.constdata)
    bn0_beta                                 0x0802bf34   Data         128  speech_model.o(.constdata)
    bn0_moving_mean                          0x0802bfb4   Data         128  speech_model.o(.constdata)
    bn0_moving_variance                      0x0802c034   Data         128  speech_model.o(.constdata)
    fc1_weights                              0x0802c0b4   Data        2048  speech_model.o(.constdata)
    fc1_bias                                 0x0802c8b4   Data          64  speech_model.o(.constdata)
    bn1_gamma                                0x0802c8f4   Data          64  speech_model.o(.constdata)
    bn1_beta                                 0x0802c934   Data          64  speech_model.o(.constdata)
    bn1_moving_mean                          0x0802c974   Data          64  speech_model.o(.constdata)
    bn1_moving_variance                      0x0802c9b4   Data          64  speech_model.o(.constdata)
    fc2_weights                              0x0802c9f4   Data         192  speech_model.o(.constdata)
    fc2_bias                                 0x0802cab4   Data          12  speech_model.o(.constdata)
    twiddleCoef_16                           0x0802cac0   Data         128  arm_common_tables.o(.constdata)
    twiddleCoef_32                           0x0802cb40   Data         256  arm_common_tables.o(.constdata)
    twiddleCoef_64                           0x0802cc40   Data         512  arm_common_tables.o(.constdata)
    twiddleCoef_128                          0x0802ce40   Data        1024  arm_common_tables.o(.constdata)
    twiddleCoef_256                          0x0802d240   Data        2048  arm_common_tables.o(.constdata)
    twiddleCoef_512                          0x0802da40   Data        4096  arm_common_tables.o(.constdata)
    twiddleCoef_1024                         0x0802ea40   Data        8192  arm_common_tables.o(.constdata)
    twiddleCoef_2048                         0x08030a40   Data       16384  arm_common_tables.o(.constdata)
    armBitRevIndexTable16                    0x08034a40   Data          40  arm_common_tables.o(.constdata)
    armBitRevIndexTable32                    0x08034a68   Data          96  arm_common_tables.o(.constdata)
    armBitRevIndexTable64                    0x08034ac8   Data         112  arm_common_tables.o(.constdata)
    armBitRevIndexTable128                   0x08034b38   Data         416  arm_common_tables.o(.constdata)
    armBitRevIndexTable256                   0x08034cd8   Data         880  arm_common_tables.o(.constdata)
    armBitRevIndexTable512                   0x08035048   Data         896  arm_common_tables.o(.constdata)
    armBitRevIndexTable1024                  0x080353c8   Data        3600  arm_common_tables.o(.constdata)
    armBitRevIndexTable2048                  0x080361d8   Data        7616  arm_common_tables.o(.constdata)
    twiddleCoef_rfft_32                      0x08037f98   Data         128  arm_common_tables.o(.constdata)
    twiddleCoef_rfft_64                      0x08038018   Data         256  arm_common_tables.o(.constdata)
    twiddleCoef_rfft_128                     0x08038118   Data         512  arm_common_tables.o(.constdata)
    twiddleCoef_rfft_256                     0x08038318   Data        1024  arm_common_tables.o(.constdata)
    twiddleCoef_rfft_512                     0x08038718   Data        2048  arm_common_tables.o(.constdata)
    twiddleCoef_rfft_1024                    0x08038f18   Data        4096  arm_common_tables.o(.constdata)
    twiddleCoef_rfft_2048                    0x08039f18   Data        8192  arm_common_tables.o(.constdata)
    twiddleCoef_rfft_4096                    0x0803bf18   Data       16384  arm_common_tables.o(.constdata)
    sinTable_f32                             0x0803ff18   Data        2052  arm_common_tables.o(.constdata)
    Region$$Table$$Base                      0x080407dc   Number         0  anon$$obj.o(Region$$Table)
    Region$$Table$$Limit                     0x080407fc   Number         0  anon$$obj.o(Region$$Table)
    SystemCoreClock                          0x20000000   Data           4  system_stm32f4xx.o(.data)
    AHBPrescTable                            0x20000004   Data          16  system_stm32f4xx.o(.data)
    adc_conversion_complete                  0x20000014   Data           1  adc.o(.data)
    KeyNum                                   0x20000018   Data           1  key.o(.data)
    sys_millis                               0x20000020   Data           4  timer.o(.data)
    speech_start                             0x20000024   Data           2  asr.o(.data)
    speech_end                               0x20000026   Data           2  asr.o(.data)
    ASR_Mode                                 0x20000028   Data           1  asr.o(.data)
    W25QXX_TYPE                              0x2000002a   Data           2  w25qxx.o(.data)
    LABELS                                   0x2000002c   Data          12  speech_model.o(.data)
    __stdout                                 0x2000004c   Data           4  stdout.o(.data)
    adc_buffer                               0x20000054   Data       16000  adc.o(.bss)
    processed_buffer                         0x20003ed4   Data       32000  asr.o(.bss)
    frame_buffer                             0x2000bbd4   Data        1024  asr.o(.bss)
    window_buffer                            0x2000bfd4   Data        1024  asr.o(.bss)
    energy_features                          0x2000c3d4   Data         244  asr.o(.bss)
    zcr_features                             0x2000c4c8   Data         244  asr.o(.bss)
    mfcc_features                            0x2000c5bc   Data        3172  asr.o(.bss)
    delta_features                           0x2000d220   Data        3172  asr.o(.bss)
    delta_delta_features                     0x2000de84   Data        3172  asr.o(.bss)
    fft_input                                0x2000eae8   Data        2048  asr.o(.bss)
    fft_output                               0x2000f2e8   Data        2048  asr.o(.bss)
    power_spectrum                           0x2000fae8   Data        1028  asr.o(.bss)
    mel_energies                             0x2000feec   Data         104  asr.o(.bss)
    fft_instance                             0x2000ff54   Data          24  asr.o(.bss)
    is_speech                                0x2000ff6c   Data          61  asr.o(.bss)
    combined_features                        0x2000ffac   Data        9516  asr.o(.bss)
    __initial_sp                             0x20014e38   Data           0  startup_stm32f40xx.o(STACK)



==============================================================================

Memory Map of the image

  Image Entry point : 0x08000249

  Load Region LR_IROM1 (Base: 0x08000000, Size: 0x00040850, Max: 0x00100000, ABSOLUTE)

    Execution Region ER_IROM1 (Exec base: 0x08000000, Load base: 0x08000000, Size: 0x000407fc, Max: 0x00100000, ABSOLUTE)

    Exec Addr    Load Addr    Size         Type   Attr      Idx    E Section Name        Object

    0x08000000   0x08000000   0x00000188   Data   RO          356    RESET               startup_stm32f40xx.o
    0x08000188   0x08000188   0x000000c0   Code   RO         6651    . text              arm_cortexM4lf_math.lib(arm_bitreversal2.o)
    0x08000248   0x08000248   0x00000000   Code   RO         6709  * .ARM.Collect$$$$00000000  mc_w.l(entry.o)
    0x08000248   0x08000248   0x00000004   Code   RO         6995    .ARM.Collect$$$$00000001  mc_w.l(entry2.o)
    0x0800024c   0x0800024c   0x00000004   Code   RO         6998    .ARM.Collect$$$$00000004  mc_w.l(entry5.o)
    0x08000250   0x08000250   0x00000000   Code   RO         7000    .ARM.Collect$$$$00000008  mc_w.l(entry7b.o)
    0x08000250   0x08000250   0x00000000   Code   RO         7002    .ARM.Collect$$$$0000000A  mc_w.l(entry8b.o)
    0x08000250   0x08000250   0x00000008   Code   RO         7003    .ARM.Collect$$$$0000000B  mc_w.l(entry9a.o)
    0x08000258   0x08000258   0x00000000   Code   RO         7005    .ARM.Collect$$$$0000000D  mc_w.l(entry10a.o)
    0x08000258   0x08000258   0x00000000   Code   RO         7007    .ARM.Collect$$$$0000000F  mc_w.l(entry11a.o)
    0x08000258   0x08000258   0x00000004   Code   RO         6996    .ARM.Collect$$$$00002712  mc_w.l(entry2.o)
    0x0800025c   0x0800025c   0x00000024   Code   RO          357    .text               startup_stm32f40xx.o
    0x08000280   0x08000280   0x000000d2   Code   RO         6254    .text               arm_cortexM4lf_math.lib(arm_mult_f32.o)
    0x08000352   0x08000352   0x00000002   PAD
    0x08000354   0x08000354   0x00000098   Code   RO         6303    .text               arm_cortexM4lf_math.lib(arm_scale_f32.o)
    0x080003ec   0x080003ec   0x00000078   Code   RO         6327    .text               arm_cortexM4lf_math.lib(arm_cos_f32.o)
    0x08000464   0x08000464   0x00000008   Code   RO         6355    .text               arm_cortexM4lf_math.lib(arm_mat_init_f32.o)
    0x0800046c   0x0800046c   0x0000013c   Code   RO         6379    .text               arm_cortexM4lf_math.lib(arm_mat_mult_f32.o)
    0x080005a8   0x080005a8   0x00000192   Code   RO         6403    .text               arm_cortexM4lf_math.lib(arm_rfft_fast_f32.o)
    0x0800073a   0x0800073a   0x00000002   PAD
    0x0800073c   0x0800073c   0x00000128   Code   RO         6428    .text               arm_cortexM4lf_math.lib(arm_rfft_fast_init_f32.o)
    0x08000864   0x08000864   0x000000d8   Code   RO         6452    .text               arm_cortexM4lf_math.lib(arm_max_f32.o)
    0x0800093c   0x0800093c   0x00000090   Code   RO         6476    .text               arm_cortexM4lf_math.lib(arm_mean_f32.o)
    0x080009cc   0x080009cc   0x00000084   Code   RO         6500    .text               arm_cortexM4lf_math.lib(arm_copy_f32.o)
    0x08000a50   0x08000a50   0x00000722   Code   RO         6524    .text               arm_cortexM4lf_math.lib(arm_cfft_f32.o)
    0x08001172   0x08001172   0x00000002   PAD
    0x08001174   0x08001174   0x000004dc   Code   RO         6630    .text               arm_cortexM4lf_math.lib(arm_cfft_radix8_f32.o)
    0x08001650   0x08001650   0x00000024   Code   RO         6712    .text               mc_w.l(memseta.o)
    0x08001674   0x08001674   0x0000001c   Code   RO         6714    .text               mc_w.l(strcmp.o)
    0x08001690   0x08001690   0x00000026   Code   RO         6977    .text               mf_w.l(f2d.o)
    0x080016b6   0x080016b6   0x0000002c   Code   RO         7010    .text               mc_w.l(uidiv.o)
    0x080016e2   0x080016e2   0x00000062   Code   RO         7012    .text               mc_w.l(uldiv.o)
    0x08001744   0x08001744   0x00000000   Code   RO         7021    .text               mc_w.l(iusefp.o)
    0x08001744   0x08001744   0x0000014e   Code   RO         7022    .text               mf_w.l(dadd.o)
    0x08001892   0x08001892   0x000000e4   Code   RO         7024    .text               mf_w.l(dmul.o)
    0x08001976   0x08001976   0x000000de   Code   RO         7026    .text               mf_w.l(ddiv.o)
    0x08001a54   0x08001a54   0x00000030   Code   RO         7028    .text               mf_w.l(dfixul.o)
    0x08001a84   0x08001a84   0x00000030   Code   RO         7030    .text               mf_w.l(cdrcmple.o)
    0x08001ab4   0x08001ab4   0x00000024   Code   RO         7036    .text               mc_w.l(init.o)
    0x08001ad8   0x08001ad8   0x0000001e   Code   RO         7038    .text               mc_w.l(llshl.o)
    0x08001af6   0x08001af6   0x00000020   Code   RO         7040    .text               mc_w.l(llushr.o)
    0x08001b16   0x08001b16   0x00000024   Code   RO         7042    .text               mc_w.l(llsshr.o)
    0x08001b3a   0x08001b3a   0x000000ba   Code   RO         7046    .text               mf_w.l(depilogue.o)
    0x08001bf4   0x08001bf4   0x00000016   Code   RO         1303    i.ADC_Cmd           stm32f4xx_adc.o
    0x08001c0a   0x08001c0a   0x00000002   PAD
    0x08001c0c   0x08001c0c   0x00000030   Code   RO         1304    i.ADC_CommonInit    stm32f4xx_adc.o
    0x08001c3c   0x08001c3c   0x00000016   Code   RO         1307    i.ADC_DMACmd        stm32f4xx_adc.o
    0x08001c52   0x08001c52   0x00000002   PAD
    0x08001c54   0x08001c54   0x00000194   Code   RO          510    i.ADC_DMA_Init      adc.o
    0x08001de8   0x08001de8   0x00000008   Code   RO         1315    i.ADC_GetConversionValue  stm32f4xx_adc.o
    0x08001df0   0x08001df0   0x00000012   Code   RO         1316    i.ADC_GetFlagStatus  stm32f4xx_adc.o
    0x08001e02   0x08001e02   0x00000002   PAD
    0x08001e04   0x08001e04   0x00000030   Code   RO          511    i.ADC_GetTemperature  adc.o
    0x08001e34   0x08001e34   0x00000030   Code   RO          512    i.ADC_GetVoltage    adc.o
    0x08001e64   0x08001e64   0x00000054   Code   RO         1323    i.ADC_Init          stm32f4xx_adc.o
    0x08001eb8   0x08001eb8   0x000000b8   Code   RO         1328    i.ADC_RegularChannelConfig  stm32f4xx_adc.o
    0x08001f70   0x08001f70   0x0000000a   Code   RO         1330    i.ADC_SoftwareStartConv  stm32f4xx_adc.o
    0x08001f7a   0x08001f7a   0x00000002   PAD
    0x08001f7c   0x08001f7c   0x00000100   Code   RO          513    i.ADC_Start         adc.o
    0x0800207c   0x0800207c   0x00000020   Code   RO          943    i.ASR_CNN_GetLabel  asr_cnn.o
    0x0800209c   0x0800209c   0x0000002c   Code   RO          944    i.ASR_CNN_Init      asr_cnn.o
    0x080020c8   0x080020c8   0x00000150   Code   RO          945    i.ASR_CNN_Recognize  asr_cnn.o
    0x08002218   0x08002218   0x00000100   Code   RO          673    i.ASR_CombineFeatures  asr.o
    0x08002318   0x08002318   0x000000ac   Code   RO          674    i.ASR_ComputeDeltaFeatures  asr.o
    0x080023c4   0x080023c4   0x000001e8   Code   RO          675    i.ASR_DetectEndpoints  asr.o
    0x080025ac   0x080025ac   0x0000001c   Code   RO          676    i.ASR_ExtractFeaturesOnly  asr.o
    0x080025c8   0x080025c8   0x000003a4   Code   RO          677    i.ASR_ExtractMFCCWithDeltas  asr.o
    0x0800296c   0x0800296c   0x000000c8   Code   RO          678    i.ASR_HandleRecognitionResult  asr.o
    0x08002a34   0x08002a34   0x0000009c   Code   RO          679    i.ASR_Init          asr.o
    0x08002ad0   0x08002ad0   0x000000c6   Code   RO          680    i.ASR_NormalizeMFCC  asr.o
    0x08002b96   0x08002b96   0x00000002   PAD
    0x08002b98   0x08002b98   0x000002d4   Code   RO          681    i.ASR_Preprocess    asr.o
    0x08002e6c   0x08002e6c   0x00000108   Code   RO          682    i.ASR_RecognizeSpeech  asr.o
    0x08002f74   0x08002f74   0x000002c0   Code   RO          683    i.ASR_SendCNNTrainingData  asr.o
    0x08003234   0x08003234   0x0000006c   Code   RO         1147    i.Battery_GetPercentage  buletooth_show.o
    0x080032a0   0x080032a0   0x00000034   Code   RO         1148    i.Battery_GetVoltage  buletooth_show.o
    0x080032d4   0x080032d4   0x00000154   Code   RO         1149    i.Bluetooth_SendParameters  buletooth_show.o
    0x08003428   0x08003428   0x00000034   Code   RO          515    i.DMA2_Stream0_IRQHandler  adc.o
    0x0800345c   0x0800345c   0x00000034   Code   RO         2520    i.DMA_ClearFlag     stm32f4xx_dma.o
    0x08003490   0x08003490   0x00000034   Code   RO         2521    i.DMA_ClearITPendingBit  stm32f4xx_dma.o
    0x080034c4   0x080034c4   0x00000016   Code   RO         2522    i.DMA_Cmd           stm32f4xx_dma.o
    0x080034da   0x080034da   0x00000002   PAD
    0x080034dc   0x080034dc   0x00000158   Code   RO         2523    i.DMA_DeInit        stm32f4xx_dma.o
    0x08003634   0x08003634   0x00000014   Code   RO         2527    i.DMA_GetCmdStatus  stm32f4xx_dma.o
    0x08003648   0x08003648   0x00000064   Code   RO         2532    i.DMA_GetITStatus   stm32f4xx_dma.o
    0x080036ac   0x080036ac   0x0000003a   Code   RO         2533    i.DMA_ITConfig      stm32f4xx_dma.o
    0x080036e6   0x080036e6   0x00000002   PAD
    0x080036e8   0x080036e8   0x00000058   Code   RO         2534    i.DMA_Init          stm32f4xx_dma.o
    0x08003740   0x08003740   0x00000090   Code   RO         3322    i.GPIO_Init         stm32f4xx_gpio.o
    0x080037d0   0x080037d0   0x00000046   Code   RO         3323    i.GPIO_PinAFConfig  stm32f4xx_gpio.o
    0x08003816   0x08003816   0x00000012   Code   RO         3326    i.GPIO_ReadInputDataBit  stm32f4xx_gpio.o
    0x08003828   0x08003828   0x00000006   Code   RO         3329    i.GPIO_ResetBits    stm32f4xx_gpio.o
    0x0800382e   0x0800382e   0x00000004   Code   RO         3330    i.GPIO_SetBits      stm32f4xx_gpio.o
    0x08003832   0x08003832   0x00000012   Code   RO         3331    i.GPIO_StructInit   stm32f4xx_gpio.o
    0x08003844   0x08003844   0x00000030   Code   RO          577    i.GetKey1           key.o
    0x08003874   0x08003874   0x00000030   Code   RO          578    i.GetKey2           key.o
    0x080038a4   0x080038a4   0x00000028   Code   RO          580    i.Key_GetState      key.o
    0x080038cc   0x080038cc   0x0000003c   Code   RO          581    i.Key_Init          key.o
    0x08003908   0x08003908   0x00000050   Code   RO          582    i.Key_Tick          key.o
    0x08003958   0x08003958   0x0000002c   Code   RO          366    i.LED1_Turn         led.o
    0x08003984   0x08003984   0x0000002c   Code   RO          369    i.LED2_Turn         led.o
    0x080039b0   0x080039b0   0x0000004c   Code   RO          370    i.LED_init          led.o
    0x080039fc   0x080039fc   0x00000030   Code   RO         1043    i.Motor_Control     motor.o
    0x08003a2c   0x08003a2c   0x00000028   Code   RO         1044    i.Motor_GetControlMode  motor.o
    0x08003a54   0x08003a54   0x0000000c   Code   RO         1045    i.Motor_GetSpeedLevel  motor.o
    0x08003a60   0x08003a60   0x00000024   Code   RO         1046    i.Motor_Init        motor.o
    0x08003a84   0x08003a84   0x0000005c   Code   RO         1047    i.Motor_KeyControl  motor.o
    0x08003ae0   0x08003ae0   0x00000070   Code   RO         1048    i.Motor_ModeSwitch  motor.o
    0x08003b50   0x08003b50   0x0000000c   Code   RO         1049    i.Motor_SetSpeed    motor.o
    0x08003b5c   0x08003b5c   0x00000030   Code   RO         1050    i.Motor_TempControl  motor.o
    0x08003b8c   0x08003b8c   0x00000080   Code   RO         1051    i.Motor_VoiceControl  motor.o
    0x08003c0c   0x08003c0c   0x00000044   Code   RO         1150    i.NTC_GetResistance  buletooth_show.o
    0x08003c50   0x08003c50   0x00000070   Code   RO         1151    i.NTC_GetTemperature  buletooth_show.o
    0x08003cc0   0x08003cc0   0x00000078   Code   RO         1245    i.NVIC_Init         misc.o
    0x08003d38   0x08003d38   0x00000014   Code   RO         1246    i.NVIC_PriorityGroupConfig  misc.o
    0x08003d4c   0x08003d4c   0x000000a4   Code   RO         1117    i.PWM_TIM3_Init     pwm.o
    0x08003df0   0x08003df0   0x00000028   Code   RO         1118    i.PWM_TIM3_SetDuty  pwm.o
    0x08003e18   0x08003e18   0x00000020   Code   RO         4248    i.RCC_AHB1PeriphClockCmd  stm32f4xx_rcc.o
    0x08003e38   0x08003e38   0x00000020   Code   RO         4257    i.RCC_APB1PeriphClockCmd  stm32f4xx_rcc.o
    0x08003e58   0x08003e58   0x00000020   Code   RO         4259    i.RCC_APB1PeriphResetCmd  stm32f4xx_rcc.o
    0x08003e78   0x08003e78   0x00000020   Code   RO         4260    i.RCC_APB2PeriphClockCmd  stm32f4xx_rcc.o
    0x08003e98   0x08003e98   0x00000020   Code   RO         4262    i.RCC_APB2PeriphResetCmd  stm32f4xx_rcc.o
    0x08003eb8   0x08003eb8   0x000000e8   Code   RO         4269    i.RCC_GetClocksFreq  stm32f4xx_rcc.o
    0x08003fa0   0x08003fa0   0x00000080   Code   RO          685    i.Recognition       asr.o
    0x08004020   0x08004020   0x000000ac   Code   RO          907    i.SPI1_Init         spi.o
    0x080040cc   0x080040cc   0x00000054   Code   RO          908    i.SPI1_ReadWriteByte  spi.o
    0x08004120   0x08004120   0x00000028   Code   RO          909    i.SPI1_SetSpeed     spi.o
    0x08004148   0x08004148   0x00000018   Code   RO         5208    i.SPI_Cmd           stm32f4xx_spi.o
    0x08004160   0x08004160   0x00000012   Code   RO         5216    i.SPI_I2S_GetFlagStatus  stm32f4xx_spi.o
    0x08004172   0x08004172   0x00000006   Code   RO         5219    i.SPI_I2S_ReceiveData  stm32f4xx_spi.o
    0x08004178   0x08004178   0x00000004   Code   RO         5220    i.SPI_I2S_SendData  stm32f4xx_spi.o
    0x0800417c   0x0800417c   0x0000003c   Code   RO         5221    i.SPI_Init          stm32f4xx_spi.o
    0x080041b8   0x080041b8   0x00000108   Code   RO          424    i.Serial1_Init      serial.o
    0x080042c0   0x080042c0   0x000000ec   Code   RO            4    i.SetSysClock       system_stm32f4xx.o
    0x080043ac   0x080043ac   0x00000028   Code   RO         1249    i.SysTick_CLKSourceConfig  misc.o
    0x080043d4   0x080043d4   0x00000068   Code   RO            6    i.SystemInit        system_stm32f4xx.o
    0x0800443c   0x0800443c   0x0000002c   Code   RO          148    i.TIM2_IRQHandler   main.o
    0x08004468   0x08004468   0x00000018   Code   RO         5434    i.TIM_ARRPreloadConfig  stm32f4xx_tim.o
    0x08004480   0x08004480   0x00000006   Code   RO         5440    i.TIM_ClearFlag     stm32f4xx_tim.o
    0x08004486   0x08004486   0x00000006   Code   RO         5441    i.TIM_ClearITPendingBit  stm32f4xx_tim.o
    0x0800448c   0x0800448c   0x00000018   Code   RO         5446    i.TIM_Cmd           stm32f4xx_tim.o
    0x080044a4   0x080044a4   0x00000022   Code   RO         5467    i.TIM_GetITStatus   stm32f4xx_tim.o
    0x080044c6   0x080044c6   0x00000012   Code   RO         5471    i.TIM_ITConfig      stm32f4xx_tim.o
    0x080044d8   0x080044d8   0x0000000c   Code   RO         5473    i.TIM_InternalClockConfig  stm32f4xx_tim.o
    0x080044e4   0x080044e4   0x000000a0   Code   RO         5485    i.TIM_OC3Init       stm32f4xx_tim.o
    0x08004584   0x08004584   0x00000012   Code   RO         5488    i.TIM_OC3PreloadConfig  stm32f4xx_tim.o
    0x08004596   0x08004596   0x00000002   PAD
    0x08004598   0x08004598   0x00000078   Code   RO         5490    i.TIM_OC4Init       stm32f4xx_tim.o
    0x08004610   0x08004610   0x0000001a   Code   RO         5492    i.TIM_OC4PreloadConfig  stm32f4xx_tim.o
    0x0800462a   0x0800462a   0x00000012   Code   RO         5504    i.TIM_SelectOutputTrigger  stm32f4xx_tim.o
    0x0800463c   0x0800463c   0x00000004   Code   RO         5510    i.TIM_SetCompare3   stm32f4xx_tim.o
    0x08004640   0x08004640   0x00000004   Code   RO         5512    i.TIM_SetCounter    stm32f4xx_tim.o
    0x08004644   0x08004644   0x00000084   Code   RO         5518    i.TIM_TimeBaseInit  stm32f4xx_tim.o
    0x080046c8   0x080046c8   0x00000080   Code   RO          516    i.TemAndVol_ADC_Config  adc.o
    0x08004748   0x08004748   0x00000078   Code   RO          637    i.Timer2_Init       timer.o
    0x080047c0   0x080047c0   0x0000002c   Code   RO          431    i.USART1_IRQHandler  serial.o
    0x080047ec   0x080047ec   0x00000012   Code   RO         5996    i.USART_ClearFlag   stm32f4xx_usart.o
    0x080047fe   0x080047fe   0x0000001e   Code   RO         5997    i.USART_ClearITPendingBit  stm32f4xx_usart.o
    0x0800481c   0x0800481c   0x00000018   Code   RO         6000    i.USART_Cmd         stm32f4xx_usart.o
    0x08004834   0x08004834   0x000000f0   Code   RO         6002    i.USART_DeInit      stm32f4xx_usart.o
    0x08004924   0x08004924   0x0000001a   Code   RO         6003    i.USART_GetFlagStatus  stm32f4xx_usart.o
    0x0800493e   0x0800493e   0x00000054   Code   RO         6004    i.USART_GetITStatus  stm32f4xx_usart.o
    0x08004992   0x08004992   0x0000004a   Code   RO         6006    i.USART_ITConfig    stm32f4xx_usart.o
    0x080049dc   0x080049dc   0x000000d4   Code   RO         6007    i.USART_Init        stm32f4xx_usart.o
    0x08004ab0   0x08004ab0   0x0000000a   Code   RO         6014    i.USART_ReceiveData  stm32f4xx_usart.o
    0x08004aba   0x08004aba   0x00000008   Code   RO         6017    i.USART_SendData    stm32f4xx_usart.o
    0x08004ac2   0x08004ac2   0x00000018   Code   RO         6023    i.USART_StructInit  stm32f4xx_usart.o
    0x08004ada   0x08004ada   0x00000002   PAD
    0x08004adc   0x08004adc   0x000000d0   Code   RO          783    i.W25QXX_Init       w25qxx.o
    0x08004bac   0x08004bac   0x0000004c   Code   RO          786    i.W25QXX_ReadID     w25qxx.o
    0x08004bf8   0x08004bf8   0x00000020   Code   RO         6949    i.__0printf         mc_w.l(printfa.o)
    0x08004c18   0x08004c18   0x00000026   Code   RO         6979    i.__ARM_fpclassifyf  m_wm.l(fpclassifyf.o)
    0x08004c3e   0x08004c3e   0x00000002   PAD
    0x08004c40   0x08004c40   0x000001e8   Code   RO         6655    i.__hardfp_expf     m_wm.l(expf.o)
    0x08004e28   0x08004e28   0x00000180   Code   RO         6669    i.__hardfp_log10f   m_wm.l(log10f.o)
    0x08004fa8   0x08004fa8   0x0000016c   Code   RO         6683    i.__hardfp_logf     m_wm.l(logf.o)
    0x08005114   0x08005114   0x0000003a   Code   RO         6697    i.__hardfp_sqrtf    m_wm.l(sqrtf_full.o)
    0x0800514e   0x0800514e   0x00000002   PAD
    0x08005150   0x08005150   0x00000014   Code   RO         6981    i.__mathlib_flt_divzero  m_wm.l(funder.o)
    0x08005164   0x08005164   0x00000006   Code   RO         6982    i.__mathlib_flt_infnan  m_wm.l(funder.o)
    0x0800516a   0x0800516a   0x00000002   PAD
    0x0800516c   0x0800516c   0x00000010   Code   RO         6984    i.__mathlib_flt_invalid  m_wm.l(funder.o)
    0x0800517c   0x0800517c   0x00000010   Code   RO         6985    i.__mathlib_flt_overflow  m_wm.l(funder.o)
    0x0800518c   0x0800518c   0x00000010   Code   RO         6987    i.__mathlib_flt_underflow  m_wm.l(funder.o)
    0x0800519c   0x0800519c   0x0000000e   Code   RO         7050    i.__scatterload_copy  mc_w.l(handlers.o)
    0x080051aa   0x080051aa   0x00000002   Code   RO         7051    i.__scatterload_null  mc_w.l(handlers.o)
    0x080051ac   0x080051ac   0x0000000e   Code   RO         7052    i.__scatterload_zeroinit  mc_w.l(handlers.o)
    0x080051ba   0x080051ba   0x00000002   PAD
    0x080051bc   0x080051bc   0x0000000c   Code   RO         7016    i.__set_errno       mc_w.l(errno.o)
    0x080051c8   0x080051c8   0x00000184   Code   RO         6956    i._fp_digits        mc_w.l(printfa.o)
    0x0800534c   0x0800534c   0x000006dc   Code   RO         6957    i._printf_core      mc_w.l(printfa.o)
    0x08005a28   0x08005a28   0x00000024   Code   RO         6958    i._printf_post_padding  mc_w.l(printfa.o)
    0x08005a4c   0x08005a4c   0x0000002e   Code   RO         6959    i._printf_pre_padding  mc_w.l(printfa.o)
    0x08005a7a   0x08005a7a   0x00000002   PAD
    0x08005a7c   0x08005a7c   0x00000030   Code   RO          946    i.apply_relu        asr_cnn.o
    0x08005aac   0x08005aac   0x00000084   Code   RO          947    i.batch_normalization  asr_cnn.o
    0x08005b30   0x08005b30   0x0000002c   Code   RO         1195    i.board_init        board.o
    0x08005b5c   0x08005b5c   0x00000012   Code   RO         1198    i.delay_ms          board.o
    0x08005b6e   0x08005b6e   0x00000002   PAD
    0x08005b70   0x08005b70   0x00000054   Code   RO         1199    i.delay_us          board.o
    0x08005bc4   0x08005bc4   0x0000007e   Code   RO          948    i.dense_layer       asr_cnn.o
    0x08005c42   0x08005c42   0x00000002   PAD
    0x08005c44   0x08005c44   0x00000024   Code   RO          432    i.fputc             serial.o
    0x08005c68   0x08005c68   0x00000042   Code   RO          149    i.main              main.o
    0x08005caa   0x08005caa   0x00000002   PAD
    0x08005cac   0x08005cac   0x00000088   Code   RO          949    i.softmax           asr_cnn.o
    0x08005d34   0x08005d34   0x000017fe   Data   RO          687    .constdata          asr.o
    0x08007532   0x08007532   0x00000002   PAD
    0x08007534   0x08007534   0x0002558c   Data   RO         1011    .constdata          speech_model.o
    0x0802cac0   0x0802cac0   0x00000080   Data   RO         6549    .constdata          arm_cortexM4lf_math.lib(arm_common_tables.o)
    0x0802cb40   0x0802cb40   0x00000100   Data   RO         6550    .constdata          arm_cortexM4lf_math.lib(arm_common_tables.o)
    0x0802cc40   0x0802cc40   0x00000200   Data   RO         6551    .constdata          arm_cortexM4lf_math.lib(arm_common_tables.o)
    0x0802ce40   0x0802ce40   0x00000400   Data   RO         6552    .constdata          arm_cortexM4lf_math.lib(arm_common_tables.o)
    0x0802d240   0x0802d240   0x00000800   Data   RO         6553    .constdata          arm_cortexM4lf_math.lib(arm_common_tables.o)
    0x0802da40   0x0802da40   0x00001000   Data   RO         6554    .constdata          arm_cortexM4lf_math.lib(arm_common_tables.o)
    0x0802ea40   0x0802ea40   0x00002000   Data   RO         6555    .constdata          arm_cortexM4lf_math.lib(arm_common_tables.o)
    0x08030a40   0x08030a40   0x00004000   Data   RO         6556    .constdata          arm_cortexM4lf_math.lib(arm_common_tables.o)
    0x08034a40   0x08034a40   0x00000028   Data   RO         6578    .constdata          arm_cortexM4lf_math.lib(arm_common_tables.o)
    0x08034a68   0x08034a68   0x00000060   Data   RO         6579    .constdata          arm_cortexM4lf_math.lib(arm_common_tables.o)
    0x08034ac8   0x08034ac8   0x00000070   Data   RO         6580    .constdata          arm_cortexM4lf_math.lib(arm_common_tables.o)
    0x08034b38   0x08034b38   0x000001a0   Data   RO         6581    .constdata          arm_cortexM4lf_math.lib(arm_common_tables.o)
    0x08034cd8   0x08034cd8   0x00000370   Data   RO         6582    .constdata          arm_cortexM4lf_math.lib(arm_common_tables.o)
    0x08035048   0x08035048   0x00000380   Data   RO         6583    .constdata          arm_cortexM4lf_math.lib(arm_common_tables.o)
    0x080353c8   0x080353c8   0x00000e10   Data   RO         6584    .constdata          arm_cortexM4lf_math.lib(arm_common_tables.o)
    0x080361d8   0x080361d8   0x00001dc0   Data   RO         6585    .constdata          arm_cortexM4lf_math.lib(arm_common_tables.o)
    0x08037f98   0x08037f98   0x00000080   Data   RO         6596    .constdata          arm_cortexM4lf_math.lib(arm_common_tables.o)
    0x08038018   0x08038018   0x00000100   Data   RO         6597    .constdata          arm_cortexM4lf_math.lib(arm_common_tables.o)
    0x08038118   0x08038118   0x00000200   Data   RO         6598    .constdata          arm_cortexM4lf_math.lib(arm_common_tables.o)
    0x08038318   0x08038318   0x00000400   Data   RO         6599    .constdata          arm_cortexM4lf_math.lib(arm_common_tables.o)
    0x08038718   0x08038718   0x00000800   Data   RO         6600    .constdata          arm_cortexM4lf_math.lib(arm_common_tables.o)
    0x08038f18   0x08038f18   0x00001000   Data   RO         6601    .constdata          arm_cortexM4lf_math.lib(arm_common_tables.o)
    0x08039f18   0x08039f18   0x00002000   Data   RO         6602    .constdata          arm_cortexM4lf_math.lib(arm_common_tables.o)
    0x0803bf18   0x0803bf18   0x00004000   Data   RO         6603    .constdata          arm_cortexM4lf_math.lib(arm_common_tables.o)
    0x0803ff18   0x0803ff18   0x00000804   Data   RO         6604    .constdata          arm_cortexM4lf_math.lib(arm_common_tables.o)
    0x0804071c   0x0804071c   0x00000030   Data   RO         6658    .constdata          m_wm.l(expf.o)
    0x0804074c   0x0804074c   0x00000040   Data   RO         6672    .constdata          m_wm.l(log10f.o)
    0x0804078c   0x0804078c   0x00000040   Data   RO         6686    .constdata          m_wm.l(logf.o)
    0x080407cc   0x080407cc   0x0000000d   Data   RO         1012    .conststring        speech_model.o
    0x080407d9   0x080407d9   0x00000003   PAD
    0x080407dc   0x080407dc   0x00000020   Data   RO         7048    Region$$Table       anon$$obj.o


    Execution Region RW_IRAM1 (Exec base: 0x20000000, Load base: 0x080407fc, Size: 0x00014e38, Max: 0x00020000, ABSOLUTE)

    Exec Addr    Load Addr    Size         Type   Attr      Idx    E Section Name        Object

    0x20000000   0x080407fc   0x00000014   Data   RW            7    .data               system_stm32f4xx.o
    0x20000014   0x08040810   0x00000004   Data   RW          518    .data               adc.o
    0x20000018   0x08040814   0x00000006   Data   RW          583    .data               key.o
    0x2000001e   0x0804081a   0x00000002   PAD
    0x20000020   0x0804081c   0x00000004   Data   RW          639    .data               timer.o
    0x20000024   0x08040820   0x00000005   Data   RW          688    .data               asr.o
    0x20000029   0x08040825   0x00000001   PAD
    0x2000002a   0x08040826   0x00000002   Data   RW          798    .data               w25qxx.o
    0x2000002c   0x08040828   0x0000000c   Data   RW         1013    .data               speech_model.o
    0x20000038   0x08040834   0x00000002   Data   RW         1052    .data               motor.o
    0x2000003a   0x08040836   0x00000010   Data   RW         4301    .data               stm32f4xx_rcc.o
    0x2000004a   0x08040846   0x00000002   PAD
    0x2000004c   0x08040848   0x00000004   Data   RW         7009    .data               mc_w.l(stdout.o)
    0x20000050   0x0804084c   0x00000004   Data   RW         7017    .data               mc_w.l(errno.o)
    0x20000054        -       0x00003e80   Zero   RW          517    .bss                adc.o
    0x20003ed4        -       0x0000f84c   Zero   RW          686    .bss                asr.o
    0x20013720        -       0x00001314   Zero   RW          950    .bss                asr_cnn.o
    0x20014a34   0x08040850   0x00000004   PAD
    0x20014a38        -       0x00000400   Zero   RW          354    STACK               startup_stm32f40xx.o


==============================================================================

Image component sizes


      Code (inc. data)   RO Data    RW Data    ZI Data      Debug   Object Name

       936         84          0          4      16000       5241   adc.o
      4250       1260       6142          5      63564      13754   asr.o
       854        116          0          0       4884       6298   asr_cnn.o
       146         16          0          0          0       1723   board.o
       680        224          0          0          0       3597   buletooth_show.o
       276         46          0          6          0       3358   key.o
       164         18          0          0          0       1547   led.o
       110          6          0          0          0     321541   main.o
       180         24          0          0          0       2509   misc.o
       528         44          0          2          0       5206   motor.o
       204         16          0          0          0       1291   pwm.o
       344         22          0          0          0       3791   serial.o
         0          0     152985         12          0      14678   speech_model.o
       296         20          0          0          0       1937   spi.o
        36          8        392          0       1024        972   startup_stm32f40xx.o
       396         24          0          0          0       7011   stm32f4xx_adc.o
       736         72          0          0          0       7302   stm32f4xx_dma.o
       260          0          0          0          0       4785   stm32f4xx_gpio.o
       392         48          0         16          0       6625   stm32f4xx_rcc.o
       112          0          0          0          0       4114   stm32f4xx_spi.o
       606         46          0          0          0      11294   stm32f4xx_tim.o
       750         42          0          0          0       9147   stm32f4xx_usart.o
       340         32          0         20          0     329229   system_stm32f4xx.o
       120          0          0          4          0       1147   timer.o
       284        100          0          2          0       1907   w25qxx.o

    ----------------------------------------------------------------------
     13024       2268     159556         76      85476     770004   Object Totals
         0          0         32          0          0          0   (incl. Generated)
        24          0          5          5          4          0   (incl. Padding)

    ----------------------------------------------------------------------

      Code (inc. data)   RO Data    RW Data    ZI Data      Debug   Library Member Name

       192          0          0          0          0        528   arm_bitreversal2.o
      1826          0          0          0          0       3577   arm_cfft_f32.o
      1244          4          0          0          0       2395   arm_cfft_radix8_f32.o
         0          0      80988          0          0       4636   arm_common_tables.o
       132          0          0          0          0        775   arm_copy_f32.o
       120         12          0          0          0        654   arm_cos_f32.o
         8          0          0          0          0        843   arm_mat_init_f32.o
       316          4          0          0          0       1627   arm_mat_mult_f32.o
       216          0          0          0          0       1286   arm_max_f32.o
       144          6          0          0          0        783   arm_mean_f32.o
       210          0          0          0          0      17267   arm_mult_f32.o
       402          0          0          0          0       2316   arm_rfft_fast_f32.o
       296         98          0          0          0       1137   arm_rfft_fast_init_f32.o
       152          0          0          0          0        808   arm_scale_f32.o
       488         62         48          0          0        236   expf.o
        38          0          0          0          0        116   fpclassifyf.o
        74         24          0          0          0        580   funder.o
       384         52         64          0          0        140   log10f.o
       364         44         64          0          0        140   logf.o
        58          0          0          0          0        136   sqrtf_full.o
         0          0          0          0          0          0   entry.o
         0          0          0          0          0          0   entry10a.o
         0          0          0          0          0          0   entry11a.o
         8          4          0          0          0          0   entry2.o
         4          0          0          0          0          0   entry5.o
         0          0          0          0          0          0   entry7b.o
         0          0          0          0          0          0   entry8b.o
         8          4          0          0          0          0   entry9a.o
        12          6          0          4          0         68   errno.o
        30          0          0          0          0          0   handlers.o
        36          8          0          0          0         68   init.o
         0          0          0          0          0          0   iusefp.o
        30          0          0          0          0         68   llshl.o
        36          0          0          0          0         68   llsshr.o
        32          0          0          0          0         68   llushr.o
        36          0          0          0          0        108   memseta.o
      2258         90          0          0          0        452   printfa.o
         0          0          0          4          0          0   stdout.o
        28          0          0          0          0         76   strcmp.o
        44          0          0          0          0         80   uidiv.o
        98          0          0          0          0         92   uldiv.o
        48          0          0          0          0         68   cdrcmple.o
       334          0          0          0          0        148   dadd.o
       222          0          0          0          0        100   ddiv.o
       186          0          0          0          0        176   depilogue.o
        48          0          0          0          0         68   dfixul.o
       228          0          0          0          0         96   dmul.o
        38          0          0          0          0         68   f2d.o

    ----------------------------------------------------------------------
     10444        418      81164          8          0      41852   Library Totals
        16          0          0          0          0          0   (incl. Padding)

    ----------------------------------------------------------------------

      Code (inc. data)   RO Data    RW Data    ZI Data      Debug   Library Name

      5258        124      80988          0          0      38632   arm_cortexM4lf_math.lib
      1406        182        176          0          0       1348   m_wm.l
      2660        112          0          8          0       1148   mc_w.l
      1104          0          0          0          0        724   mf_w.l

    ----------------------------------------------------------------------
     10444        418      81164          8          0      41852   Library Totals

    ----------------------------------------------------------------------

==============================================================================


      Code (inc. data)   RO Data    RW Data    ZI Data      Debug   

     23468       2686     240720         84      85476     797476   Grand Totals
     23468       2686     240720         84      85476     797476   ELF Image Totals
     23468       2686     240720         84          0          0   ROM Totals

==============================================================================

    Total RO  Size (Code + RO Data)               264188 ( 258.00kB)
    Total RW  Size (RW Data + ZI Data)             85560 (  83.55kB)
    Total ROM Size (Code + RO Data + RW Data)     264272 ( 258.08kB)

==============================================================================

