Component: ARM Compiler 5.06 update 5 (build 528) Tool: armlink [4d35e2]

==============================================================================

Section Cross References

    system_stm32f4xx.o(i.SystemCoreClockUpdate) refers to system_stm32f4xx.o(.data) for SystemCoreClock
    system_stm32f4xx.o(i.SystemInit) refers to system_stm32f4xx.o(i.SetSysClock) for SetSysClock
    main.o(i.TIM2_IRQHandler) refers to stm32f4xx_tim.o(i.TIM_GetITStatus) for TIM_GetITStatus
    main.o(i.TIM2_IRQHandler) refers to key.o(i.Key_Tick) for Key_Tick
    main.o(i.TIM2_IRQHandler) refers to stm32f4xx_tim.o(i.TIM_ClearITPendingBit) for TIM_ClearITPendingBit
    main.o(i.TIM2_IRQHandler) refers to timer.o(.data) for sys_millis
    main.o(i.main) refers to board.o(i.board_init) for board_init
    main.o(i.main) refers to led.o(i.LED_init) for LED_init
    main.o(i.main) refers to key.o(i.Key_Init) for Key_Init
    main.o(i.main) refers to timer.o(i.Timer2_Init) for Timer2_Init
    main.o(i.main) refers to serial.o(i.Serial1_Init) for Serial1_Init
    main.o(i.main) refers to adc.o(i.ADC_DMA_Init) for ADC_DMA_Init
    main.o(i.main) refers to w25qxx.o(i.W25QXX_Init) for W25QXX_Init
    main.o(i.main) refers to asr.o(i.ASR_Init) for ASR_Init
    main.o(i.main) refers to asr.o(i.Recognition) for Recognition
    startup_stm32f40xx.o(RESET) refers to startup_stm32f40xx.o(STACK) for __initial_sp
    startup_stm32f40xx.o(RESET) refers to startup_stm32f40xx.o(.text) for Reset_Handler
    startup_stm32f40xx.o(RESET) refers to main.o(i.TIM2_IRQHandler) for TIM2_IRQHandler
    startup_stm32f40xx.o(RESET) refers to serial.o(i.USART1_IRQHandler) for USART1_IRQHandler
    startup_stm32f40xx.o(RESET) refers to adc.o(i.DMA2_Stream0_IRQHandler) for DMA2_Stream0_IRQHandler
    startup_stm32f40xx.o(.text) refers to system_stm32f4xx.o(i.SystemInit) for SystemInit
    startup_stm32f40xx.o(.text) refers to entry.o(.ARM.Collect$$$$00000000) for __main
    led.o(i.LED1_OFF) refers to stm32f4xx_gpio.o(i.GPIO_SetBits) for GPIO_SetBits
    led.o(i.LED1_ON) refers to stm32f4xx_gpio.o(i.GPIO_ResetBits) for GPIO_ResetBits
    led.o(i.LED1_Turn) refers to stm32f4xx_gpio.o(i.GPIO_ReadInputDataBit) for GPIO_ReadInputDataBit
    led.o(i.LED1_Turn) refers to stm32f4xx_gpio.o(i.GPIO_ResetBits) for GPIO_ResetBits
    led.o(i.LED1_Turn) refers to stm32f4xx_gpio.o(i.GPIO_SetBits) for GPIO_SetBits
    led.o(i.LED2_OFF) refers to stm32f4xx_gpio.o(i.GPIO_SetBits) for GPIO_SetBits
    led.o(i.LED2_ON) refers to stm32f4xx_gpio.o(i.GPIO_ResetBits) for GPIO_ResetBits
    led.o(i.LED2_Turn) refers to stm32f4xx_gpio.o(i.GPIO_ReadInputDataBit) for GPIO_ReadInputDataBit
    led.o(i.LED2_Turn) refers to stm32f4xx_gpio.o(i.GPIO_ResetBits) for GPIO_ResetBits
    led.o(i.LED2_Turn) refers to stm32f4xx_gpio.o(i.GPIO_SetBits) for GPIO_SetBits
    led.o(i.LED_init) refers to stm32f4xx_rcc.o(i.RCC_AHB1PeriphClockCmd) for RCC_AHB1PeriphClockCmd
    led.o(i.LED_init) refers to stm32f4xx_gpio.o(i.GPIO_Init) for GPIO_Init
    led.o(i.LED_init) refers to stm32f4xx_gpio.o(i.GPIO_SetBits) for GPIO_SetBits
    serial.o(i.Serial1_Init) refers to stm32f4xx_rcc.o(i.RCC_AHB1PeriphClockCmd) for RCC_AHB1PeriphClockCmd
    serial.o(i.Serial1_Init) refers to stm32f4xx_gpio.o(i.GPIO_PinAFConfig) for GPIO_PinAFConfig
    serial.o(i.Serial1_Init) refers to stm32f4xx_gpio.o(i.GPIO_StructInit) for GPIO_StructInit
    serial.o(i.Serial1_Init) refers to stm32f4xx_gpio.o(i.GPIO_Init) for GPIO_Init
    serial.o(i.Serial1_Init) refers to stm32f4xx_rcc.o(i.RCC_APB2PeriphClockCmd) for RCC_APB2PeriphClockCmd
    serial.o(i.Serial1_Init) refers to stm32f4xx_usart.o(i.USART_DeInit) for USART_DeInit
    serial.o(i.Serial1_Init) refers to stm32f4xx_usart.o(i.USART_StructInit) for USART_StructInit
    serial.o(i.Serial1_Init) refers to stm32f4xx_usart.o(i.USART_Init) for USART_Init
    serial.o(i.Serial1_Init) refers to stm32f4xx_usart.o(i.USART_ClearFlag) for USART_ClearFlag
    serial.o(i.Serial1_Init) refers to stm32f4xx_usart.o(i.USART_Cmd) for USART_Cmd
    serial.o(i.Serial1_Init) refers to stm32f4xx_usart.o(i.USART_ITConfig) for USART_ITConfig
    serial.o(i.Serial1_Init) refers to misc.o(i.NVIC_PriorityGroupConfig) for NVIC_PriorityGroupConfig
    serial.o(i.Serial1_Init) refers to misc.o(i.NVIC_Init) for NVIC_Init
    serial.o(i.Serial_Printf) refers to printfa.o(i.__0vsprintf) for vsprintf
    serial.o(i.Serial_Printf) refers to serial.o(i.Serial_SendString) for Serial_SendString
    serial.o(i.Serial_SendArray) refers to serial.o(i.Serial_SendByte) for Serial_SendByte
    serial.o(i.Serial_SendByte) refers to stm32f4xx_usart.o(i.USART_SendData) for USART_SendData
    serial.o(i.Serial_SendByte) refers to stm32f4xx_usart.o(i.USART_GetFlagStatus) for USART_GetFlagStatus
    serial.o(i.Serial_SendNumber) refers to serial.o(i.Serial_Pow) for Serial_Pow
    serial.o(i.Serial_SendNumber) refers to serial.o(i.Serial_SendByte) for Serial_SendByte
[...]
    ..\\TransformFunctions\\arm_cfft_f32.c   0x00000000   Number         0  arm_cfft_f32.o ABSOLUTE
    ..\\TransformFunctions\\arm_cfft_radix8_f32.c 0x00000000   Number         0  arm_cfft_radix8_f32.o ABSOLUTE
    ..\\TransformFunctions\\arm_rfft_fast_f32.c 0x00000000   Number         0  arm_rfft_fast_f32.o ABSOLUTE
    ..\\TransformFunctions\\arm_rfft_fast_init_f32.c 0x00000000   Number         0  arm_rfft_fast_init_f32.o ABSOLUTE
    cdrcmple.s                               0x00000000   Number         0  cdrcmple.o ABSOLUTE
    dc.s                                     0x00000000   Number         0  dc.o ABSOLUTE
    handlers.s                               0x00000000   Number         0  handlers.o ABSOLUTE
    init.s                                   0x00000000   Number         0  init.o ABSOLUTE
    RESET                                    0x08000000   Section      392  startup_stm32f40xx.o(RESET)
    . text                                   0x08000188   Section      192  arm_bitreversal2.o(. text)
    $v0                                      0x08000188   Number         0  arm_bitreversal2.o(. text)
    .ARM.Collect$$$$00000000                 0x08000248   Section        0  entry.o(.ARM.Collect$$$$00000000)
    .ARM.Collect$$$$00000001                 0x08000248   Section        4  entry2.o(.ARM.Collect$$$$00000001)
    .ARM.Collect$$$$00000004                 0x0800024c   Section        4  entry5.o(.ARM.Collect$$$$00000004)
    .ARM.Collect$$$$00000008                 0x08000250   Section        0  entry7b.o(.ARM.Collect$$$$00000008)
    .ARM.Collect$$$$0000000A                 0x08000250   Section        0  entry8b.o(.ARM.Collect$$$$0000000A)
    .ARM.Collect$$$$0000000B                 0x08000250   Section        8  entry9a.o(.ARM.Collect$$$$0000000B)
    .ARM.Collect$$$$0000000D                 0x08000258   Section        0  entry10a.o(.ARM.Collect$$$$0000000D)
    .ARM.Collect$$$$0000000F                 0x08000258   Section        0  entry11a.o(.ARM.Collect$$$$0000000F)
    .ARM.Collect$$$$00002712                 0x08000258   Section        4  entry2.o(.ARM.Collect$$$$00002712)
    __lit__00000000                          0x08000258   Data           4  entry2.o(.ARM.Collect$$$$00002712)
    .text                                    0x0800025c   Section       36  startup_stm32f40xx.o(.text)
    $v0                                      0x0800025c   Number         0  startup_stm32f40xx.o(.text)
    .text                                    0x08000280   Section        0  arm_mult_f32.o(.text)
    .text                                    0x08000354   Section        0  arm_scale_f32.o(.text)
    .text                                    0x080003ec   Section        0  arm_cos_f32.o(.text)
    .text                                    0x08000464   Section        0  arm_mat_init_f32.o(.text)
    .text                                    0x0800046c   Section        0  arm_mat_mult_f32.o(.text)
    .text                                    0x080005a8   Section        0  arm_rfft_fast_f32.o(.text)
    .text                                    0x0800073c   Section        0  arm_rfft_fast_init_f32.o(.text)
    .text                                    0x08000864   Section        0  arm_max_f32.o(.text)
    .text                                    0x0800093c   Section        0  arm_mean_f32.o(.text)
    .text                                    0x080009cc   Section        0  arm_copy_f32.o(.text)
    .text                                    0x08000a50   Section        0  arm_cfft_f32.o(.text)
    .text                                    0x08001174   Section        0  arm_cfft_radix8_f32.o(.text)
    .text                                    0x08001650   Section        0  memseta.o(.text)
    .text                                    0x08001674   Section        0  strcmp.o(.text)
    .text                                    0x08001690   Section        0  f2d.o(.text)
    .text                                    0x080016b6   Section        0  uidiv.o(.text)
    .text                                    0x080016e2   Section        0  uldiv.o(.text)
    .text                                    0x08001744   Section        0  iusefp.o(.text)
    .text                                    0x08001744   Section        0  dadd.o(.text)
    .text                                    0x08001892   Section        0  dmul.o(.text)
    .text                                    0x08001976   Section        0  ddiv.o(.text)
    .text                                    0x08001a54   Section        0  dfixul.o(.text)
    .text                                    0x08001a84   Section       48  cdrcmple.o(.text)
    .text                                    0x08001ab4   Section       36  init.o(.text)
    .text                                    0x08001ad8   Section        0  llshl.o(.text)
    .text                                    0x08001af6   Section        0  llushr.o(.text)
    .text                                    0x08001b16   Section        0  llsshr.o(.text)
    .text                                    0x08001b3a   Section        0  depilogue.o(.text)
    i.ADC_Cmd                                0x08001bf4   Section        0  stm32f4xx_adc.o(i.ADC_Cmd)
    i.ADC_CommonInit                         0x08001c0c   Section        0  stm32f4xx_adc.o(i.ADC_CommonInit)
    i.ADC_DMACmd                             0x08001c3c   Section        0  stm32f4xx_adc.o(i.ADC_DMACmd)
    i.ADC_DMA_Init                           0x08001c54   Section        0  adc.o(i.ADC_DMA_Init)
    i.ADC_Init                               0x08001db8   Section        0  stm32f4xx_adc.o(i.ADC_Init)
    i.ADC_RegularChannelConfig               0x08001e0c   Section        0  stm32f4xx_adc.o(i.ADC_RegularChannelConfig)
    i.ADC_Start                              0x08001ec4   Section        0  adc.o(i.ADC_Start)
    i.ASR_CNN_GetLabel                       0x08001fc4   Section        0  asr_cnn.o(i.ASR_CNN_GetLabel)
    i.ASR_CNN_Init                           0x08001fe4   Section        0  asr_cnn.o(i.ASR_CNN_Init)
    i.ASR_CNN_Recognize                      0x08002010   Section        0  asr_cnn.o(i.ASR_CNN_Recognize)
    i.ASR_CombineFeatures                    0x08002160   Section        0  asr.o(i.ASR_CombineFeatures)
    i.ASR_ComputeDeltaFeatures               0x08002260   Section        0  asr.o(i.ASR_ComputeDeltaFeatures)
    i.ASR_DetectEndpoints                    0x0800230c   Section        0  asr.o(i.ASR_DetectEndpoints)
    i.ASR_ExtractFeaturesOnly                0x080024f4   Section        0  asr.o(i.ASR_ExtractFeaturesOnly)
    i.ASR_ExtractMFCCWithDeltas              0x08002510   Section        0  asr.o(i.ASR_ExtractMFCCWithDeltas)
    i.ASR_HandleRecognitionResult            0x080028b4   Section        0  asr.o(i.ASR_HandleRecognitionResult)
    i.ASR_Init                               0x0800297c   Section        0  asr.o(i.ASR_Init)
    i.ASR_NormalizeMFCC                      0x08002a18   Section        0  asr.o(i.ASR_NormalizeMFCC)
    i.ASR_Preprocess                         0x08002ae0   Section        0  asr.o(i.ASR_Preprocess)
    i.ASR_RecognizeSpeech                    0x08002db4   Section        0  asr.o(i.ASR_RecognizeSpeech)
    i.ASR_SendCNNTrainingData                0x08002ebc   Section        0  asr.o(i.ASR_SendCNNTrainingData)
    i.DMA2_Stream0_IRQHandler                0x0800317c   Section        0  adc.o(i.DMA2_Stream0_IRQHandler)
    i.DMA_ClearFlag                          0x080031b0   Section        0  stm32f4xx_dma.o(i.DMA_ClearFlag)
    i.DMA_ClearITPendingBit                  0x080031e4   Section        0  stm32f4xx_dma.o(i.DMA_ClearITPendingBit)
    i.DMA_Cmd                                0x08003218   Section        0  stm32f4xx_dma.o(i.DMA_Cmd)
    i.DMA_DeInit                             0x08003230   Section        0  stm32f4xx_dma.o(i.DMA_DeInit)
    i.DMA_GetCmdStatus                       0x08003388   Section        0  stm32f4xx_dma.o(i.DMA_GetCmdStatus)
    i.DMA_GetITStatus                        0x0800339c   Section        0  stm32f4xx_dma.o(i.DMA_GetITStatus)
    i.DMA_ITConfig                           0x08003400   Section        0  stm32f4xx_dma.o(i.DMA_ITConfig)
    i.DMA_Init                               0x0800343c   Section        0  stm32f4xx_dma.o(i.DMA_Init)
    i.GPIO_Init                              0x08003494   Section        0  stm32f4xx_gpio.o(i.GPIO_Init)
    i.GPIO_PinAFConfig                       0x08003524   Section        0  stm32f4xx_gpio.o(i.GPIO_PinAFConfig)
    i.GPIO_ReadInputDataBit                  0x0800356a   Section        0  stm32f4xx_gpio.o(i.GPIO_ReadInputDataBit)
    i.GPIO_ResetBits                         0x0800357c   Section        0  stm32f4xx_gpio.o(i.GPIO_ResetBits)
    i.GPIO_SetBits                           0x08003582   Section        0  stm32f4xx_gpio.o(i.GPIO_SetBits)
    i.GPIO_StructInit                        0x08003586   Section        0  stm32f4xx_gpio.o(i.GPIO_StructInit)
    i.GetKeyNum                              0x08003598   Section        0  key.o(i.GetKeyNum)
    i.Key_GetState                           0x080035b4   Section        0  key.o(i.Key_GetState)
    i.Key_Init                               0x080035dc   Section        0  key.o(i.Key_Init)
    i.Key_Tick                               0x08003618   Section        0  key.o(i.Key_Tick)
    i.LED1_Turn                              0x08003668   Section        0  led.o(i.LED1_Turn)
    i.LED2_Turn                              0x08003694   Section        0  led.o(i.LED2_Turn)
    i.LED_init                               0x080036c0   Section        0  led.o(i.LED_init)
    i.NVIC_Init                              0x0800370c   Section        0  misc.o(i.NVIC_Init)
    i.NVIC_PriorityGroupConfig               0x08003784   Section        0  misc.o(i.NVIC_PriorityGroupConfig)
    i.RCC_AHB1PeriphClockCmd                 0x08003798   Section        0  stm32f4xx_rcc.o(i.RCC_AHB1PeriphClockCmd)
    i.RCC_APB1PeriphClockCmd                 0x080037b8   Section        0  stm32f4xx_rcc.o(i.RCC_APB1PeriphClockCmd)
    i.RCC_APB1PeriphResetCmd                 0x080037d8   Section        0  stm32f4xx_rcc.o(i.RCC_APB1PeriphResetCmd)
    i.RCC_APB2PeriphClockCmd                 0x080037f8   Section        0  stm32f4xx_rcc.o(i.RCC_APB2PeriphClockCmd)
    i.RCC_APB2PeriphResetCmd                 0x08003818   Section        0  stm32f4xx_rcc.o(i.RCC_APB2PeriphResetCmd)
    i.RCC_GetClocksFreq                      0x08003838   Section        0  stm32f4xx_rcc.o(i.RCC_GetClocksFreq)
    i.Recognition                            0x08003920   Section        0  asr.o(i.Recognition)
    i.SPI1_Init                              0x0800398c   Section        0  spi.o(i.SPI1_Init)
    i.SPI1_ReadWriteByte                     0x08003a38   Section        0  spi.o(i.SPI1_ReadWriteByte)
    i.SPI1_SetSpeed                          0x08003a8c   Section        0  spi.o(i.SPI1_SetSpeed)
    i.SPI_Cmd                                0x08003ab4   Section        0  stm32f4xx_spi.o(i.SPI_Cmd)
    i.SPI_I2S_GetFlagStatus                  0x08003acc   Section        0  stm32f4xx_spi.o(i.SPI_I2S_GetFlagStatus)
    i.SPI_I2S_ReceiveData                    0x08003ade   Section        0  stm32f4xx_spi.o(i.SPI_I2S_ReceiveData)
    i.SPI_I2S_SendData                       0x08003ae4   Section        0  stm32f4xx_spi.o(i.SPI_I2S_SendData)
    i.SPI_Init                               0x08003ae8   Section        0  stm32f4xx_spi.o(i.SPI_Init)
    i.Serial1_Init                           0x08003b24   Section        0  serial.o(i.Serial1_Init)
    i.SetSysClock                            0x08003c2c   Section        0  system_stm32f4xx.o(i.SetSysClock)
    SetSysClock                              0x08003c2d   Thumb Code   220  system_stm32f4xx.o(i.SetSysClock)
    i.SysTick_CLKSourceConfig                0x08003d18   Section        0  misc.o(i.SysTick_CLKSourceConfig)
    i.SystemInit                             0x08003d40   Section        0  system_stm32f4xx.o(i.SystemInit)
    i.TIM2_IRQHandler                        0x08003da8   Section        0  main.o(i.TIM2_IRQHandler)
    i.TIM_ClearFlag                          0x08003dd4   Section        0  stm32f4xx_tim.o(i.TIM_ClearFlag)
    i.TIM_ClearITPendingBit                  0x08003dda   Section        0  stm32f4xx_tim.o(i.TIM_ClearITPendingBit)
    i.TIM_Cmd                                0x08003de0   Section        0  stm32f4xx_tim.o(i.TIM_Cmd)
    i.TIM_GetITStatus                        0x08003df8   Section        0  stm32f4xx_tim.o(i.TIM_GetITStatus)
    i.TIM_ITConfig                           0x08003e1a   Section        0  stm32f4xx_tim.o(i.TIM_ITConfig)
    i.TIM_InternalClockConfig                0x08003e2c   Section        0  stm32f4xx_tim.o(i.TIM_InternalClockConfig)
    i.TIM_SelectOutputTrigger                0x08003e38   Section        0  stm32f4xx_tim.o(i.TIM_SelectOutputTrigger)
    i.TIM_SetCounter                         0x08003e4a   Section        0  stm32f4xx_tim.o(i.TIM_SetCounter)
    i.TIM_TimeBaseInit                       0x08003e50   Section        0  stm32f4xx_tim.o(i.TIM_TimeBaseInit)
    i.Timer2_Init                            0x08003ed4   Section        0  timer.o(i.Timer2_Init)
    i.USART1_IRQHandler                      0x08003f4c   Section        0  serial.o(i.USART1_IRQHandler)
    i.USART_ClearFlag                        0x08003f78   Section        0  stm32f4xx_usart.o(i.USART_ClearFlag)
    i.USART_ClearITPendingBit                0x08003f8a   Section        0  stm32f4xx_usart.o(i.USART_ClearITPendingBit)
    i.USART_Cmd                              0x08003fa8   Section        0  stm32f4xx_usart.o(i.USART_Cmd)
    i.USART_DeInit                           0x08003fc0   Section        0  stm32f4xx_usart.o(i.USART_DeInit)
    i.USART_GetFlagStatus                    0x080040b0   Section        0  stm32f4xx_usart.o(i.USART_GetFlagStatus)
    i.USART_GetITStatus                      0x080040ca   Section        0  stm32f4xx_usart.o(i.USART_GetITStatus)
    i.USART_ITConfig                         0x0800411e   Section        0  stm32f4xx_usart.o(i.USART_ITConfig)
    i.USART_Init                             0x08004168   Section        0  stm32f4xx_usart.o(i.USART_Init)
    i.USART_ReceiveData                      0x0800423c   Section        0  stm32f4xx_usart.o(i.USART_ReceiveData)
    i.USART_SendData                         0x08004246   Section        0  stm32f4xx_usart.o(i.USART_SendData)
    i.USART_StructInit                       0x0800424e   Section        0  stm32f4xx_usart.o(i.USART_StructInit)
    i.W25QXX_Init                            0x08004268   Section        0  w25qxx.o(i.W25QXX_Init)
    i.W25QXX_ReadID                          0x08004338   Section        0  w25qxx.o(i.W25QXX_ReadID)
    i.__0printf                              0x08004384   Section        0  printfa.o(i.__0printf)
    i.__ARM_fpclassifyf                      0x080043a4   Section        0  fpclassifyf.o(i.__ARM_fpclassifyf)
    i.__hardfp_expf                          0x080043cc   Section        0  expf.o(i.__hardfp_expf)
    i.__hardfp_log10f                        0x080045b4   Section        0  log10f.o(i.__hardfp_log10f)
    i.__hardfp_sqrtf                         0x08004734   Section        0  sqrtf_full.o(i.__hardfp_sqrtf)
    i.__mathlib_flt_divzero                  0x08004770   Section        0  funder.o(i.__mathlib_flt_divzero)
    i.__mathlib_flt_infnan                   0x08004784   Section        0  funder.o(i.__mathlib_flt_infnan)
    i.__mathlib_flt_invalid                  0x0800478c   Section        0  funder.o(i.__mathlib_flt_invalid)
    i.__mathlib_flt_overflow                 0x0800479c   Section        0  funder.o(i.__mathlib_flt_overflow)
    i.__mathlib_flt_underflow                0x080047ac   Section        0  funder.o(i.__mathlib_flt_underflow)
    i.__scatterload_copy                     0x080047bc   Section       14  handlers.o(i.__scatterload_copy)
    i.__scatterload_null                     0x080047ca   Section        2  handlers.o(i.__scatterload_null)
    i.__scatterload_zeroinit                 0x080047cc   Section       14  handlers.o(i.__scatterload_zeroinit)
    i.__set_errno                            0x080047dc   Section        0  errno.o(i.__set_errno)
    i._fp_digits                             0x080047e8   Section        0  printfa.o(i._fp_digits)
    _fp_digits                               0x080047e9   Thumb Code   366  printfa.o(i._fp_digits)
    i._printf_core                           0x0800496c   Section        0  printfa.o(i._printf_core)
    _printf_core                             0x0800496d   Thumb Code  1744  printfa.o(i._printf_core)
    i._printf_post_padding                   0x08005048   Section        0  printfa.o(i._printf_post_padding)
    _printf_post_padding                     0x08005049   Thumb Code    36  printfa.o(i._printf_post_padding)
    i._printf_pre_padding                    0x0800506c   Section        0  printfa.o(i._printf_pre_padding)
    _printf_pre_padding                      0x0800506d   Thumb Code    46  printfa.o(i._printf_pre_padding)
    i.apply_relu                             0x0800509c   Section        0  asr_cnn.o(i.apply_relu)
    apply_relu                               0x0800509d   Thumb Code    44  asr_cnn.o(i.apply_relu)
    i.batch_normalization                    0x080050cc   Section        0  asr_cnn.o(i.batch_normalization)
    batch_normalization                      0x080050cd   Thumb Code   132  asr_cnn.o(i.batch_normalization)
    i.board_init                             0x08005150   Section        0  board.o(i.board_init)
    i.delay_ms                               0x0800517c   Section        0  board.o(i.delay_ms)
    i.delay_us                               0x08005190   Section        0  board.o(i.delay_us)
    i.dense_layer                            0x080051e4   Section        0  asr_cnn.o(i.dense_layer)
    dense_layer                              0x080051e5   Thumb Code   126  asr_cnn.o(i.dense_layer)
    i.fputc                                  0x08005264   Section        0  serial.o(i.fputc)
    i.main                                   0x08005288   Section        0  main.o(i.main)
    i.softmax                                0x080052b4   Section        0  asr_cnn.o(i.softmax)
    softmax                                  0x080052b5   Thumb Code   132  asr_cnn.o(i.softmax)
    .constdata                               0x0800533c   Section     6142  asr.o(.constdata)
    .constdata                               0x08006b3c   Section    152972  speech_model.o(.constdata)
    .constdata                               0x0802c0c8   Section      128  arm_common_tables.o(.constdata)
    .constdata                               0x0802c148   Section      256  arm_common_tables.o(.constdata)
    .constdata                               0x0802c248   Section      512  arm_common_tables.o(.constdata)
    .constdata                               0x0802c448   Section     1024  arm_common_tables.o(.constdata)
    .constdata                               0x0802c848   Section     2048  arm_common_tables.o(.constdata)
    .constdata                               0x0802d048   Section     4096  arm_common_tables.o(.constdata)
    .constdata                               0x0802e048   Section     8192  arm_common_tables.o(.constdata)
    .constdata                               0x08030048   Section    16384  arm_common_tables.o(.constdata)
    .constdata                               0x08034048   Section       40  arm_common_tables.o(.constdata)
    .constdata                               0x08034070   Section       96  arm_common_tables.o(.constdata)
    .constdata                               0x080340d0   Section      112  arm_common_tables.o(.constdata)
    .constdata                               0x08034140   Section      416  arm_common_tables.o(.constdata)
    .constdata                               0x080342e0   Section      880  arm_common_tables.o(.constdata)
    .constdata                               0x08034650   Section      896  arm_common_tables.o(.constdata)
    .constdata                               0x080349d0   Section     3600  arm_common_tables.o(.constdata)
    .constdata                               0x080357e0   Section     7616  arm_common_tables.o(.constdata)
    .constdata                               0x080375a0   Section      128  arm_common_tables.o(.constdata)
    .constdata                               0x08037620   Section      256  arm_common_tables.o(.constdata)
    .constdata                               0x08037720   Section      512  arm_common_tables.o(.constdata)
    .constdata                               0x08037920   Section     1024  arm_common_tables.o(.constdata)
    .constdata                               0x08037d20   Section     2048  arm_common_tables.o(.constdata)
    .constdata                               0x08038520   Section     4096  arm_common_tables.o(.constdata)
    .constdata                               0x08039520   Section     8192  arm_common_tables.o(.constdata)
    .constdata                               0x0803b520   Section    16384  arm_common_tables.o(.constdata)
    .constdata                               0x0803f520   Section     2052  arm_common_tables.o(.constdata)
    .constdata                               0x0803fd24   Section       48  expf.o(.constdata)
    twotokover4top                           0x0803fd24   Data          16  expf.o(.constdata)
    twotokover4bot                           0x0803fd34   Data          16  expf.o(.constdata)
    twotokover4all                           0x0803fd44   Data          16  expf.o(.constdata)
    .constdata                               0x0803fd54   Section       64  log10f.o(.constdata)
    logahi                                   0x0803fd54   Data          32  log10f.o(.constdata)
    logalo                                   0x0803fd74   Data          32  log10f.o(.constdata)
    .conststring                             0x0803fd94   Section       13  speech_model.o(.conststring)
    .data                                    0x20000000   Section       20  system_stm32f4xx.o(.data)
    .data                                    0x20000014   Section        4  adc.o(.data)
    print_index                              0x20000016   Data           2  adc.o(.data)
    .data                                    0x20000018   Section        4  key.o(.data)
    Count                                    0x20000019   Data           1  key.o(.data)
    CurrState                                0x2000001a   Data           1  key.o(.data)
    PrevState                                0x2000001b   Data           1  key.o(.data)
    .data                                    0x2000001c   Section        4  timer.o(.data)
    .data                                    0x20000020   Section        5  asr.o(.data)
    .data                                    0x20000026   Section        2  w25qxx.o(.data)
    .data                                    0x20000028   Section       12  speech_model.o(.data)
    .data                                    0x20000034   Section       16  stm32f4xx_rcc.o(.data)
    APBAHBPrescTable                         0x20000034   Data          16  stm32f4xx_rcc.o(.data)
    .data                                    0x20000044   Section        4  stdout.o(.data)
    .data                                    0x20000048   Section        4  errno.o(.data)
    _errno                                   0x20000048   Data           4  errno.o(.data)
    .bss                                     0x2000004c   Section    16000  adc.o(.bss)
    .bss                                     0x20003ecc   Section    63564  asr.o(.bss)
    features                                 0x200124d0   Data        4680  asr.o(.bss)
    .bss                                     0x20013718   Section     4884  asr_cnn.o(.bss)
    flattened_input                          0x20013718   Data        4680  asr_cnn.o(.bss)
    fc0_output                               0x20014960   Data         128  asr_cnn.o(.bss)
    fc1_output                               0x200149e0   Data          64  asr_cnn.o(.bss)
    output                                   0x20014a20   Data          12  asr_cnn.o(.bss)
    STACK                                    0x20014a30   Section     1024  startup_stm32f40xx.o(STACK)

    Global Symbols

    Symbol Name                              Value     Ov Type        Size  Object(Section)

    BuildAttributes$$THM_ISAv4$E$P$D$K$B$S$7EM$VFPi3$EXTD16$VFPS$VFMA$PE$A:L22UL41UL21$X:L11$S22US41US21$IEEE1$IW$USESV6$~STKCKD$USESV7$~SHL$OTIME$ROPI$IEEEX$EBA8$MICROLIB$REQ8$PRES8$EABIv2 0x00000000   Number         0  anon$$obj.o ABSOLUTE
    __ARM_use_no_argv                        0x00000000   Number         0  main.o ABSOLUTE
    _printf_a                                0x00000000   Number         0  stubs.o ABSOLUTE
    _printf_c                                0x00000000   Number         0  stubs.o ABSOLUTE
    _printf_charcount                        0x00000000   Number         0  stubs.o ABSOLUTE
    _printf_d                                0x00000000   Number         0  stubs.o ABSOLUTE
    _printf_e                                0x00000000   Number         0  stubs.o ABSOLUTE
    _printf_f                                0x00000000   Number         0  stubs.o ABSOLUTE
    _printf_flags                            0x00000000   Number         0  stubs.o ABSOLUTE
    _printf_fp_dec                           0x00000000   Number         0  stubs.o ABSOLUTE
    _printf_fp_hex                           0x00000000   Number         0  stubs.o ABSOLUTE
    _printf_g                                0x00000000   Number         0  stubs.o ABSOLUTE
    _printf_i                                0x00000000   Number         0  stubs.o ABSOLUTE
    _printf_int_dec                          0x00000000   Number         0  stubs.o ABSOLUTE
    _printf_l                                0x00000000   Number         0  stubs.o ABSOLUTE
    _printf_lc                               0x00000000   Number         0  stubs.o ABSOLUTE
    _printf_ll                               0x00000000   Number         0  stubs.o ABSOLUTE
    _printf_lld                              0x00000000   Number         0  stubs.o ABSOLUTE
    _printf_lli                              0x00000000   Number         0  stubs.o ABSOLUTE
    _printf_llo                              0x00000000   Number         0  stubs.o ABSOLUTE
    _printf_llu                              0x00000000   Number         0  stubs.o ABSOLUTE
    _printf_llx                              0x00000000   Number         0  stubs.o ABSOLUTE
    _printf_longlong_dec                     0x00000000   Number         0  stubs.o ABSOLUTE
    _printf_longlong_hex                     0x00000000   Number         0  stubs.o ABSOLUTE
    _printf_longlong_oct                     0x00000000   Number         0  stubs.o ABSOLUTE
    _printf_ls                               0x00000000   Number         0  stubs.o ABSOLUTE
    _printf_mbtowc                           0x00000000   Number         0  stubs.o ABSOLUTE
    _printf_n                                0x00000000   Number         0  stubs.o ABSOLUTE
    _printf_o                                0x00000000   Number         0  stubs.o ABSOLUTE
    _printf_p                                0x00000000   Number         0  stubs.o ABSOLUTE
    _printf_percent                          0x00000000   Number         0  stubs.o ABSOLUTE
    _printf_pre_padding                      0x00000000   Number         0  stubs.o ABSOLUTE
    _printf_return_value                     0x00000000   Number         0  stubs.o ABSOLUTE
    _printf_s                                0x00000000   Number         0  stubs.o ABSOLUTE
    _printf_sizespec                         0x00000000   Number         0  stubs.o ABSOLUTE
    _printf_str                              0x00000000   Number         0  stubs.o ABSOLUTE
    _printf_truncate_signed                  0x00000000   Number         0  stubs.o ABSOLUTE
    _printf_truncate_unsigned                0x00000000   Number         0  stubs.o ABSOLUTE
    _printf_u                                0x00000000   Number         0  stubs.o ABSOLUTE
    _printf_wc                               0x00000000   Number         0  stubs.o ABSOLUTE
    _printf_wctomb                           0x00000000   Number         0  stubs.o ABSOLUTE
    _printf_widthprec                        0x00000000   Number         0  stubs.o ABSOLUTE
    _printf_x                                0x00000000   Number         0  stubs.o ABSOLUTE
    __cpp_initialize__aeabi_                  - Undefined Weak Reference
    __cxa_finalize                            - Undefined Weak Reference
    __decompress                              - Undefined Weak Reference
    _clock_init                               - Undefined Weak Reference
    _microlib_exit                            - Undefined Weak Reference
    __Vectors_Size                           0x00000188   Number         0  startup_stm32f40xx.o ABSOLUTE
    __Vectors                                0x08000000   Data           4  startup_stm32f40xx.o(RESET)
    __Vectors_End                            0x08000188   Data           0  startup_stm32f40xx.o(RESET)
    arm_bitreversal_32                       0x08000189   Thumb Code   106  arm_bitreversal2.o(. text)
    arm_bitreversal_16                       0x080001f3   Thumb Code    86  arm_bitreversal2.o(. text)
    __main                                   0x08000249   Thumb Code     0  entry.o(.ARM.Collect$$$$00000000)
    _main_stk                                0x08000249   Thumb Code     0  entry2.o(.ARM.Collect$$$$00000001)
    _main_scatterload                        0x0800024d   Thumb Code     0  entry5.o(.ARM.Collect$$$$00000004)
    __main_after_scatterload                 0x08000251   Thumb Code     0  entry5.o(.ARM.Collect$$$$00000004)
    _main_clock                              0x08000251   Thumb Code     0  entry7b.o(.ARM.Collect$$$$00000008)
    _main_cpp_init                           0x08000251   Thumb Code     0  entry8b.o(.ARM.Collect$$$$0000000A)
    _main_init                               0x08000251   Thumb Code     0  entry9a.o(.ARM.Collect$$$$0000000B)
    __rt_final_cpp                           0x08000259   Thumb Code     0  entry10a.o(.ARM.Collect$$$$0000000D)
    __rt_final_exit                          0x08000259   Thumb Code     0  entry11a.o(.ARM.Collect$$$$0000000F)
    Reset_Handler                            0x0800025d   Thumb Code     8  startup_stm32f40xx.o(.text)
    NMI_Handler                              0x08000265   Thumb Code     2  startup_stm32f40xx.o(.text)
    HardFault_Handler                        0x08000267   Thumb Code     2  startup_stm32f40xx.o(.text)
    MemManage_Handler                        0x08000269   Thumb Code     2  startup_stm32f40xx.o(.text)
    BusFault_Handler                         0x0800026b   Thumb Code     2  startup_stm32f40xx.o(.text)
    UsageFault_Handler                       0x0800026d   Thumb Code     2  startup_stm32f40xx.o(.text)
    SVC_Handler                              0x0800026f   Thumb Code     2  startup_stm32f40xx.o(.text)
    DebugMon_Handler                         0x08000271   Thumb Code     2  startup_stm32f40xx.o(.text)
    PendSV_Handler                           0x08000273   Thumb Code     2  startup_stm32f40xx.o(.text)
    SysTick_Handler                          0x08000275   Thumb Code     2  startup_stm32f40xx.o(.text)
    ADC_IRQHandler                           0x08000277   Thumb Code     0  startup_stm32f40xx.o(.text)
    CAN1_RX0_IRQHandler                      0x08000277   Thumb Code     0  startup_stm32f40xx.o(.text)
    CAN1_RX1_IRQHandler                      0x08000277   Thumb Code     0  startup_stm32f40xx.o(.text)
    CAN1_SCE_IRQHandler                      0x08000277   Thumb Code     0  startup_stm32f40xx.o(.text)
    CAN1_TX_IRQHandler                       0x08000277   Thumb Code     0  startup_stm32f40xx.o(.text)
    CAN2_RX0_IRQHandler                      0x08000277   Thumb Code     0  startup_stm32f40xx.o(.text)
    CAN2_RX1_IRQHandler                      0x08000277   Thumb Code     0  startup_stm32f40xx.o(.text)
    CAN2_SCE_IRQHandler                      0x08000277   Thumb Code     0  startup_stm32f40xx.o(.text)
    CAN2_TX_IRQHandler                       0x08000277   Thumb Code     0  startup_stm32f40xx.o(.text)
    CRYP_IRQHandler                          0x08000277   Thumb Code     0  startup_stm32f40xx.o(.text)
    DCMI_IRQHandler                          0x08000277   Thumb Code     0  startup_stm32f40xx.o(.text)
    DMA1_Stream0_IRQHandler                  0x08000277   Thumb Code     0  startup_stm32f40xx.o(.text)
    DMA1_Stream1_IRQHandler                  0x08000277   Thumb Code     0  startup_stm32f40xx.o(.text)
    DMA1_Stream2_IRQHandler                  0x08000277   Thumb Code     0  startup_stm32f40xx.o(.text)
    DMA1_Stream3_IRQHandler                  0x08000277   Thumb Code     0  startup_stm32f40xx.o(.text)
    DMA1_Stream4_IRQHandler                  0x08000277   Thumb Code     0  startup_stm32f40xx.o(.text)
    DMA1_Stream5_IRQHandler                  0x08000277   Thumb Code     0  startup_stm32f40xx.o(.text)
    DMA1_Stream6_IRQHandler                  0x08000277   Thumb Code     0  startup_stm32f40xx.o(.text)
    DMA1_Stream7_IRQHandler                  0x08000277   Thumb Code     0  startup_stm32f40xx.o(.text)
    DMA2_Stream1_IRQHandler                  0x08000277   Thumb Code     0  startup_stm32f40xx.o(.text)
    DMA2_Stream2_IRQHandler                  0x08000277   Thumb Code     0  startup_stm32f40xx.o(.text)
    DMA2_Stream3_IRQHandler                  0x08000277   Thumb Code     0  startup_stm32f40xx.o(.text)
    DMA2_Stream4_IRQHandler                  0x08000277   Thumb Code     0  startup_stm32f40xx.o(.text)
    DMA2_Stream5_IRQHandler                  0x08000277   Thumb Code     0  startup_stm32f40xx.o(.text)
    DMA2_Stream6_IRQHandler                  0x08000277   Thumb Code     0  startup_stm32f40xx.o(.text)
    DMA2_Stream7_IRQHandler                  0x08000277   Thumb Code     0  startup_stm32f40xx.o(.text)
    ETH_IRQHandler                           0x08000277   Thumb Code     0  startup_stm32f40xx.o(.text)
    ETH_WKUP_IRQHandler                      0x08000277   Thumb Code     0  startup_stm32f40xx.o(.text)
    EXTI0_IRQHandler                         0x08000277   Thumb Code     0  startup_stm32f40xx.o(.text)
    EXTI15_10_IRQHandler                     0x08000277   Thumb Code     0  startup_stm32f40xx.o(.text)
    EXTI1_IRQHandler                         0x08000277   Thumb Code     0  startup_stm32f40xx.o(.text)
    EXTI2_IRQHandler                         0x08000277   Thumb Code     0  startup_stm32f40xx.o(.text)
    EXTI3_IRQHandler                         0x08000277   Thumb Code     0  startup_stm32f40xx.o(.text)
    EXTI4_IRQHandler                         0x08000277   Thumb Code     0  startup_stm32f40xx.o(.text)
    EXTI9_5_IRQHandler                       0x08000277   Thumb Code     0  startup_stm32f40xx.o(.text)
    FLASH_IRQHandler                         0x08000277   Thumb Code     0  startup_stm32f40xx.o(.text)
    FPU_IRQHandler                           0x08000277   Thumb Code     0  startup_stm32f40xx.o(.text)
    FSMC_IRQHandler                          0x08000277   Thumb Code     0  startup_stm32f40xx.o(.text)
    HASH_RNG_IRQHandler                      0x08000277   Thumb Code     0  startup_stm32f40xx.o(.text)
    I2C1_ER_IRQHandler                       0x08000277   Thumb Code     0  startup_stm32f40xx.o(.text)
    I2C1_EV_IRQHandler                       0x08000277   Thumb Code     0  startup_stm32f40xx.o(.text)
    I2C2_ER_IRQHandler                       0x08000277   Thumb Code     0  startup_stm32f40xx.o(.text)
    I2C2_EV_IRQHandler                       0x08000277   Thumb Code     0  startup_stm32f40xx.o(.text)
    I2C3_ER_IRQHandler                       0x08000277   Thumb Code     0  startup_stm32f40xx.o(.text)
    I2C3_EV_IRQHandler                       0x08000277   Thumb Code     0  startup_stm32f40xx.o(.text)
    OTG_FS_IRQHandler                        0x08000277   Thumb Code     0  startup_stm32f40xx.o(.text)
    OTG_FS_WKUP_IRQHandler                   0x08000277   Thumb Code     0  startup_stm32f40xx.o(.text)
    OTG_HS_EP1_IN_IRQHandler                 0x08000277   Thumb Code     0  startup_stm32f40xx.o(.text)
    OTG_HS_EP1_OUT_IRQHandler                0x08000277   Thumb Code     0  startup_stm32f40xx.o(.text)
    OTG_HS_IRQHandler                        0x08000277   Thumb Code     0  startup_stm32f40xx.o(.text)
    OTG_HS_WKUP_IRQHandler                   0x08000277   Thumb Code     0  startup_stm32f40xx.o(.text)
    PVD_IRQHandler                           0x08000277   Thumb Code     0  startup_stm32f40xx.o(.text)
    RCC_IRQHandler                           0x08000277   Thumb Code     0  startup_stm32f40xx.o(.text)
    RTC_Alarm_IRQHandler                     0x08000277   Thumb Code     0  startup_stm32f40xx.o(.text)
    RTC_WKUP_IRQHandler                      0x08000277   Thumb Code     0  startup_stm32f40xx.o(.text)
    SDIO_IRQHandler                          0x08000277   Thumb Code     0  startup_stm32f40xx.o(.text)
    SPI1_IRQHandler                          0x08000277   Thumb Code     0  startup_stm32f40xx.o(.text)
    SPI2_IRQHandler                          0x08000277   Thumb Code     0  startup_stm32f40xx.o(.text)
    SPI3_IRQHandler                          0x08000277   Thumb Code     0  startup_stm32f40xx.o(.text)
    TAMP_STAMP_IRQHandler                    0x08000277   Thumb Code     0  startup_stm32f40xx.o(.text)
    TIM1_BRK_TIM9_IRQHandler                 0x08000277   Thumb Code     0  startup_stm32f40xx.o(.text)
    TIM1_CC_IRQHandler                       0x08000277   Thumb Code     0  startup_stm32f40xx.o(.text)
    TIM1_TRG_COM_TIM11_IRQHandler            0x08000277   Thumb Code     0  startup_stm32f40xx.o(.text)
    TIM1_UP_TIM10_IRQHandler                 0x08000277   Thumb Code     0  startup_stm32f40xx.o(.text)
    TIM3_IRQHandler                          0x08000277   Thumb Code     0  startup_stm32f40xx.o(.text)
    TIM4_IRQHandler                          0x08000277   Thumb Code     0  startup_stm32f40xx.o(.text)
    TIM5_IRQHandler                          0x08000277   Thumb Code     0  startup_stm32f40xx.o(.text)
    TIM6_DAC_IRQHandler                      0x08000277   Thumb Code     0  startup_stm32f40xx.o(.text)
    TIM7_IRQHandler                          0x08000277   Thumb Code     0  startup_stm32f40xx.o(.text)
    TIM8_BRK_TIM12_IRQHandler                0x08000277   Thumb Code     0  startup_stm32f40xx.o(.text)
    TIM8_CC_IRQHandler                       0x08000277   Thumb Code     0  startup_stm32f40xx.o(.text)
    TIM8_TRG_COM_TIM14_IRQHandler            0x08000277   Thumb Code     0  startup_stm32f40xx.o(.text)
    TIM8_UP_TIM13_IRQHandler                 0x08000277   Thumb Code     0  startup_stm32f40xx.o(.text)
    UART4_IRQHandler                         0x08000277   Thumb Code     0  startup_stm32f40xx.o(.text)
    UART5_IRQHandler                         0x08000277   Thumb Code     0  startup_stm32f40xx.o(.text)
    USART2_IRQHandler                        0x08000277   Thumb Code     0  startup_stm32f40xx.o(.text)
    USART3_IRQHandler                        0x08000277   Thumb Code     0  startup_stm32f40xx.o(.text)
    USART6_IRQHandler                        0x08000277   Thumb Code     0  startup_stm32f40xx.o(.text)
    WWDG_IRQHandler                          0x08000277   Thumb Code     0  startup_stm32f40xx.o(.text)
    arm_mult_f32                             0x08000281   Thumb Code   210  arm_mult_f32.o(.text)
    arm_scale_f32                            0x08000355   Thumb Code   152  arm_scale_f32.o(.text)
    arm_cos_f32                              0x080003ed   Thumb Code   108  arm_cos_f32.o(.text)
    arm_mat_init_f32                         0x08000465   Thumb Code     8  arm_mat_init_f32.o(.text)
    arm_mat_mult_f32                         0x0800046d   Thumb Code   312  arm_mat_mult_f32.o(.text)
    stage_rfft_f32                           0x080005a9   Thumb Code   168  arm_rfft_fast_f32.o(.text)
    merge_rfft_f32                           0x08000651   Thumb Code   168  arm_rfft_fast_f32.o(.text)
    arm_rfft_fast_f32                        0x080006f9   Thumb Code    66  arm_rfft_fast_f32.o(.text)
    arm_rfft_fast_init_f32                   0x0800073d   Thumb Code   198  arm_rfft_fast_init_f32.o(.text)
    arm_max_f32                              0x08000865   Thumb Code   216  arm_max_f32.o(.text)
    arm_mean_f32                             0x0800093d   Thumb Code   138  arm_mean_f32.o(.text)
    arm_copy_f32                             0x080009cd   Thumb Code   132  arm_copy_f32.o(.text)
    arm_cfft_radix8by2_f32                   0x08000a51   Thumb Code   398  arm_cfft_f32.o(.text)
    arm_cfft_radix8by4_f32                   0x08000bdf   Thumb Code  1098  arm_cfft_f32.o(.text)
    arm_cfft_f32                             0x08001029   Thumb Code   330  arm_cfft_f32.o(.text)
    arm_radix8_butterfly_f32                 0x08001175   Thumb Code  1244  arm_cfft_radix8_f32.o(.text)
    __aeabi_memset                           0x08001651   Thumb Code    14  memseta.o(.text)
    __aeabi_memset4                          0x08001651   Thumb Code     0  memseta.o(.text)
    __aeabi_memset8                          0x08001651   Thumb Code     0  memseta.o(.text)
    __aeabi_memclr                           0x0800165f   Thumb Code     4  memseta.o(.text)
    __aeabi_memclr4                          0x0800165f   Thumb Code     0  memseta.o(.text)
    __aeabi_memclr8                          0x0800165f   Thumb Code     0  memseta.o(.text)
    _memset$wrapper                          0x08001663   Thumb Code    18  memseta.o(.text)
    strcmp                                   0x08001675   Thumb Code    28  strcmp.o(.text)
    __aeabi_f2d                              0x08001691   Thumb Code    38  f2d.o(.text)
    __aeabi_uidiv                            0x080016b7   Thumb Code     0  uidiv.o(.text)
    __aeabi_uidivmod                         0x080016b7   Thumb Code    44  uidiv.o(.text)
    __aeabi_uldivmod                         0x080016e3   Thumb Code    98  uldiv.o(.text)
    __I$use$fp                               0x08001745   Thumb Code     0  iusefp.o(.text)
    __aeabi_dadd                             0x08001745   Thumb Code   322  dadd.o(.text)
    __aeabi_dsub                             0x08001887   Thumb Code     6  dadd.o(.text)
    __aeabi_drsub                            0x0800188d   Thumb Code     6  dadd.o(.text)
    __aeabi_dmul                             0x08001893   Thumb Code   228  dmul.o(.text)
    __aeabi_ddiv                             0x08001977   Thumb Code   222  ddiv.o(.text)
    __aeabi_d2ulz                            0x08001a55   Thumb Code    48  dfixul.o(.text)
    __aeabi_cdrcmple                         0x08001a85   Thumb Code    48  cdrcmple.o(.text)
    __scatterload                            0x08001ab5   Thumb Code    28  init.o(.text)
    __scatterload_rt2                        0x08001ab5   Thumb Code     0  init.o(.text)
    __aeabi_llsl                             0x08001ad9   Thumb Code    30  llshl.o(.text)
    _ll_shift_l                              0x08001ad9   Thumb Code     0  llshl.o(.text)
    __aeabi_llsr                             0x08001af7   Thumb Code    32  llushr.o(.text)
    _ll_ushift_r                             0x08001af7   Thumb Code     0  llushr.o(.text)
    __aeabi_lasr                             0x08001b17   Thumb Code    36  llsshr.o(.text)
    _ll_sshift_r                             0x08001b17   Thumb Code     0  llsshr.o(.text)
    _double_round                            0x08001b3b   Thumb Code    30  depilogue.o(.text)
    _double_epilogue                         0x08001b59   Thumb Code   156  depilogue.o(.text)
    ADC_Cmd                                  0x08001bf5   Thumb Code    22  stm32f4xx_adc.o(i.ADC_Cmd)
    ADC_CommonInit                           0x08001c0d   Thumb Code    34  stm32f4xx_adc.o(i.ADC_CommonInit)
    ADC_DMACmd                               0x08001c3d   Thumb Code    22  stm32f4xx_adc.o(i.ADC_DMACmd)
    ADC_DMA_Init                             0x08001c55   Thumb Code   332  adc.o(i.ADC_DMA_Init)
    ADC_Init                                 0x08001db9   Thumb Code    74  stm32f4xx_adc.o(i.ADC_Init)
    ADC_RegularChannelConfig                 0x08001e0d   Thumb Code   184  stm32f4xx_adc.o(i.ADC_RegularChannelConfig)
    ADC_Start                                0x08001ec5   Thumb Code   232  adc.o(i.ADC_Start)
    ASR_CNN_GetLabel                         0x08001fc5   Thumb Code    18  asr_cnn.o(i.ASR_CNN_GetLabel)
    ASR_CNN_Init                             0x08001fe5   Thumb Code    32  asr_cnn.o(i.ASR_CNN_Init)
    ASR_CNN_Recognize                        0x08002011   Thumb Code   254  asr_cnn.o(i.ASR_CNN_Recognize)
    ASR_CombineFeatures                      0x08002161   Thumb Code   240  asr.o(i.ASR_CombineFeatures)
    ASR_ComputeDeltaFeatures                 0x08002261   Thumb Code   166  asr.o(i.ASR_ComputeDeltaFeatures)
    ASR_DetectEndpoints                      0x0800230d   Thumb Code   374  asr.o(i.ASR_DetectEndpoints)
    ASR_ExtractFeaturesOnly                  0x080024f5   Thumb Code    28  asr.o(i.ASR_ExtractFeaturesOnly)
    ASR_ExtractMFCCWithDeltas                0x08002511   Thumb Code   704  asr.o(i.ASR_ExtractMFCCWithDeltas)
    ASR_HandleRecognitionResult              0x080028b5   Thumb Code   120  asr.o(i.ASR_HandleRecognitionResult)
    ASR_Init                                 0x0800297d   Thumb Code   102  asr.o(i.ASR_Init)
    ASR_NormalizeMFCC                        0x08002a19   Thumb Code   198  asr.o(i.ASR_NormalizeMFCC)
    ASR_Preprocess                           0x08002ae1   Thumb Code   434  asr.o(i.ASR_Preprocess)
    ASR_RecognizeSpeech                      0x08002db5   Thumb Code   166  asr.o(i.ASR_RecognizeSpeech)
    ASR_SendCNNTrainingData                  0x08002ebd   Thumb Code   348  asr.o(i.ASR_SendCNNTrainingData)
    DMA2_Stream0_IRQHandler                  0x0800317d   Thumb Code    36  adc.o(i.DMA2_Stream0_IRQHandler)
    DMA_ClearFlag                            0x080031b1   Thumb Code    38  stm32f4xx_dma.o(i.DMA_ClearFlag)
    DMA_ClearITPendingBit                    0x080031e5   Thumb Code    38  stm32f4xx_dma.o(i.DMA_ClearITPendingBit)
    DMA_Cmd                                  0x08003219   Thumb Code    22  stm32f4xx_dma.o(i.DMA_Cmd)
    DMA_DeInit                               0x08003231   Thumb Code   324  stm32f4xx_dma.o(i.DMA_DeInit)
    DMA_GetCmdStatus                         0x08003389   Thumb Code    20  stm32f4xx_dma.o(i.DMA_GetCmdStatus)
    DMA_GetITStatus                          0x0800339d   Thumb Code    82  stm32f4xx_dma.o(i.DMA_GetITStatus)
    DMA_ITConfig                             0x08003401   Thumb Code    58  stm32f4xx_dma.o(i.DMA_ITConfig)
    DMA_Init                                 0x0800343d   Thumb Code    82  stm32f4xx_dma.o(i.DMA_Init)
    GPIO_Init                                0x08003495   Thumb Code   144  stm32f4xx_gpio.o(i.GPIO_Init)
    GPIO_PinAFConfig                         0x08003525   Thumb Code    70  stm32f4xx_gpio.o(i.GPIO_PinAFConfig)
    GPIO_ReadInputDataBit                    0x0800356b   Thumb Code    18  stm32f4xx_gpio.o(i.GPIO_ReadInputDataBit)
    GPIO_ResetBits                           0x0800357d   Thumb Code     6  stm32f4xx_gpio.o(i.GPIO_ResetBits)
    GPIO_SetBits                             0x08003583   Thumb Code     4  stm32f4xx_gpio.o(i.GPIO_SetBits)
    GPIO_StructInit                          0x08003587   Thumb Code    18  stm32f4xx_gpio.o(i.GPIO_StructInit)
    GetKeyNum                                0x08003599   Thumb Code    24  key.o(i.GetKeyNum)
    Key_GetState                             0x080035b5   Thumb Code    36  key.o(i.Key_GetState)
    Key_Init                                 0x080035dd   Thumb Code    56  key.o(i.Key_Init)
    Key_Tick                                 0x08003619   Thumb Code    62  key.o(i.Key_Tick)
    LED1_Turn                                0x08003669   Thumb Code    38  led.o(i.LED1_Turn)
    LED2_Turn                                0x08003695   Thumb Code    38  led.o(i.LED2_Turn)
    LED_init                                 0x080036c1   Thumb Code    70  led.o(i.LED_init)
    NVIC_Init                                0x0800370d   Thumb Code   106  misc.o(i.NVIC_Init)
    NVIC_PriorityGroupConfig                 0x08003785   Thumb Code    10  misc.o(i.NVIC_PriorityGroupConfig)
    RCC_AHB1PeriphClockCmd                   0x08003799   Thumb Code    26  stm32f4xx_rcc.o(i.RCC_AHB1PeriphClockCmd)
    RCC_APB1PeriphClockCmd                   0x080037b9   Thumb Code    26  stm32f4xx_rcc.o(i.RCC_APB1PeriphClockCmd)
    RCC_APB1PeriphResetCmd                   0x080037d9   Thumb Code    26  stm32f4xx_rcc.o(i.RCC_APB1PeriphResetCmd)
    RCC_APB2PeriphClockCmd                   0x080037f9   Thumb Code    26  stm32f4xx_rcc.o(i.RCC_APB2PeriphClockCmd)
    RCC_APB2PeriphResetCmd                   0x08003819   Thumb Code    26  stm32f4xx_rcc.o(i.RCC_APB2PeriphResetCmd)
    RCC_GetClocksFreq                        0x08003839   Thumb Code   214  stm32f4xx_rcc.o(i.RCC_GetClocksFreq)
    Recognition                              0x08003921   Thumb Code    96  asr.o(i.Recognition)
    SPI1_Init                                0x0800398d   Thumb Code   162  spi.o(i.SPI1_Init)
    SPI1_ReadWriteByte                       0x08003a39   Thumb Code    78  spi.o(i.SPI1_ReadWriteByte)
    SPI1_SetSpeed                            0x08003a8d   Thumb Code    36  spi.o(i.SPI1_SetSpeed)
    SPI_Cmd                                  0x08003ab5   Thumb Code    24  stm32f4xx_spi.o(i.SPI_Cmd)
    SPI_I2S_GetFlagStatus                    0x08003acd   Thumb Code    18  stm32f4xx_spi.o(i.SPI_I2S_GetFlagStatus)
    SPI_I2S_ReceiveData                      0x08003adf   Thumb Code     6  stm32f4xx_spi.o(i.SPI_I2S_ReceiveData)
    SPI_I2S_SendData                         0x08003ae5   Thumb Code     4  stm32f4xx_spi.o(i.SPI_I2S_SendData)
    SPI_Init                                 0x08003ae9   Thumb Code    60  stm32f4xx_spi.o(i.SPI_Init)
    Serial1_Init                             0x08003b25   Thumb Code   252  serial.o(i.Serial1_Init)
    SysTick_CLKSourceConfig                  0x08003d19   Thumb Code    40  misc.o(i.SysTick_CLKSourceConfig)
    SystemInit                               0x08003d41   Thumb Code    88  system_stm32f4xx.o(i.SystemInit)
    TIM2_IRQHandler                          0x08003da9   Thumb Code    38  main.o(i.TIM2_IRQHandler)
    TIM_ClearFlag                            0x08003dd5   Thumb Code     6  stm32f4xx_tim.o(i.TIM_ClearFlag)
    TIM_ClearITPendingBit                    0x08003ddb   Thumb Code     6  stm32f4xx_tim.o(i.TIM_ClearITPendingBit)
    TIM_Cmd                                  0x08003de1   Thumb Code    24  stm32f4xx_tim.o(i.TIM_Cmd)
    TIM_GetITStatus                          0x08003df9   Thumb Code    34  stm32f4xx_tim.o(i.TIM_GetITStatus)
    TIM_ITConfig                             0x08003e1b   Thumb Code    18  stm32f4xx_tim.o(i.TIM_ITConfig)
    TIM_InternalClockConfig                  0x08003e2d   Thumb Code    12  stm32f4xx_tim.o(i.TIM_InternalClockConfig)
    TIM_SelectOutputTrigger                  0x08003e39   Thumb Code    18  stm32f4xx_tim.o(i.TIM_SelectOutputTrigger)
    TIM_SetCounter                           0x08003e4b   Thumb Code     4  stm32f4xx_tim.o(i.TIM_SetCounter)
    TIM_TimeBaseInit                         0x08003e51   Thumb Code   104  stm32f4xx_tim.o(i.TIM_TimeBaseInit)
    Timer2_Init                              0x08003ed5   Thumb Code   120  timer.o(i.Timer2_Init)
    USART1_IRQHandler                        0x08003f4d   Thumb Code    38  serial.o(i.USART1_IRQHandler)
    USART_ClearFlag                          0x08003f79   Thumb Code    18  stm32f4xx_usart.o(i.USART_ClearFlag)
    USART_ClearITPendingBit                  0x08003f8b   Thumb Code    30  stm32f4xx_usart.o(i.USART_ClearITPendingBit)
    USART_Cmd                                0x08003fa9   Thumb Code    24  stm32f4xx_usart.o(i.USART_Cmd)
    USART_DeInit                             0x08003fc1   Thumb Code   206  stm32f4xx_usart.o(i.USART_DeInit)
    USART_GetFlagStatus                      0x080040b1   Thumb Code    26  stm32f4xx_usart.o(i.USART_GetFlagStatus)
    USART_GetITStatus                        0x080040cb   Thumb Code    84  stm32f4xx_usart.o(i.USART_GetITStatus)
    USART_ITConfig                           0x0800411f   Thumb Code    74  stm32f4xx_usart.o(i.USART_ITConfig)
    USART_Init                               0x08004169   Thumb Code   204  stm32f4xx_usart.o(i.USART_Init)
    USART_ReceiveData                        0x0800423d   Thumb Code    10  stm32f4xx_usart.o(i.USART_ReceiveData)
    USART_SendData                           0x08004247   Thumb Code     8  stm32f4xx_usart.o(i.USART_SendData)
    USART_StructInit                         0x0800424f   Thumb Code    24  stm32f4xx_usart.o(i.USART_StructInit)
    W25QXX_Init                              0x08004269   Thumb Code   114  w25qxx.o(i.W25QXX_Init)
    W25QXX_ReadID                            0x08004339   Thumb Code    70  w25qxx.o(i.W25QXX_ReadID)
    __0printf                                0x08004385   Thumb Code    22  printfa.o(i.__0printf)
    __1printf                                0x08004385   Thumb Code     0  printfa.o(i.__0printf)
    __2printf                                0x08004385   Thumb Code     0  printfa.o(i.__0printf)
    __c89printf                              0x08004385   Thumb Code     0  printfa.o(i.__0printf)
    printf                                   0x08004385   Thumb Code     0  printfa.o(i.__0printf)
    __ARM_fpclassifyf                        0x080043a5   Thumb Code    38  fpclassifyf.o(i.__ARM_fpclassifyf)
    __hardfp_expf                            0x080043cd   Thumb Code   426  expf.o(i.__hardfp_expf)
    __mathlib_expf                           0x080043cd   Thumb Code     0  expf.o(i.__hardfp_expf)
    __hardfp_log10f                          0x080045b5   Thumb Code   332  log10f.o(i.__hardfp_log10f)
    __hardfp_sqrtf                           0x08004735   Thumb Code    58  sqrtf_full.o(i.__hardfp_sqrtf)
    __mathlib_flt_divzero                    0x08004771   Thumb Code    14  funder.o(i.__mathlib_flt_divzero)
    __mathlib_flt_infnan                     0x08004785   Thumb Code     6  funder.o(i.__mathlib_flt_infnan)
    __mathlib_flt_invalid                    0x0800478d   Thumb Code    10  funder.o(i.__mathlib_flt_invalid)
    __mathlib_flt_overflow                   0x0800479d   Thumb Code    10  funder.o(i.__mathlib_flt_overflow)
    __mathlib_flt_underflow                  0x080047ad   Thumb Code    10  funder.o(i.__mathlib_flt_underflow)
    __scatterload_copy                       0x080047bd   Thumb Code    14  handlers.o(i.__scatterload_copy)
    __scatterload_null                       0x080047cb   Thumb Code     2  handlers.o(i.__scatterload_null)
    __scatterload_zeroinit                   0x080047cd   Thumb Code    14  handlers.o(i.__scatterload_zeroinit)
    __set_errno                              0x080047dd   Thumb Code     6  errno.o(i.__set_errno)
    board_init                               0x08005151   Thumb Code    38  board.o(i.board_init)
    delay_ms                                 0x0800517d   Thumb Code    18  board.o(i.delay_ms)
    delay_us                                 0x08005191   Thumb Code    74  board.o(i.delay_us)
    fputc                                    0x08005265   Thumb Code    32  serial.o(i.fputc)
    main                                     0x08005289   Thumb Code    44  main.o(i.main)
    mel_indices                              0x0800533c   Data        2028  asr.o(.constdata)
    mel_values                               0x08005b28   Data        4056  asr.o(.constdata)
    mel_nonzero_count                        0x08006b00   Data          52  asr.o(.constdata)
    fc0_weights                              0x08006b3c   Data       149760  speech_model.o(.constdata)
    fc0_bias                                 0x0802b43c   Data         128  speech_model.o(.constdata)
    bn0_gamma                                0x0802b4bc   Data         128  speech_model.o(.constdata)
    bn0_beta                                 0x0802b53c   Data         128  speech_model.o(.constdata)
    bn0_moving_mean                          0x0802b5bc   Data         128  speech_model.o(.constdata)
    bn0_moving_variance                      0x0802b63c   Data         128  speech_model.o(.constdata)
    fc1_weights                              0x0802b6bc   Data        2048  speech_model.o(.constdata)
    fc1_bias                                 0x0802bebc   Data          64  speech_model.o(.constdata)
    bn1_gamma                                0x0802befc   Data          64  speech_model.o(.constdata)
    bn1_beta                                 0x0802bf3c   Data          64  speech_model.o(.constdata)
    bn1_moving_mean                          0x0802bf7c   Data          64  speech_model.o(.constdata)
    bn1_moving_variance                      0x0802bfbc   Data          64  speech_model.o(.constdata)
    fc2_weights                              0x0802bffc   Data         192  speech_model.o(.constdata)
    fc2_bias                                 0x0802c0bc   Data          12  speech_model.o(.constdata)
    twiddleCoef_16                           0x0802c0c8   Data         128  arm_common_tables.o(.constdata)
    twiddleCoef_32                           0x0802c148   Data         256  arm_common_tables.o(.constdata)
    twiddleCoef_64                           0x0802c248   Data         512  arm_common_tables.o(.constdata)
    twiddleCoef_128                          0x0802c448   Data        1024  arm_common_tables.o(.constdata)
    twiddleCoef_256                          0x0802c848   Data        2048  arm_common_tables.o(.constdata)
    twiddleCoef_512                          0x0802d048   Data        4096  arm_common_tables.o(.constdata)
    twiddleCoef_1024                         0x0802e048   Data        8192  arm_common_tables.o(.constdata)
    twiddleCoef_2048                         0x08030048   Data       16384  arm_common_tables.o(.constdata)
    armBitRevIndexTable16                    0x08034048   Data          40  arm_common_tables.o(.constdata)
    armBitRevIndexTable32                    0x08034070   Data          96  arm_common_tables.o(.constdata)
    armBitRevIndexTable64                    0x080340d0   Data         112  arm_common_tables.o(.constdata)
    armBitRevIndexTable128                   0x08034140   Data         416  arm_common_tables.o(.constdata)
    armBitRevIndexTable256                   0x080342e0   Data         880  arm_common_tables.o(.constdata)
    armBitRevIndexTable512                   0x08034650   Data         896  arm_common_tables.o(.constdata)
    armBitRevIndexTable1024                  0x080349d0   Data        3600  arm_common_tables.o(.constdata)
    armBitRevIndexTable2048                  0x080357e0   Data        7616  arm_common_tables.o(.constdata)
    twiddleCoef_rfft_32                      0x080375a0   Data         128  arm_common_tables.o(.constdata)
    twiddleCoef_rfft_64                      0x08037620   Data         256  arm_common_tables.o(.constdata)
    twiddleCoef_rfft_128                     0x08037720   Data         512  arm_common_tables.o(.constdata)
    twiddleCoef_rfft_256                     0x08037920   Data        1024  arm_common_tables.o(.constdata)
    twiddleCoef_rfft_512                     0x08037d20   Data        2048  arm_common_tables.o(.constdata)
    twiddleCoef_rfft_1024                    0x08038520   Data        4096  arm_common_tables.o(.constdata)
    twiddleCoef_rfft_2048                    0x08039520   Data        8192  arm_common_tables.o(.constdata)
    twiddleCoef_rfft_4096                    0x0803b520   Data       16384  arm_common_tables.o(.constdata)
    sinTable_f32                             0x0803f520   Data        2052  arm_common_tables.o(.constdata)
    Region$$Table$$Base                      0x0803fda4   Number         0  anon$$obj.o(Region$$Table)
    Region$$Table$$Limit                     0x0803fdc4   Number         0  anon$$obj.o(Region$$Table)
    SystemCoreClock                          0x20000000   Data           4  system_stm32f4xx.o(.data)
    AHBPrescTable                            0x20000004   Data          16  system_stm32f4xx.o(.data)
    adc_conversion_complete                  0x20000014   Data           1  adc.o(.data)
    KeyNum                                   0x20000018   Data           1  key.o(.data)
    sys_millis                               0x2000001c   Data           4  timer.o(.data)
    speech_start                             0x20000020   Data           2  asr.o(.data)
    speech_end                               0x20000022   Data           2  asr.o(.data)
    ASR_Mode                                 0x20000024   Data           1  asr.o(.data)
    W25QXX_TYPE                              0x20000026   Data           2  w25qxx.o(.data)
    LABELS                                   0x20000028   Data          12  speech_model.o(.data)
    __stdout                                 0x20000044   Data           4  stdout.o(.data)
    adc_buffer                               0x2000004c   Data       16000  adc.o(.bss)
    processed_buffer                         0x20003ecc   Data       32000  asr.o(.bss)
    frame_buffer                             0x2000bbcc   Data        1024  asr.o(.bss)
    window_buffer                            0x2000bfcc   Data        1024  asr.o(.bss)
    energy_features                          0x2000c3cc   Data         244  asr.o(.bss)
    zcr_features                             0x2000c4c0   Data         244  asr.o(.bss)
    mfcc_features                            0x2000c5b4   Data        3172  asr.o(.bss)
    delta_features                           0x2000d218   Data        3172  asr.o(.bss)
    delta_delta_features                     0x2000de7c   Data        3172  asr.o(.bss)
    fft_input                                0x2000eae0   Data        2048  asr.o(.bss)
    fft_output                               0x2000f2e0   Data        2048  asr.o(.bss)
    power_spectrum                           0x2000fae0   Data        1028  asr.o(.bss)
    mel_energies                             0x2000fee4   Data         104  asr.o(.bss)
    fft_instance                             0x2000ff4c   Data          24  asr.o(.bss)
    is_speech                                0x2000ff64   Data          61  asr.o(.bss)
    combined_features                        0x2000ffa4   Data        9516  asr.o(.bss)
    __initial_sp                             0x20014e30   Data           0  startup_stm32f40xx.o(STACK)



==============================================================================

Memory Map of the image

  Image Entry point : 0x08000249

  Load Region LR_IROM1 (Base: 0x08000000, Size: 0x0003fe10, Max: 0x00100000, ABSOLUTE)

    Execution Region ER_IROM1 (Exec base: 0x08000000, Load base: 0x08000000, Size: 0x0003fdc4, Max: 0x00100000, ABSOLUTE)

    Exec Addr    Load Addr    Size         Type   Attr      Idx    E Section Name        Object

    0x08000000   0x08000000   0x00000188   Data   RO          250    RESET               startup_stm32f40xx.o
    0x08000188   0x08000188   0x000000c0   Code   RO         6356    . text              arm_cortexM4lf_math.lib(arm_bitreversal2.o)
    0x08000248   0x08000248   0x00000000   Code   RO         6400  * .ARM.Collect$$$$00000000  mc_w.l(entry.o)
    0x08000248   0x08000248   0x00000004   Code   RO         6686    .ARM.Collect$$$$00000001  mc_w.l(entry2.o)
    0x0800024c   0x0800024c   0x00000004   Code   RO         6689    .ARM.Collect$$$$00000004  mc_w.l(entry5.o)
    0x08000250   0x08000250   0x00000000   Code   RO         6691    .ARM.Collect$$$$00000008  mc_w.l(entry7b.o)
    0x08000250   0x08000250   0x00000000   Code   RO         6693    .ARM.Collect$$$$0000000A  mc_w.l(entry8b.o)
    0x08000250   0x08000250   0x00000008   Code   RO         6694    .ARM.Collect$$$$0000000B  mc_w.l(entry9a.o)
    0x08000258   0x08000258   0x00000000   Code   RO         6696    .ARM.Collect$$$$0000000D  mc_w.l(entry10a.o)
    0x08000258   0x08000258   0x00000000   Code   RO         6698    .ARM.Collect$$$$0000000F  mc_w.l(entry11a.o)
    0x08000258   0x08000258   0x00000004   Code   RO         6687    .ARM.Collect$$$$00002712  mc_w.l(entry2.o)
    0x0800025c   0x0800025c   0x00000024   Code   RO          251    .text               startup_stm32f40xx.o
    0x08000280   0x08000280   0x000000d2   Code   RO         5959    .text               arm_cortexM4lf_math.lib(arm_mult_f32.o)
    0x08000352   0x08000352   0x00000002   PAD
    0x08000354   0x08000354   0x00000098   Code   RO         6008    .text               arm_cortexM4lf_math.lib(arm_scale_f32.o)
    0x080003ec   0x080003ec   0x00000078   Code   RO         6032    .text               arm_cortexM4lf_math.lib(arm_cos_f32.o)
    0x08000464   0x08000464   0x00000008   Code   RO         6060    .text               arm_cortexM4lf_math.lib(arm_mat_init_f32.o)
    0x0800046c   0x0800046c   0x0000013c   Code   RO         6084    .text               arm_cortexM4lf_math.lib(arm_mat_mult_f32.o)
    0x080005a8   0x080005a8   0x00000192   Code   RO         6108    .text               arm_cortexM4lf_math.lib(arm_rfft_fast_f32.o)
    0x0800073a   0x0800073a   0x00000002   PAD
    0x0800073c   0x0800073c   0x00000128   Code   RO         6133    .text               arm_cortexM4lf_math.lib(arm_rfft_fast_init_f32.o)
    0x08000864   0x08000864   0x000000d8   Code   RO         6157    .text               arm_cortexM4lf_math.lib(arm_max_f32.o)
    0x0800093c   0x0800093c   0x00000090   Code   RO         6181    .text               arm_cortexM4lf_math.lib(arm_mean_f32.o)
    0x080009cc   0x080009cc   0x00000084   Code   RO         6205    .text               arm_cortexM4lf_math.lib(arm_copy_f32.o)
    0x08000a50   0x08000a50   0x00000722   Code   RO         6229    .text               arm_cortexM4lf_math.lib(arm_cfft_f32.o)
    0x08001172   0x08001172   0x00000002   PAD
    0x08001174   0x08001174   0x000004dc   Code   RO         6335    .text               arm_cortexM4lf_math.lib(arm_cfft_radix8_f32.o)
    0x08001650   0x08001650   0x00000024   Code   RO         6403    .text               mc_w.l(memseta.o)
    0x08001674   0x08001674   0x0000001c   Code   RO         6405    .text               mc_w.l(strcmp.o)
    0x08001690   0x08001690   0x00000026   Code   RO         6668    .text               mf_w.l(f2d.o)
    0x080016b6   0x080016b6   0x0000002c   Code   RO         6701    .text               mc_w.l(uidiv.o)
    0x080016e2   0x080016e2   0x00000062   Code   RO         6703    .text               mc_w.l(uldiv.o)
    0x08001744   0x08001744   0x00000000   Code   RO         6712    .text               mc_w.l(iusefp.o)
    0x08001744   0x08001744   0x0000014e   Code   RO         6713    .text               mf_w.l(dadd.o)
    0x08001892   0x08001892   0x000000e4   Code   RO         6715    .text               mf_w.l(dmul.o)
    0x08001976   0x08001976   0x000000de   Code   RO         6717    .text               mf_w.l(ddiv.o)
    0x08001a54   0x08001a54   0x00000030   Code   RO         6719    .text               mf_w.l(dfixul.o)
    0x08001a84   0x08001a84   0x00000030   Code   RO         6721    .text               mf_w.l(cdrcmple.o)
    0x08001ab4   0x08001ab4   0x00000024   Code   RO         6727    .text               mc_w.l(init.o)
    0x08001ad8   0x08001ad8   0x0000001e   Code   RO         6729    .text               mc_w.l(llshl.o)
    0x08001af6   0x08001af6   0x00000020   Code   RO         6731    .text               mc_w.l(llushr.o)
    0x08001b16   0x08001b16   0x00000024   Code   RO         6733    .text               mc_w.l(llsshr.o)
    0x08001b3a   0x08001b3a   0x000000ba   Code   RO         6737    .text               mf_w.l(depilogue.o)
    0x08001bf4   0x08001bf4   0x00000016   Code   RO         1008    i.ADC_Cmd           stm32f4xx_adc.o
    0x08001c0a   0x08001c0a   0x00000002   PAD
    0x08001c0c   0x08001c0c   0x00000030   Code   RO         1009    i.ADC_CommonInit    stm32f4xx_adc.o
    0x08001c3c   0x08001c3c   0x00000016   Code   RO         1012    i.ADC_DMACmd        stm32f4xx_adc.o
    0x08001c52   0x08001c52   0x00000002   PAD
    0x08001c54   0x08001c54   0x00000164   Code   RO          404    i.ADC_DMA_Init      adc.o
    0x08001db8   0x08001db8   0x00000054   Code   RO         1028    i.ADC_Init          stm32f4xx_adc.o
    0x08001e0c   0x08001e0c   0x000000b8   Code   RO         1033    i.ADC_RegularChannelConfig  stm32f4xx_adc.o
    0x08001ec4   0x08001ec4   0x00000100   Code   RO          405    i.ADC_Start         adc.o
    0x08001fc4   0x08001fc4   0x00000020   Code   RO          807    i.ASR_CNN_GetLabel  asr_cnn.o
    0x08001fe4   0x08001fe4   0x0000002c   Code   RO          808    i.ASR_CNN_Init      asr_cnn.o
    0x08002010   0x08002010   0x00000150   Code   RO          809    i.ASR_CNN_Recognize  asr_cnn.o
    0x08002160   0x08002160   0x00000100   Code   RO          537    i.ASR_CombineFeatures  asr.o
    0x08002260   0x08002260   0x000000ac   Code   RO          538    i.ASR_ComputeDeltaFeatures  asr.o
    0x0800230c   0x0800230c   0x000001e8   Code   RO          539    i.ASR_DetectEndpoints  asr.o
    0x080024f4   0x080024f4   0x0000001c   Code   RO          540    i.ASR_ExtractFeaturesOnly  asr.o
    0x08002510   0x08002510   0x000003a4   Code   RO          541    i.ASR_ExtractMFCCWithDeltas  asr.o
    0x080028b4   0x080028b4   0x000000c8   Code   RO          542    i.ASR_HandleRecognitionResult  asr.o
    0x0800297c   0x0800297c   0x0000009c   Code   RO          543    i.ASR_Init          asr.o
    0x08002a18   0x08002a18   0x000000c6   Code   RO          544    i.ASR_NormalizeMFCC  asr.o
    0x08002ade   0x08002ade   0x00000002   PAD
    0x08002ae0   0x08002ae0   0x000002d4   Code   RO          545    i.ASR_Preprocess    asr.o
    0x08002db4   0x08002db4   0x00000108   Code   RO          546    i.ASR_RecognizeSpeech  asr.o
    0x08002ebc   0x08002ebc   0x000002c0   Code   RO          547    i.ASR_SendCNNTrainingData  asr.o
    0x0800317c   0x0800317c   0x00000034   Code   RO          407    i.DMA2_Stream0_IRQHandler  adc.o
    0x080031b0   0x080031b0   0x00000034   Code   RO         2225    i.DMA_ClearFlag     stm32f4xx_dma.o
    0x080031e4   0x080031e4   0x00000034   Code   RO         2226    i.DMA_ClearITPendingBit  stm32f4xx_dma.o
    0x08003218   0x08003218   0x00000016   Code   RO         2227    i.DMA_Cmd           stm32f4xx_dma.o
    0x0800322e   0x0800322e   0x00000002   PAD
    0x08003230   0x08003230   0x00000158   Code   RO         2228    i.DMA_DeInit        stm32f4xx_dma.o
    0x08003388   0x08003388   0x00000014   Code   RO         2232    i.DMA_GetCmdStatus  stm32f4xx_dma.o
    0x0800339c   0x0800339c   0x00000064   Code   RO         2237    i.DMA_GetITStatus   stm32f4xx_dma.o
    0x08003400   0x08003400   0x0000003a   Code   RO         2238    i.DMA_ITConfig      stm32f4xx_dma.o
    0x0800343a   0x0800343a   0x00000002   PAD
    0x0800343c   0x0800343c   0x00000058   Code   RO         2239    i.DMA_Init          stm32f4xx_dma.o
    0x08003494   0x08003494   0x00000090   Code   RO         3027    i.GPIO_Init         stm32f4xx_gpio.o
    0x08003524   0x08003524   0x00000046   Code   RO         3028    i.GPIO_PinAFConfig  stm32f4xx_gpio.o
    0x0800356a   0x0800356a   0x00000012   Code   RO         3031    i.GPIO_ReadInputDataBit  stm32f4xx_gpio.o
    0x0800357c   0x0800357c   0x00000006   Code   RO         3034    i.GPIO_ResetBits    stm32f4xx_gpio.o
    0x08003582   0x08003582   0x00000004   Code   RO         3035    i.GPIO_SetBits      stm32f4xx_gpio.o
    0x08003586   0x08003586   0x00000012   Code   RO         3036    i.GPIO_StructInit   stm32f4xx_gpio.o
    0x08003598   0x08003598   0x0000001c   Code   RO          453    i.GetKeyNum         key.o
    0x080035b4   0x080035b4   0x00000028   Code   RO          454    i.Key_GetState      key.o
    0x080035dc   0x080035dc   0x0000003c   Code   RO          455    i.Key_Init          key.o
    0x08003618   0x08003618   0x00000050   Code   RO          456    i.Key_Tick          key.o
    0x08003668   0x08003668   0x0000002c   Code   RO          260    i.LED1_Turn         led.o
    0x08003694   0x08003694   0x0000002c   Code   RO          263    i.LED2_Turn         led.o
    0x080036c0   0x080036c0   0x0000004c   Code   RO          264    i.LED_init          led.o
    0x0800370c   0x0800370c   0x00000078   Code   RO          954    i.NVIC_Init         misc.o
    0x08003784   0x08003784   0x00000014   Code   RO          955    i.NVIC_PriorityGroupConfig  misc.o
    0x08003798   0x08003798   0x00000020   Code   RO         3953    i.RCC_AHB1PeriphClockCmd  stm32f4xx_rcc.o
    0x080037b8   0x080037b8   0x00000020   Code   RO         3962    i.RCC_APB1PeriphClockCmd  stm32f4xx_rcc.o
    0x080037d8   0x080037d8   0x00000020   Code   RO         3964    i.RCC_APB1PeriphResetCmd  stm32f4xx_rcc.o
    0x080037f8   0x080037f8   0x00000020   Code   RO         3965    i.RCC_APB2PeriphClockCmd  stm32f4xx_rcc.o
    0x08003818   0x08003818   0x00000020   Code   RO         3967    i.RCC_APB2PeriphResetCmd  stm32f4xx_rcc.o
    0x08003838   0x08003838   0x000000e8   Code   RO         3974    i.RCC_GetClocksFreq  stm32f4xx_rcc.o
    0x08003920   0x08003920   0x0000006c   Code   RO          549    i.Recognition       asr.o
    0x0800398c   0x0800398c   0x000000ac   Code   RO          771    i.SPI1_Init         spi.o
    0x08003a38   0x08003a38   0x00000054   Code   RO          772    i.SPI1_ReadWriteByte  spi.o
    0x08003a8c   0x08003a8c   0x00000028   Code   RO          773    i.SPI1_SetSpeed     spi.o
    0x08003ab4   0x08003ab4   0x00000018   Code   RO         4913    i.SPI_Cmd           stm32f4xx_spi.o
    0x08003acc   0x08003acc   0x00000012   Code   RO         4921    i.SPI_I2S_GetFlagStatus  stm32f4xx_spi.o
    0x08003ade   0x08003ade   0x00000006   Code   RO         4924    i.SPI_I2S_ReceiveData  stm32f4xx_spi.o
    0x08003ae4   0x08003ae4   0x00000004   Code   RO         4925    i.SPI_I2S_SendData  stm32f4xx_spi.o
    0x08003ae8   0x08003ae8   0x0000003c   Code   RO         4926    i.SPI_Init          stm32f4xx_spi.o
    0x08003b24   0x08003b24   0x00000108   Code   RO          318    i.Serial1_Init      serial.o
    0x08003c2c   0x08003c2c   0x000000ec   Code   RO            4    i.SetSysClock       system_stm32f4xx.o
    0x08003d18   0x08003d18   0x00000028   Code   RO          958    i.SysTick_CLKSourceConfig  misc.o
    0x08003d40   0x08003d40   0x00000068   Code   RO            6    i.SystemInit        system_stm32f4xx.o
    0x08003da8   0x08003da8   0x0000002c   Code   RO          148    i.TIM2_IRQHandler   main.o
    0x08003dd4   0x08003dd4   0x00000006   Code   RO         5145    i.TIM_ClearFlag     stm32f4xx_tim.o
    0x08003dda   0x08003dda   0x00000006   Code   RO         5146    i.TIM_ClearITPendingBit  stm32f4xx_tim.o
    0x08003de0   0x08003de0   0x00000018   Code   RO         5151    i.TIM_Cmd           stm32f4xx_tim.o
    0x08003df8   0x08003df8   0x00000022   Code   RO         5172    i.TIM_GetITStatus   stm32f4xx_tim.o
    0x08003e1a   0x08003e1a   0x00000012   Code   RO         5176    i.TIM_ITConfig      stm32f4xx_tim.o
    0x08003e2c   0x08003e2c   0x0000000c   Code   RO         5178    i.TIM_InternalClockConfig  stm32f4xx_tim.o
    0x08003e38   0x08003e38   0x00000012   Code   RO         5209    i.TIM_SelectOutputTrigger  stm32f4xx_tim.o
    0x08003e4a   0x08003e4a   0x00000004   Code   RO         5217    i.TIM_SetCounter    stm32f4xx_tim.o
    0x08003e4e   0x08003e4e   0x00000002   PAD
    0x08003e50   0x08003e50   0x00000084   Code   RO         5223    i.TIM_TimeBaseInit  stm32f4xx_tim.o
    0x08003ed4   0x08003ed4   0x00000078   Code   RO          501    i.Timer2_Init       timer.o
    0x08003f4c   0x08003f4c   0x0000002c   Code   RO          325    i.USART1_IRQHandler  serial.o
    0x08003f78   0x08003f78   0x00000012   Code   RO         5701    i.USART_ClearFlag   stm32f4xx_usart.o
    0x08003f8a   0x08003f8a   0x0000001e   Code   RO         5702    i.USART_ClearITPendingBit  stm32f4xx_usart.o
    0x08003fa8   0x08003fa8   0x00000018   Code   RO         5705    i.USART_Cmd         stm32f4xx_usart.o
    0x08003fc0   0x08003fc0   0x000000f0   Code   RO         5707    i.USART_DeInit      stm32f4xx_usart.o
    0x080040b0   0x080040b0   0x0000001a   Code   RO         5708    i.USART_GetFlagStatus  stm32f4xx_usart.o
    0x080040ca   0x080040ca   0x00000054   Code   RO         5709    i.USART_GetITStatus  stm32f4xx_usart.o
    0x0800411e   0x0800411e   0x0000004a   Code   RO         5711    i.USART_ITConfig    stm32f4xx_usart.o
    0x08004168   0x08004168   0x000000d4   Code   RO         5712    i.USART_Init        stm32f4xx_usart.o
    0x0800423c   0x0800423c   0x0000000a   Code   RO         5719    i.USART_ReceiveData  stm32f4xx_usart.o
    0x08004246   0x08004246   0x00000008   Code   RO         5722    i.USART_SendData    stm32f4xx_usart.o
    0x0800424e   0x0800424e   0x00000018   Code   RO         5728    i.USART_StructInit  stm32f4xx_usart.o
    0x08004266   0x08004266   0x00000002   PAD
    0x08004268   0x08004268   0x000000d0   Code   RO          647    i.W25QXX_Init       w25qxx.o
    0x08004338   0x08004338   0x0000004c   Code   RO          650    i.W25QXX_ReadID     w25qxx.o
    0x08004384   0x08004384   0x00000020   Code   RO         6640    i.__0printf         mc_w.l(printfa.o)
    0x080043a4   0x080043a4   0x00000026   Code   RO         6670    i.__ARM_fpclassifyf  m_wm.l(fpclassifyf.o)
    0x080043ca   0x080043ca   0x00000002   PAD
    0x080043cc   0x080043cc   0x000001e8   Code   RO         6360    i.__hardfp_expf     m_wm.l(expf.o)
    0x080045b4   0x080045b4   0x00000180   Code   RO         6374    i.__hardfp_log10f   m_wm.l(log10f.o)
    0x08004734   0x08004734   0x0000003a   Code   RO         6388    i.__hardfp_sqrtf    m_wm.l(sqrtf_full.o)
    0x0800476e   0x0800476e   0x00000002   PAD
    0x08004770   0x08004770   0x00000014   Code   RO         6672    i.__mathlib_flt_divzero  m_wm.l(funder.o)
    0x08004784   0x08004784   0x00000006   Code   RO         6673    i.__mathlib_flt_infnan  m_wm.l(funder.o)
    0x0800478a   0x0800478a   0x00000002   PAD
    0x0800478c   0x0800478c   0x00000010   Code   RO         6675    i.__mathlib_flt_invalid  m_wm.l(funder.o)
    0x0800479c   0x0800479c   0x00000010   Code   RO         6676    i.__mathlib_flt_overflow  m_wm.l(funder.o)
    0x080047ac   0x080047ac   0x00000010   Code   RO         6678    i.__mathlib_flt_underflow  m_wm.l(funder.o)
    0x080047bc   0x080047bc   0x0000000e   Code   RO         6741    i.__scatterload_copy  mc_w.l(handlers.o)
    0x080047ca   0x080047ca   0x00000002   Code   RO         6742    i.__scatterload_null  mc_w.l(handlers.o)
    0x080047cc   0x080047cc   0x0000000e   Code   RO         6743    i.__scatterload_zeroinit  mc_w.l(handlers.o)
    0x080047da   0x080047da   0x00000002   PAD
    0x080047dc   0x080047dc   0x0000000c   Code   RO         6707    i.__set_errno       mc_w.l(errno.o)
    0x080047e8   0x080047e8   0x00000184   Code   RO         6647    i._fp_digits        mc_w.l(printfa.o)
    0x0800496c   0x0800496c   0x000006dc   Code   RO         6648    i._printf_core      mc_w.l(printfa.o)
    0x08005048   0x08005048   0x00000024   Code   RO         6649    i._printf_post_padding  mc_w.l(printfa.o)
    0x0800506c   0x0800506c   0x0000002e   Code   RO         6650    i._printf_pre_padding  mc_w.l(printfa.o)
    0x0800509a   0x0800509a   0x00000002   PAD
    0x0800509c   0x0800509c   0x00000030   Code   RO          810    i.apply_relu        asr_cnn.o
    0x080050cc   0x080050cc   0x00000084   Code   RO          811    i.batch_normalization  asr_cnn.o
    0x08005150   0x08005150   0x0000002c   Code   RO          904    i.board_init        board.o
    0x0800517c   0x0800517c   0x00000012   Code   RO          907    i.delay_ms          board.o
    0x0800518e   0x0800518e   0x00000002   PAD
    0x08005190   0x08005190   0x00000054   Code   RO          908    i.delay_us          board.o
    0x080051e4   0x080051e4   0x0000007e   Code   RO          812    i.dense_layer       asr_cnn.o
    0x08005262   0x08005262   0x00000002   PAD
    0x08005264   0x08005264   0x00000024   Code   RO          326    i.fputc             serial.o
    0x08005288   0x08005288   0x0000002c   Code   RO          149    i.main              main.o
    0x080052b4   0x080052b4   0x00000088   Code   RO          813    i.softmax           asr_cnn.o
    0x0800533c   0x0800533c   0x000017fe   Data   RO          551    .constdata          asr.o
    0x08006b3a   0x08006b3a   0x00000002   PAD
    0x08006b3c   0x08006b3c   0x0002558c   Data   RO          875    .constdata          speech_model.o
    0x0802c0c8   0x0802c0c8   0x00000080   Data   RO         6254    .constdata          arm_cortexM4lf_math.lib(arm_common_tables.o)
    0x0802c148   0x0802c148   0x00000100   Data   RO         6255    .constdata          arm_cortexM4lf_math.lib(arm_common_tables.o)
    0x0802c248   0x0802c248   0x00000200   Data   RO         6256    .constdata          arm_cortexM4lf_math.lib(arm_common_tables.o)
    0x0802c448   0x0802c448   0x00000400   Data   RO         6257    .constdata          arm_cortexM4lf_math.lib(arm_common_tables.o)
    0x0802c848   0x0802c848   0x00000800   Data   RO         6258    .constdata          arm_cortexM4lf_math.lib(arm_common_tables.o)
    0x0802d048   0x0802d048   0x00001000   Data   RO         6259    .constdata          arm_cortexM4lf_math.lib(arm_common_tables.o)
    0x0802e048   0x0802e048   0x00002000   Data   RO         6260    .constdata          arm_cortexM4lf_math.lib(arm_common_tables.o)
    0x08030048   0x08030048   0x00004000   Data   RO         6261    .constdata          arm_cortexM4lf_math.lib(arm_common_tables.o)
    0x08034048   0x08034048   0x00000028   Data   RO         6283    .constdata          arm_cortexM4lf_math.lib(arm_common_tables.o)
    0x08034070   0x08034070   0x00000060   Data   RO         6284    .constdata          arm_cortexM4lf_math.lib(arm_common_tables.o)
    0x080340d0   0x080340d0   0x00000070   Data   RO         6285    .constdata          arm_cortexM4lf_math.lib(arm_common_tables.o)
    0x08034140   0x08034140   0x000001a0   Data   RO         6286    .constdata          arm_cortexM4lf_math.lib(arm_common_tables.o)
    0x080342e0   0x080342e0   0x00000370   Data   RO         6287    .constdata          arm_cortexM4lf_math.lib(arm_common_tables.o)
    0x08034650   0x08034650   0x00000380   Data   RO         6288    .constdata          arm_cortexM4lf_math.lib(arm_common_tables.o)
    0x080349d0   0x080349d0   0x00000e10   Data   RO         6289    .constdata          arm_cortexM4lf_math.lib(arm_common_tables.o)
    0x080357e0   0x080357e0   0x00001dc0   Data   RO         6290    .constdata          arm_cortexM4lf_math.lib(arm_common_tables.o)
    0x080375a0   0x080375a0   0x00000080   Data   RO         6301    .constdata          arm_cortexM4lf_math.lib(arm_common_tables.o)
    0x08037620   0x08037620   0x00000100   Data   RO         6302    .constdata          arm_cortexM4lf_math.lib(arm_common_tables.o)
    0x08037720   0x08037720   0x00000200   Data   RO         6303    .constdata          arm_cortexM4lf_math.lib(arm_common_tables.o)
    0x08037920   0x08037920   0x00000400   Data   RO         6304    .constdata          arm_cortexM4lf_math.lib(arm_common_tables.o)
    0x08037d20   0x08037d20   0x00000800   Data   RO         6305    .constdata          arm_cortexM4lf_math.lib(arm_common_tables.o)
    0x08038520   0x08038520   0x00001000   Data   RO         6306    .constdata          arm_cortexM4lf_math.lib(arm_common_tables.o)
    0x08039520   0x08039520   0x00002000   Data   RO         6307    .constdata          arm_cortexM4lf_math.lib(arm_common_tables.o)
    0x0803b520   0x0803b520   0x00004000   Data   RO         6308    .constdata          arm_cortexM4lf_math.lib(arm_common_tables.o)
    0x0803f520   0x0803f520   0x00000804   Data   RO         6309    .constdata          arm_cortexM4lf_math.lib(arm_common_tables.o)
    0x0803fd24   0x0803fd24   0x00000030   Data   RO         6363    .constdata          m_wm.l(expf.o)
    0x0803fd54   0x0803fd54   0x00000040   Data   RO         6377    .constdata          m_wm.l(log10f.o)
    0x0803fd94   0x0803fd94   0x0000000d   Data   RO          876    .conststring        speech_model.o
    0x0803fda1   0x0803fda1   0x00000003   PAD
    0x0803fda4   0x0803fda4   0x00000020   Data   RO         6739    Region$$Table       anon$$obj.o


    Execution Region RW_IRAM1 (Exec base: 0x20000000, Load base: 0x0803fdc4, Size: 0x00014e30, Max: 0x00020000, ABSOLUTE)

    Exec Addr    Load Addr    Size         Type   Attr      Idx    E Section Name        Object

    0x20000000   0x0803fdc4   0x00000014   Data   RW            7    .data               system_stm32f4xx.o
    0x20000014   0x0803fdd8   0x00000004   Data   RW          409    .data               adc.o
    0x20000018   0x0803fddc   0x00000004   Data   RW          457    .data               key.o
    0x2000001c   0x0803fde0   0x00000004   Data   RW          503    .data               timer.o
    0x20000020   0x0803fde4   0x00000005   Data   RW          552    .data               asr.o
    0x20000025   0x0803fde9   0x00000001   PAD
    0x20000026   0x0803fdea   0x00000002   Data   RW          662    .data               w25qxx.o
    0x20000028   0x0803fdec   0x0000000c   Data   RW          877    .data               speech_model.o
    0x20000034   0x0803fdf8   0x00000010   Data   RW         4006    .data               stm32f4xx_rcc.o
    0x20000044   0x0803fe08   0x00000004   Data   RW         6700    .data               mc_w.l(stdout.o)
    0x20000048   0x0803fe0c   0x00000004   Data   RW         6708    .data               mc_w.l(errno.o)
    0x2000004c        -       0x00003e80   Zero   RW          408    .bss                adc.o
    0x20003ecc        -       0x0000f84c   Zero   RW          550    .bss                asr.o
    0x20013718        -       0x00001314   Zero   RW          814    .bss                asr_cnn.o
    0x20014a2c   0x0803fe10   0x00000004   PAD
    0x20014a30        -       0x00000400   Zero   RW          248    STACK               startup_stm32f40xx.o


==============================================================================

Image component sizes


      Code (inc. data)   RO Data    RW Data    ZI Data      Debug   Object Name

       664         64          0          4      16000       3428   adc.o
      4230       1254       6142          5      63564      13850   asr.o
       854        116          0          0       4884       6386   asr_cnn.o
       146         16          0          0          0       1755   board.o
       208         30          0          4          0       2814   key.o
       164         18          0          0          0       1571   led.o
        88          6          0          0          0      14405   main.o
       180         24          0          0          0       2509   misc.o
       344         22          0          0          0       3823   serial.o
         0          0     152985         12          0       1330   speech_model.o
       296         20          0          0          0       1961   spi.o
        36          8        392          0       1024        972   startup_stm32f40xx.o
       360         24          0          0          0       4982   stm32f4xx_adc.o
       736         72          0          0          0       7302   stm32f4xx_dma.o
       260          0          0          0          0       4785   stm32f4xx_gpio.o
       392         48          0         16          0       6625   stm32f4xx_rcc.o
       112          0          0          0          0       4114   stm32f4xx_spi.o
       254         28          0          0          0       6911   stm32f4xx_tim.o
       750         42          0          0          0       9147   stm32f4xx_usart.o
       340         32          0         20          0     329229   system_stm32f4xx.o
       120          0          0          4          0       1171   timer.o
       284        100          0          2          0       1943   w25qxx.o

    ----------------------------------------------------------------------
     10836       1924     159556         68      85476     431013   Object Totals
         0          0         32          0          0          0   (incl. Generated)
        18          0          5          1          4          0   (incl. Padding)

    ----------------------------------------------------------------------

      Code (inc. data)   RO Data    RW Data    ZI Data      Debug   Library Member Name

       192          0          0          0          0        528   arm_bitreversal2.o
      1826          0          0          0          0       3577   arm_cfft_f32.o
      1244          4          0          0          0       2395   arm_cfft_radix8_f32.o
         0          0      80988          0          0       4636   arm_common_tables.o
       132          0          0          0          0        775   arm_copy_f32.o
       120         12          0          0          0        654   arm_cos_f32.o
         8          0          0          0          0        843   arm_mat_init_f32.o
       316          4          0          0          0       1627   arm_mat_mult_f32.o
       216          0          0          0          0       1286   arm_max_f32.o
       144          6          0          0          0        783   arm_mean_f32.o
       210          0          0          0          0      17267   arm_mult_f32.o
       402          0          0          0          0       2316   arm_rfft_fast_f32.o
       296         98          0          0          0       1137   arm_rfft_fast_init_f32.o
       152          0          0          0          0        808   arm_scale_f32.o
       488         62         48          0          0        236   expf.o
        38          0          0          0          0        116   fpclassifyf.o
        74         24          0          0          0        580   funder.o
       384         52         64          0          0        140   log10f.o
        58          0          0          0          0        136   sqrtf_full.o
         0          0          0          0          0          0   entry.o
         0          0          0          0          0          0   entry10a.o
         0          0          0          0          0          0   entry11a.o
         8          4          0          0          0          0   entry2.o
         4          0          0          0          0          0   entry5.o
         0          0          0          0          0          0   entry7b.o
         0          0          0          0          0          0   entry8b.o
         8          4          0          0          0          0   entry9a.o
        12          6          0          4          0         68   errno.o
        30          0          0          0          0          0   handlers.o
        36          8          0          0          0         68   init.o
         0          0          0          0          0          0   iusefp.o
        30          0          0          0          0         68   llshl.o
        36          0          0          0          0         68   llsshr.o
        32          0          0          0          0         68   llushr.o
        36          0          0          0          0        108   memseta.o
      2258         90          0          0          0        452   printfa.o
         0          0          0          4          0          0   stdout.o
        28          0          0          0          0         76   strcmp.o
        44          0          0          0          0         80   uidiv.o
        98          0          0          0          0         92   uldiv.o
        48          0          0          0          0         68   cdrcmple.o
       334          0          0          0          0        148   dadd.o
       222          0          0          0          0        100   ddiv.o
       186          0          0          0          0        176   depilogue.o
        48          0          0          0          0         68   dfixul.o
       228          0          0          0          0         96   dmul.o
        38          0          0          0          0         68   f2d.o

    ----------------------------------------------------------------------
     10080        374      81100          8          0      41712   Library Totals
        16          0          0          0          0          0   (incl. Padding)

    ----------------------------------------------------------------------

      Code (inc. data)   RO Data    RW Data    ZI Data      Debug   Library Name

      5258        124      80988          0          0      38632   arm_cortexM4lf_math.lib
      1042        138        112          0          0       1208   m_wm.l
      2660        112          0          8          0       1148   mc_w.l
      1104          0          0          0          0        724   mf_w.l

    ----------------------------------------------------------------------
     10080        374      81100          8          0      41712   Library Totals

    ----------------------------------------------------------------------

==============================================================================


      Code (inc. data)   RO Data    RW Data    ZI Data      Debug   

     20916       2298     240656         76      85476     461045   Grand Totals
     20916       2298     240656         76      85476     461045   ELF Image Totals
     20916       2298     240656         76          0          0   ROM Totals

==============================================================================

    Total RO  Size (Code + RO Data)               261572 ( 255.44kB)
    Total RW  Size (RW Data + ZI Data)             85552 (  83.55kB)
    Total ROM Size (Code + RO Data + RW Data)     261648 ( 255.52kB)

==============================================================================

